ARM GAS  C:\Users\Nathan\AppData\Local\Temp\ccLGWBE0.s 			page 1


   1              		.syntax unified
   2              		.cpu cortex-m3
   3              		.fpu softvfp
   4              		.eabi_attribute 20, 1
   5              		.eabi_attribute 21, 1
   6              		.eabi_attribute 23, 3
   7              		.eabi_attribute 24, 1
   8              		.eabi_attribute 25, 1
   9              		.eabi_attribute 26, 1
  10              		.eabi_attribute 30, 1
  11              		.eabi_attribute 34, 1
  12              		.eabi_attribute 18, 4
  13              		.thumb
  14              		.syntax unified
  15              		.file	"emFile_1_PM.c"
  16              		.text
  17              	.Ltext0:
  18              		.cfi_sections	.debug_frame
  19              		.section	.text.emFile_1_SaveConfig,"ax",%progbits
  20              		.align	2
  21              		.global	emFile_1_SaveConfig
  22              		.thumb
  23              		.thumb_func
  24              		.type	emFile_1_SaveConfig, %function
  25              	emFile_1_SaveConfig:
  26              	.LFB63:
  27              		.file 1 "Generated_Source\\PSoC5\\emFile_1_PM.c"
   1:Generated_Source\PSoC5/emFile_1_PM.c **** /*******************************************************************************
   2:Generated_Source\PSoC5/emFile_1_PM.c **** * File Name: emFile_1_PM.c
   3:Generated_Source\PSoC5/emFile_1_PM.c **** * Version 1.20
   4:Generated_Source\PSoC5/emFile_1_PM.c **** *
   5:Generated_Source\PSoC5/emFile_1_PM.c **** * Description:
   6:Generated_Source\PSoC5/emFile_1_PM.c **** *  This file provides the API source code for Power Management of the emFile
   7:Generated_Source\PSoC5/emFile_1_PM.c **** *  component.
   8:Generated_Source\PSoC5/emFile_1_PM.c **** *
   9:Generated_Source\PSoC5/emFile_1_PM.c **** * Note:
  10:Generated_Source\PSoC5/emFile_1_PM.c **** *
  11:Generated_Source\PSoC5/emFile_1_PM.c **** *******************************************************************************
  12:Generated_Source\PSoC5/emFile_1_PM.c **** * Copyright 2011-2012, Cypress Semiconductor Corporation.  All rights reserved.
  13:Generated_Source\PSoC5/emFile_1_PM.c **** * You may use this file only in accordance with the license, terms, conditions,
  14:Generated_Source\PSoC5/emFile_1_PM.c **** * disclaimers, and limitations in the end user license agreement accompanying
  15:Generated_Source\PSoC5/emFile_1_PM.c **** * the software package with which this file was provided.
  16:Generated_Source\PSoC5/emFile_1_PM.c **** *******************************************************************************/
  17:Generated_Source\PSoC5/emFile_1_PM.c **** 
  18:Generated_Source\PSoC5/emFile_1_PM.c **** #include <project.h>
  19:Generated_Source\PSoC5/emFile_1_PM.c **** #include "emFile_1.h"
  20:Generated_Source\PSoC5/emFile_1_PM.c **** 
  21:Generated_Source\PSoC5/emFile_1_PM.c **** 
  22:Generated_Source\PSoC5/emFile_1_PM.c **** /*******************************************************************************
  23:Generated_Source\PSoC5/emFile_1_PM.c **** * Function Name: emFile_1_SaveConfig
  24:Generated_Source\PSoC5/emFile_1_PM.c **** ********************************************************************************
  25:Generated_Source\PSoC5/emFile_1_PM.c **** *
  26:Generated_Source\PSoC5/emFile_1_PM.c **** * Summary:
  27:Generated_Source\PSoC5/emFile_1_PM.c **** *  Saves SPI Masters configuration.
  28:Generated_Source\PSoC5/emFile_1_PM.c **** *
  29:Generated_Source\PSoC5/emFile_1_PM.c **** * Parameters:
  30:Generated_Source\PSoC5/emFile_1_PM.c **** *  None
ARM GAS  C:\Users\Nathan\AppData\Local\Temp\ccLGWBE0.s 			page 2


  31:Generated_Source\PSoC5/emFile_1_PM.c **** *
  32:Generated_Source\PSoC5/emFile_1_PM.c **** * Return:
  33:Generated_Source\PSoC5/emFile_1_PM.c **** *  None
  34:Generated_Source\PSoC5/emFile_1_PM.c **** *
  35:Generated_Source\PSoC5/emFile_1_PM.c **** * Reentrant:
  36:Generated_Source\PSoC5/emFile_1_PM.c **** *  No
  37:Generated_Source\PSoC5/emFile_1_PM.c **** *
  38:Generated_Source\PSoC5/emFile_1_PM.c **** *******************************************************************************/
  39:Generated_Source\PSoC5/emFile_1_PM.c **** void emFile_1_SaveConfig(void) 
  40:Generated_Source\PSoC5/emFile_1_PM.c **** {
  28              		.loc 1 40 0
  29              		.cfi_startproc
  30              		@ args = 0, pretend = 0, frame = 0
  31              		@ frame_needed = 0, uses_anonymous_args = 0
  32 0000 08B5     		push	{r3, lr}
  33              		.cfi_def_cfa_offset 8
  34              		.cfi_offset 3, -8
  35              		.cfi_offset 14, -4
  41:Generated_Source\PSoC5/emFile_1_PM.c ****     #if(emFile_1_NUMBER_SD_CARDS == 4u)
  42:Generated_Source\PSoC5/emFile_1_PM.c ****         emFile_1_SPI0_SaveConfig();
  43:Generated_Source\PSoC5/emFile_1_PM.c ****         emFile_1_SPI1_SaveConfig();
  44:Generated_Source\PSoC5/emFile_1_PM.c ****         emFile_1_SPI2_SaveConfig();
  45:Generated_Source\PSoC5/emFile_1_PM.c ****         emFile_1_SPI3_SaveConfig();
  46:Generated_Source\PSoC5/emFile_1_PM.c ****     #elif(emFile_1_NUMBER_SD_CARDS == 3u)
  47:Generated_Source\PSoC5/emFile_1_PM.c ****         emFile_1_SPI0_SaveConfig();
  48:Generated_Source\PSoC5/emFile_1_PM.c ****         emFile_1_SPI1_SaveConfig();
  49:Generated_Source\PSoC5/emFile_1_PM.c ****         emFile_1_SPI2_SaveConfig();
  50:Generated_Source\PSoC5/emFile_1_PM.c ****     #elif(emFile_1_NUMBER_SD_CARDS == 2u)
  51:Generated_Source\PSoC5/emFile_1_PM.c ****         emFile_1_SPI0_SaveConfig();
  52:Generated_Source\PSoC5/emFile_1_PM.c ****         emFile_1_SPI1_SaveConfig();
  53:Generated_Source\PSoC5/emFile_1_PM.c ****     #else
  54:Generated_Source\PSoC5/emFile_1_PM.c ****         emFile_1_SPI0_SaveConfig();
  36              		.loc 1 54 0
  37 0002 FFF7FEFF 		bl	emFile_1_SPI0_SaveConfig
  38              	.LVL0:
  39 0006 08BD     		pop	{r3, pc}
  40              		.cfi_endproc
  41              	.LFE63:
  42              		.size	emFile_1_SaveConfig, .-emFile_1_SaveConfig
  43              		.section	.text.emFile_1_RestoreConfig,"ax",%progbits
  44              		.align	2
  45              		.global	emFile_1_RestoreConfig
  46              		.thumb
  47              		.thumb_func
  48              		.type	emFile_1_RestoreConfig, %function
  49              	emFile_1_RestoreConfig:
  50              	.LFB64:
  55:Generated_Source\PSoC5/emFile_1_PM.c ****     #endif /* (emFile_1_NUMBER_SD_CARDS == 4u) */
  56:Generated_Source\PSoC5/emFile_1_PM.c **** }
  57:Generated_Source\PSoC5/emFile_1_PM.c **** 
  58:Generated_Source\PSoC5/emFile_1_PM.c **** 
  59:Generated_Source\PSoC5/emFile_1_PM.c **** /*******************************************************************************
  60:Generated_Source\PSoC5/emFile_1_PM.c **** * Function Name: emFile_1_RestoreConfig
  61:Generated_Source\PSoC5/emFile_1_PM.c **** ********************************************************************************
  62:Generated_Source\PSoC5/emFile_1_PM.c **** *
  63:Generated_Source\PSoC5/emFile_1_PM.c **** * Summary:
  64:Generated_Source\PSoC5/emFile_1_PM.c **** *  Restores SPI Masters configuration.
ARM GAS  C:\Users\Nathan\AppData\Local\Temp\ccLGWBE0.s 			page 3


  65:Generated_Source\PSoC5/emFile_1_PM.c **** *
  66:Generated_Source\PSoC5/emFile_1_PM.c **** * Parameters:
  67:Generated_Source\PSoC5/emFile_1_PM.c **** *  None
  68:Generated_Source\PSoC5/emFile_1_PM.c **** *
  69:Generated_Source\PSoC5/emFile_1_PM.c **** * Return:
  70:Generated_Source\PSoC5/emFile_1_PM.c **** *  None
  71:Generated_Source\PSoC5/emFile_1_PM.c **** *
  72:Generated_Source\PSoC5/emFile_1_PM.c **** * Side Effects:
  73:Generated_Source\PSoC5/emFile_1_PM.c **** *  If this API is called without first calling SaveConfig then in the following
  74:Generated_Source\PSoC5/emFile_1_PM.c **** *  registers will be default values from Customizer:
  75:Generated_Source\PSoC5/emFile_1_PM.c **** *
  76:Generated_Source\PSoC5/emFile_1_PM.c **** *******************************************************************************/
  77:Generated_Source\PSoC5/emFile_1_PM.c **** void emFile_1_RestoreConfig(void) 
  78:Generated_Source\PSoC5/emFile_1_PM.c **** {
  51              		.loc 1 78 0
  52              		.cfi_startproc
  53              		@ args = 0, pretend = 0, frame = 0
  54              		@ frame_needed = 0, uses_anonymous_args = 0
  55 0000 08B5     		push	{r3, lr}
  56              		.cfi_def_cfa_offset 8
  57              		.cfi_offset 3, -8
  58              		.cfi_offset 14, -4
  79:Generated_Source\PSoC5/emFile_1_PM.c ****     #if(emFile_1_NUMBER_SD_CARDS == 4u)
  80:Generated_Source\PSoC5/emFile_1_PM.c ****         emFile_1_SPI0_RestoreConfig();
  81:Generated_Source\PSoC5/emFile_1_PM.c ****         emFile_1_SPI1_RestoreConfig();
  82:Generated_Source\PSoC5/emFile_1_PM.c ****         emFile_1_SPI2_RestoreConfig();
  83:Generated_Source\PSoC5/emFile_1_PM.c ****         emFile_1_SPI3_RestoreConfig();
  84:Generated_Source\PSoC5/emFile_1_PM.c ****     #elif(emFile_1_NUMBER_SD_CARDS == 3u)
  85:Generated_Source\PSoC5/emFile_1_PM.c ****         emFile_1_SPI0_SaveConfig();
  86:Generated_Source\PSoC5/emFile_1_PM.c ****         emFile_1_SPI1_SaveConfig();
  87:Generated_Source\PSoC5/emFile_1_PM.c ****         emFile_1_SPI2_SaveConfig();
  88:Generated_Source\PSoC5/emFile_1_PM.c ****     #elif(emFile_1_NUMBER_SD_CARDS == 2u)
  89:Generated_Source\PSoC5/emFile_1_PM.c ****         emFile_1_SPI0_SaveConfig();
  90:Generated_Source\PSoC5/emFile_1_PM.c ****         emFile_1_SPI1_SaveConfig();
  91:Generated_Source\PSoC5/emFile_1_PM.c ****     #else
  92:Generated_Source\PSoC5/emFile_1_PM.c ****         emFile_1_SPI0_SaveConfig();
  59              		.loc 1 92 0
  60 0002 FFF7FEFF 		bl	emFile_1_SPI0_SaveConfig
  61              	.LVL1:
  62 0006 08BD     		pop	{r3, pc}
  63              		.cfi_endproc
  64              	.LFE64:
  65              		.size	emFile_1_RestoreConfig, .-emFile_1_RestoreConfig
  66              		.section	.text.emFile_1_Sleep,"ax",%progbits
  67              		.align	2
  68              		.global	emFile_1_Sleep
  69              		.thumb
  70              		.thumb_func
  71              		.type	emFile_1_Sleep, %function
  72              	emFile_1_Sleep:
  73              	.LFB65:
  93:Generated_Source\PSoC5/emFile_1_PM.c ****     #endif /* (emFile_1_NUMBER_SD_CARDS == 4u) */
  94:Generated_Source\PSoC5/emFile_1_PM.c **** }
  95:Generated_Source\PSoC5/emFile_1_PM.c **** 
  96:Generated_Source\PSoC5/emFile_1_PM.c **** 
  97:Generated_Source\PSoC5/emFile_1_PM.c **** /*******************************************************************************
  98:Generated_Source\PSoC5/emFile_1_PM.c **** * Function Name: emFile_1_Sleep
ARM GAS  C:\Users\Nathan\AppData\Local\Temp\ccLGWBE0.s 			page 4


  99:Generated_Source\PSoC5/emFile_1_PM.c **** ********************************************************************************
 100:Generated_Source\PSoC5/emFile_1_PM.c **** *
 101:Generated_Source\PSoC5/emFile_1_PM.c **** * Summary:
 102:Generated_Source\PSoC5/emFile_1_PM.c **** *  Prepare emFile to go to sleep.
 103:Generated_Source\PSoC5/emFile_1_PM.c **** *
 104:Generated_Source\PSoC5/emFile_1_PM.c **** * Parameters:
 105:Generated_Source\PSoC5/emFile_1_PM.c **** *  None
 106:Generated_Source\PSoC5/emFile_1_PM.c **** *
 107:Generated_Source\PSoC5/emFile_1_PM.c **** * Return:
 108:Generated_Source\PSoC5/emFile_1_PM.c **** *  None
 109:Generated_Source\PSoC5/emFile_1_PM.c **** *
 110:Generated_Source\PSoC5/emFile_1_PM.c **** * Reentrant:
 111:Generated_Source\PSoC5/emFile_1_PM.c **** *  No
 112:Generated_Source\PSoC5/emFile_1_PM.c **** *
 113:Generated_Source\PSoC5/emFile_1_PM.c **** *******************************************************************************/
 114:Generated_Source\PSoC5/emFile_1_PM.c **** void emFile_1_Sleep(void) 
 115:Generated_Source\PSoC5/emFile_1_PM.c **** {
  74              		.loc 1 115 0
  75              		.cfi_startproc
  76              		@ args = 0, pretend = 0, frame = 0
  77              		@ frame_needed = 0, uses_anonymous_args = 0
  78 0000 08B5     		push	{r3, lr}
  79              		.cfi_def_cfa_offset 8
  80              		.cfi_offset 3, -8
  81              		.cfi_offset 14, -4
 116:Generated_Source\PSoC5/emFile_1_PM.c ****     #if(emFile_1_NUMBER_SD_CARDS == 4u)
 117:Generated_Source\PSoC5/emFile_1_PM.c ****         emFile_1_SPI0_Sleep();
 118:Generated_Source\PSoC5/emFile_1_PM.c ****         emFile_1_SPI1_Sleep();
 119:Generated_Source\PSoC5/emFile_1_PM.c ****         emFile_1_SPI2_Sleep();
 120:Generated_Source\PSoC5/emFile_1_PM.c ****         emFile_1_SPI3_Sleep();
 121:Generated_Source\PSoC5/emFile_1_PM.c ****     #elif(emFile_1_NUMBER_SD_CARDS == 3u)
 122:Generated_Source\PSoC5/emFile_1_PM.c ****         emFile_1_SPI0_Sleep();
 123:Generated_Source\PSoC5/emFile_1_PM.c ****         emFile_1_SPI1_Sleep();
 124:Generated_Source\PSoC5/emFile_1_PM.c ****         emFile_1_SPI2_Sleep();
 125:Generated_Source\PSoC5/emFile_1_PM.c ****     #elif(emFile_1_NUMBER_SD_CARDS == 2u)
 126:Generated_Source\PSoC5/emFile_1_PM.c ****         emFile_1_SPI0_Sleep();
 127:Generated_Source\PSoC5/emFile_1_PM.c ****         emFile_1_SPI1_Sleep();
 128:Generated_Source\PSoC5/emFile_1_PM.c ****     #else
 129:Generated_Source\PSoC5/emFile_1_PM.c ****         emFile_1_SPI0_Sleep();
  82              		.loc 1 129 0
  83 0002 FFF7FEFF 		bl	emFile_1_SPI0_Sleep
  84              	.LVL2:
  85 0006 08BD     		pop	{r3, pc}
  86              		.cfi_endproc
  87              	.LFE65:
  88              		.size	emFile_1_Sleep, .-emFile_1_Sleep
  89              		.section	.text.emFile_1_Wakeup,"ax",%progbits
  90              		.align	2
  91              		.global	emFile_1_Wakeup
  92              		.thumb
  93              		.thumb_func
  94              		.type	emFile_1_Wakeup, %function
  95              	emFile_1_Wakeup:
  96              	.LFB66:
 130:Generated_Source\PSoC5/emFile_1_PM.c ****     #endif /* (emFile_1_NUMBER_SD_CARDS == 4u) */
 131:Generated_Source\PSoC5/emFile_1_PM.c **** }
 132:Generated_Source\PSoC5/emFile_1_PM.c **** 
ARM GAS  C:\Users\Nathan\AppData\Local\Temp\ccLGWBE0.s 			page 5


 133:Generated_Source\PSoC5/emFile_1_PM.c **** 
 134:Generated_Source\PSoC5/emFile_1_PM.c **** /*******************************************************************************
 135:Generated_Source\PSoC5/emFile_1_PM.c **** * Function Name: emFile_1_Wakeup
 136:Generated_Source\PSoC5/emFile_1_PM.c **** ********************************************************************************
 137:Generated_Source\PSoC5/emFile_1_PM.c **** *
 138:Generated_Source\PSoC5/emFile_1_PM.c **** * Summary:
 139:Generated_Source\PSoC5/emFile_1_PM.c **** *  Prepare SPIM Components to wake up.
 140:Generated_Source\PSoC5/emFile_1_PM.c **** *
 141:Generated_Source\PSoC5/emFile_1_PM.c **** * Parameters:
 142:Generated_Source\PSoC5/emFile_1_PM.c **** *  None
 143:Generated_Source\PSoC5/emFile_1_PM.c **** *
 144:Generated_Source\PSoC5/emFile_1_PM.c **** * Return:
 145:Generated_Source\PSoC5/emFile_1_PM.c **** *  None
 146:Generated_Source\PSoC5/emFile_1_PM.c **** *
 147:Generated_Source\PSoC5/emFile_1_PM.c **** * Reentrant:
 148:Generated_Source\PSoC5/emFile_1_PM.c **** *  No
 149:Generated_Source\PSoC5/emFile_1_PM.c **** *
 150:Generated_Source\PSoC5/emFile_1_PM.c **** *******************************************************************************/
 151:Generated_Source\PSoC5/emFile_1_PM.c **** void emFile_1_Wakeup(void) 
 152:Generated_Source\PSoC5/emFile_1_PM.c **** {
  97              		.loc 1 152 0
  98              		.cfi_startproc
  99              		@ args = 0, pretend = 0, frame = 0
 100              		@ frame_needed = 0, uses_anonymous_args = 0
 101 0000 08B5     		push	{r3, lr}
 102              		.cfi_def_cfa_offset 8
 103              		.cfi_offset 3, -8
 104              		.cfi_offset 14, -4
 153:Generated_Source\PSoC5/emFile_1_PM.c ****     #if(emFile_1_NUMBER_SD_CARDS == 4u)
 154:Generated_Source\PSoC5/emFile_1_PM.c ****         emFile_1_SPI0_Wakeup();
 155:Generated_Source\PSoC5/emFile_1_PM.c ****         emFile_1_SPI1_Wakeup();
 156:Generated_Source\PSoC5/emFile_1_PM.c ****         emFile_1_SPI2_Wakeup();
 157:Generated_Source\PSoC5/emFile_1_PM.c ****         emFile_1_SPI3_Wakeup();
 158:Generated_Source\PSoC5/emFile_1_PM.c ****     #elif(emFile_1_NUMBER_SD_CARDS == 3u)
 159:Generated_Source\PSoC5/emFile_1_PM.c ****         emFile_1_SPI0_Wakeup();
 160:Generated_Source\PSoC5/emFile_1_PM.c ****         emFile_1_SPI1_Wakeup();
 161:Generated_Source\PSoC5/emFile_1_PM.c ****         emFile_1_SPI2_Wakeup();
 162:Generated_Source\PSoC5/emFile_1_PM.c ****     #elif(emFile_1_NUMBER_SD_CARDS == 2u)
 163:Generated_Source\PSoC5/emFile_1_PM.c ****         emFile_1_SPI0_Wakeup();
 164:Generated_Source\PSoC5/emFile_1_PM.c ****         emFile_1_SPI1_Wakeup();
 165:Generated_Source\PSoC5/emFile_1_PM.c ****     #else
 166:Generated_Source\PSoC5/emFile_1_PM.c ****         emFile_1_SPI0_Wakeup();
 105              		.loc 1 166 0
 106 0002 FFF7FEFF 		bl	emFile_1_SPI0_Wakeup
 107              	.LVL3:
 108 0006 08BD     		pop	{r3, pc}
 109              		.cfi_endproc
 110              	.LFE66:
 111              		.size	emFile_1_Wakeup, .-emFile_1_Wakeup
 112              		.text
 113              	.Letext0:
 114              		.file 2 "c:\\program files (x86)\\cypress\\psoc creator\\4.2\\psoc creator\\import\\gnu\\arm\\5.4.
 115              		.file 3 "c:\\program files (x86)\\cypress\\psoc creator\\4.2\\psoc creator\\import\\gnu\\arm\\5.4.
 116              		.file 4 "Generated_Source\\PSoC5/emFile_1_SPI0.h"
 117              		.file 5 "Generated_Source\\PSoC5/core_cm3.h"
 118              		.section	.debug_info,"",%progbits
 119              	.Ldebug_info0:
ARM GAS  C:\Users\Nathan\AppData\Local\Temp\ccLGWBE0.s 			page 6


 120 0000 4F010000 		.4byte	0x14f
 121 0004 0400     		.2byte	0x4
 122 0006 00000000 		.4byte	.Ldebug_abbrev0
 123 000a 04       		.byte	0x4
 124 000b 01       		.uleb128 0x1
 125 000c 59000000 		.4byte	.LASF23
 126 0010 0C       		.byte	0xc
 127 0011 00000000 		.4byte	.LASF24
 128 0015 E1010000 		.4byte	.LASF25
 129 0019 00000000 		.4byte	.Ldebug_ranges0+0
 130 001d 00000000 		.4byte	0
 131 0021 00000000 		.4byte	.Ldebug_line0
 132 0025 02       		.uleb128 0x2
 133 0026 01       		.byte	0x1
 134 0027 06       		.byte	0x6
 135 0028 A4010000 		.4byte	.LASF0
 136 002c 02       		.uleb128 0x2
 137 002d 01       		.byte	0x1
 138 002e 08       		.byte	0x8
 139 002f 29010000 		.4byte	.LASF1
 140 0033 02       		.uleb128 0x2
 141 0034 02       		.byte	0x2
 142 0035 05       		.byte	0x5
 143 0036 64010000 		.4byte	.LASF2
 144 003a 02       		.uleb128 0x2
 145 003b 02       		.byte	0x2
 146 003c 07       		.byte	0x7
 147 003d 25000000 		.4byte	.LASF3
 148 0041 03       		.uleb128 0x3
 149 0042 BC010000 		.4byte	.LASF9
 150 0046 02       		.byte	0x2
 151 0047 3F       		.byte	0x3f
 152 0048 4C000000 		.4byte	0x4c
 153 004c 02       		.uleb128 0x2
 154 004d 04       		.byte	0x4
 155 004e 05       		.byte	0x5
 156 004f 5B010000 		.4byte	.LASF4
 157 0053 02       		.uleb128 0x2
 158 0054 04       		.byte	0x4
 159 0055 07       		.byte	0x7
 160 0056 00010000 		.4byte	.LASF5
 161 005a 02       		.uleb128 0x2
 162 005b 08       		.byte	0x8
 163 005c 05       		.byte	0x5
 164 005d 75010000 		.4byte	.LASF6
 165 0061 02       		.uleb128 0x2
 166 0062 08       		.byte	0x8
 167 0063 07       		.byte	0x7
 168 0064 12010000 		.4byte	.LASF7
 169 0068 04       		.uleb128 0x4
 170 0069 04       		.byte	0x4
 171 006a 05       		.byte	0x5
 172 006b 696E7400 		.ascii	"int\000"
 173 006f 02       		.uleb128 0x2
 174 0070 04       		.byte	0x4
 175 0071 07       		.byte	0x7
 176 0072 38000000 		.4byte	.LASF8
ARM GAS  C:\Users\Nathan\AppData\Local\Temp\ccLGWBE0.s 			page 7


 177 0076 03       		.uleb128 0x3
 178 0077 29020000 		.4byte	.LASF10
 179 007b 03       		.byte	0x3
 180 007c 2C       		.byte	0x2c
 181 007d 41000000 		.4byte	0x41
 182 0081 02       		.uleb128 0x2
 183 0082 04       		.byte	0x4
 184 0083 04       		.byte	0x4
 185 0084 C6010000 		.4byte	.LASF11
 186 0088 02       		.uleb128 0x2
 187 0089 08       		.byte	0x8
 188 008a 04       		.byte	0x4
 189 008b 6E010000 		.4byte	.LASF12
 190 008f 02       		.uleb128 0x2
 191 0090 01       		.byte	0x1
 192 0091 08       		.byte	0x8
 193 0092 46010000 		.4byte	.LASF13
 194 0096 02       		.uleb128 0x2
 195 0097 08       		.byte	0x8
 196 0098 04       		.byte	0x4
 197 0099 B0010000 		.4byte	.LASF14
 198 009d 02       		.uleb128 0x2
 199 009e 04       		.byte	0x4
 200 009f 07       		.byte	0x7
 201 00a0 31020000 		.4byte	.LASF15
 202 00a4 05       		.uleb128 0x5
 203 00a5 83010000 		.4byte	.LASF16
 204 00a9 01       		.byte	0x1
 205 00aa 27       		.byte	0x27
 206 00ab 00000000 		.4byte	.LFB63
 207 00af 08000000 		.4byte	.LFE63-.LFB63
 208 00b3 01       		.uleb128 0x1
 209 00b4 9C       		.byte	0x9c
 210 00b5 C3000000 		.4byte	0xc3
 211 00b9 06       		.uleb128 0x6
 212 00ba 06000000 		.4byte	.LVL0
 213 00be 31010000 		.4byte	0x131
 214 00c2 00       		.byte	0
 215 00c3 05       		.uleb128 0x5
 216 00c4 3A020000 		.4byte	.LASF17
 217 00c8 01       		.byte	0x1
 218 00c9 4D       		.byte	0x4d
 219 00ca 00000000 		.4byte	.LFB64
 220 00ce 08000000 		.4byte	.LFE64-.LFB64
 221 00d2 01       		.uleb128 0x1
 222 00d3 9C       		.byte	0x9c
 223 00d4 E2000000 		.4byte	0xe2
 224 00d8 06       		.uleb128 0x6
 225 00d9 06000000 		.4byte	.LVL1
 226 00dd 31010000 		.4byte	0x131
 227 00e1 00       		.byte	0
 228 00e2 05       		.uleb128 0x5
 229 00e3 37010000 		.4byte	.LASF18
 230 00e7 01       		.byte	0x1
 231 00e8 72       		.byte	0x72
 232 00e9 00000000 		.4byte	.LFB65
 233 00ed 08000000 		.4byte	.LFE65-.LFB65
ARM GAS  C:\Users\Nathan\AppData\Local\Temp\ccLGWBE0.s 			page 8


 234 00f1 01       		.uleb128 0x1
 235 00f2 9C       		.byte	0x9c
 236 00f3 01010000 		.4byte	0x101
 237 00f7 06       		.uleb128 0x6
 238 00f8 06000000 		.4byte	.LVL2
 239 00fc 3C010000 		.4byte	0x13c
 240 0100 00       		.byte	0
 241 0101 05       		.uleb128 0x5
 242 0102 4B010000 		.4byte	.LASF19
 243 0106 01       		.byte	0x1
 244 0107 97       		.byte	0x97
 245 0108 00000000 		.4byte	.LFB66
 246 010c 08000000 		.4byte	.LFE66-.LFB66
 247 0110 01       		.uleb128 0x1
 248 0111 9C       		.byte	0x9c
 249 0112 20010000 		.4byte	0x120
 250 0116 06       		.uleb128 0x6
 251 0117 06000000 		.4byte	.LVL3
 252 011b 47010000 		.4byte	0x147
 253 011f 00       		.byte	0
 254 0120 07       		.uleb128 0x7
 255 0121 97010000 		.4byte	.LASF26
 256 0125 05       		.byte	0x5
 257 0126 1207     		.2byte	0x712
 258 0128 2C010000 		.4byte	0x12c
 259 012c 08       		.uleb128 0x8
 260 012d 76000000 		.4byte	0x76
 261 0131 09       		.uleb128 0x9
 262 0132 E7000000 		.4byte	.LASF20
 263 0136 E7000000 		.4byte	.LASF20
 264 013a 04       		.byte	0x4
 265 013b 62       		.byte	0x62
 266 013c 09       		.uleb128 0x9
 267 013d 45000000 		.4byte	.LASF21
 268 0141 45000000 		.4byte	.LASF21
 269 0145 04       		.byte	0x4
 270 0146 60       		.byte	0x60
 271 0147 09       		.uleb128 0x9
 272 0148 CC010000 		.4byte	.LASF22
 273 014c CC010000 		.4byte	.LASF22
 274 0150 04       		.byte	0x4
 275 0151 61       		.byte	0x61
 276 0152 00       		.byte	0
 277              		.section	.debug_abbrev,"",%progbits
 278              	.Ldebug_abbrev0:
 279 0000 01       		.uleb128 0x1
 280 0001 11       		.uleb128 0x11
 281 0002 01       		.byte	0x1
 282 0003 25       		.uleb128 0x25
 283 0004 0E       		.uleb128 0xe
 284 0005 13       		.uleb128 0x13
 285 0006 0B       		.uleb128 0xb
 286 0007 03       		.uleb128 0x3
 287 0008 0E       		.uleb128 0xe
 288 0009 1B       		.uleb128 0x1b
 289 000a 0E       		.uleb128 0xe
 290 000b 55       		.uleb128 0x55
ARM GAS  C:\Users\Nathan\AppData\Local\Temp\ccLGWBE0.s 			page 9


 291 000c 17       		.uleb128 0x17
 292 000d 11       		.uleb128 0x11
 293 000e 01       		.uleb128 0x1
 294 000f 10       		.uleb128 0x10
 295 0010 17       		.uleb128 0x17
 296 0011 00       		.byte	0
 297 0012 00       		.byte	0
 298 0013 02       		.uleb128 0x2
 299 0014 24       		.uleb128 0x24
 300 0015 00       		.byte	0
 301 0016 0B       		.uleb128 0xb
 302 0017 0B       		.uleb128 0xb
 303 0018 3E       		.uleb128 0x3e
 304 0019 0B       		.uleb128 0xb
 305 001a 03       		.uleb128 0x3
 306 001b 0E       		.uleb128 0xe
 307 001c 00       		.byte	0
 308 001d 00       		.byte	0
 309 001e 03       		.uleb128 0x3
 310 001f 16       		.uleb128 0x16
 311 0020 00       		.byte	0
 312 0021 03       		.uleb128 0x3
 313 0022 0E       		.uleb128 0xe
 314 0023 3A       		.uleb128 0x3a
 315 0024 0B       		.uleb128 0xb
 316 0025 3B       		.uleb128 0x3b
 317 0026 0B       		.uleb128 0xb
 318 0027 49       		.uleb128 0x49
 319 0028 13       		.uleb128 0x13
 320 0029 00       		.byte	0
 321 002a 00       		.byte	0
 322 002b 04       		.uleb128 0x4
 323 002c 24       		.uleb128 0x24
 324 002d 00       		.byte	0
 325 002e 0B       		.uleb128 0xb
 326 002f 0B       		.uleb128 0xb
 327 0030 3E       		.uleb128 0x3e
 328 0031 0B       		.uleb128 0xb
 329 0032 03       		.uleb128 0x3
 330 0033 08       		.uleb128 0x8
 331 0034 00       		.byte	0
 332 0035 00       		.byte	0
 333 0036 05       		.uleb128 0x5
 334 0037 2E       		.uleb128 0x2e
 335 0038 01       		.byte	0x1
 336 0039 3F       		.uleb128 0x3f
 337 003a 19       		.uleb128 0x19
 338 003b 03       		.uleb128 0x3
 339 003c 0E       		.uleb128 0xe
 340 003d 3A       		.uleb128 0x3a
 341 003e 0B       		.uleb128 0xb
 342 003f 3B       		.uleb128 0x3b
 343 0040 0B       		.uleb128 0xb
 344 0041 27       		.uleb128 0x27
 345 0042 19       		.uleb128 0x19
 346 0043 11       		.uleb128 0x11
 347 0044 01       		.uleb128 0x1
ARM GAS  C:\Users\Nathan\AppData\Local\Temp\ccLGWBE0.s 			page 10


 348 0045 12       		.uleb128 0x12
 349 0046 06       		.uleb128 0x6
 350 0047 40       		.uleb128 0x40
 351 0048 18       		.uleb128 0x18
 352 0049 9742     		.uleb128 0x2117
 353 004b 19       		.uleb128 0x19
 354 004c 01       		.uleb128 0x1
 355 004d 13       		.uleb128 0x13
 356 004e 00       		.byte	0
 357 004f 00       		.byte	0
 358 0050 06       		.uleb128 0x6
 359 0051 898201   		.uleb128 0x4109
 360 0054 00       		.byte	0
 361 0055 11       		.uleb128 0x11
 362 0056 01       		.uleb128 0x1
 363 0057 31       		.uleb128 0x31
 364 0058 13       		.uleb128 0x13
 365 0059 00       		.byte	0
 366 005a 00       		.byte	0
 367 005b 07       		.uleb128 0x7
 368 005c 34       		.uleb128 0x34
 369 005d 00       		.byte	0
 370 005e 03       		.uleb128 0x3
 371 005f 0E       		.uleb128 0xe
 372 0060 3A       		.uleb128 0x3a
 373 0061 0B       		.uleb128 0xb
 374 0062 3B       		.uleb128 0x3b
 375 0063 05       		.uleb128 0x5
 376 0064 49       		.uleb128 0x49
 377 0065 13       		.uleb128 0x13
 378 0066 3F       		.uleb128 0x3f
 379 0067 19       		.uleb128 0x19
 380 0068 3C       		.uleb128 0x3c
 381 0069 19       		.uleb128 0x19
 382 006a 00       		.byte	0
 383 006b 00       		.byte	0
 384 006c 08       		.uleb128 0x8
 385 006d 35       		.uleb128 0x35
 386 006e 00       		.byte	0
 387 006f 49       		.uleb128 0x49
 388 0070 13       		.uleb128 0x13
 389 0071 00       		.byte	0
 390 0072 00       		.byte	0
 391 0073 09       		.uleb128 0x9
 392 0074 2E       		.uleb128 0x2e
 393 0075 00       		.byte	0
 394 0076 3F       		.uleb128 0x3f
 395 0077 19       		.uleb128 0x19
 396 0078 3C       		.uleb128 0x3c
 397 0079 19       		.uleb128 0x19
 398 007a 6E       		.uleb128 0x6e
 399 007b 0E       		.uleb128 0xe
 400 007c 03       		.uleb128 0x3
 401 007d 0E       		.uleb128 0xe
 402 007e 3A       		.uleb128 0x3a
 403 007f 0B       		.uleb128 0xb
 404 0080 3B       		.uleb128 0x3b
ARM GAS  C:\Users\Nathan\AppData\Local\Temp\ccLGWBE0.s 			page 11


 405 0081 0B       		.uleb128 0xb
 406 0082 00       		.byte	0
 407 0083 00       		.byte	0
 408 0084 00       		.byte	0
 409              		.section	.debug_aranges,"",%progbits
 410 0000 34000000 		.4byte	0x34
 411 0004 0200     		.2byte	0x2
 412 0006 00000000 		.4byte	.Ldebug_info0
 413 000a 04       		.byte	0x4
 414 000b 00       		.byte	0
 415 000c 0000     		.2byte	0
 416 000e 0000     		.2byte	0
 417 0010 00000000 		.4byte	.LFB63
 418 0014 08000000 		.4byte	.LFE63-.LFB63
 419 0018 00000000 		.4byte	.LFB64
 420 001c 08000000 		.4byte	.LFE64-.LFB64
 421 0020 00000000 		.4byte	.LFB65
 422 0024 08000000 		.4byte	.LFE65-.LFB65
 423 0028 00000000 		.4byte	.LFB66
 424 002c 08000000 		.4byte	.LFE66-.LFB66
 425 0030 00000000 		.4byte	0
 426 0034 00000000 		.4byte	0
 427              		.section	.debug_ranges,"",%progbits
 428              	.Ldebug_ranges0:
 429 0000 00000000 		.4byte	.LFB63
 430 0004 08000000 		.4byte	.LFE63
 431 0008 00000000 		.4byte	.LFB64
 432 000c 08000000 		.4byte	.LFE64
 433 0010 00000000 		.4byte	.LFB65
 434 0014 08000000 		.4byte	.LFE65
 435 0018 00000000 		.4byte	.LFB66
 436 001c 08000000 		.4byte	.LFE66
 437 0020 00000000 		.4byte	0
 438 0024 00000000 		.4byte	0
 439              		.section	.debug_line,"",%progbits
 440              	.Ldebug_line0:
 441 0000 AA010000 		.section	.debug_str,"MS",%progbits,1
 441      02005901 
 441      00000201 
 441      FB0E0D00 
 441      01010101 
 442              	.LASF24:
 443 0000 47656E65 		.ascii	"Generated_Source\\PSoC5\\emFile_1_PM.c\000"
 443      72617465 
 443      645F536F 
 443      75726365 
 443      5C50536F 
 444              	.LASF3:
 445 0025 73686F72 		.ascii	"short unsigned int\000"
 445      7420756E 
 445      7369676E 
 445      65642069 
 445      6E7400
 446              	.LASF8:
 447 0038 756E7369 		.ascii	"unsigned int\000"
 447      676E6564 
 447      20696E74 
ARM GAS  C:\Users\Nathan\AppData\Local\Temp\ccLGWBE0.s 			page 12


 447      00
 448              	.LASF21:
 449 0045 656D4669 		.ascii	"emFile_1_SPI0_Sleep\000"
 449      6C655F31 
 449      5F535049 
 449      305F536C 
 449      65657000 
 450              	.LASF23:
 451 0059 474E5520 		.ascii	"GNU C11 5.4.1 20160609 (release) [ARM/embedded-5-br"
 451      43313120 
 451      352E342E 
 451      31203230 
 451      31363036 
 452 008c 616E6368 		.ascii	"anch revision 237715] -mcpu=cortex-m3 -mthumb -g -O"
 452      20726576 
 452      6973696F 
 452      6E203233 
 452      37373135 
 453 00bf 67202D66 		.ascii	"g -ffunction-sections -ffat-lto-objects\000"
 453      66756E63 
 453      74696F6E 
 453      2D736563 
 453      74696F6E 
 454              	.LASF20:
 455 00e7 656D4669 		.ascii	"emFile_1_SPI0_SaveConfig\000"
 455      6C655F31 
 455      5F535049 
 455      305F5361 
 455      7665436F 
 456              	.LASF5:
 457 0100 6C6F6E67 		.ascii	"long unsigned int\000"
 457      20756E73 
 457      69676E65 
 457      6420696E 
 457      7400
 458              	.LASF7:
 459 0112 6C6F6E67 		.ascii	"long long unsigned int\000"
 459      206C6F6E 
 459      6720756E 
 459      7369676E 
 459      65642069 
 460              	.LASF1:
 461 0129 756E7369 		.ascii	"unsigned char\000"
 461      676E6564 
 461      20636861 
 461      7200
 462              	.LASF18:
 463 0137 656D4669 		.ascii	"emFile_1_Sleep\000"
 463      6C655F31 
 463      5F536C65 
 463      657000
 464              	.LASF13:
 465 0146 63686172 		.ascii	"char\000"
 465      00
 466              	.LASF19:
 467 014b 656D4669 		.ascii	"emFile_1_Wakeup\000"
 467      6C655F31 
ARM GAS  C:\Users\Nathan\AppData\Local\Temp\ccLGWBE0.s 			page 13


 467      5F57616B 
 467      65757000 
 468              	.LASF4:
 469 015b 6C6F6E67 		.ascii	"long int\000"
 469      20696E74 
 469      00
 470              	.LASF2:
 471 0164 73686F72 		.ascii	"short int\000"
 471      7420696E 
 471      7400
 472              	.LASF12:
 473 016e 646F7562 		.ascii	"double\000"
 473      6C6500
 474              	.LASF6:
 475 0175 6C6F6E67 		.ascii	"long long int\000"
 475      206C6F6E 
 475      6720696E 
 475      7400
 476              	.LASF16:
 477 0183 656D4669 		.ascii	"emFile_1_SaveConfig\000"
 477      6C655F31 
 477      5F536176 
 477      65436F6E 
 477      66696700 
 478              	.LASF26:
 479 0197 49544D5F 		.ascii	"ITM_RxBuffer\000"
 479      52784275 
 479      66666572 
 479      00
 480              	.LASF0:
 481 01a4 7369676E 		.ascii	"signed char\000"
 481      65642063 
 481      68617200 
 482              	.LASF14:
 483 01b0 6C6F6E67 		.ascii	"long double\000"
 483      20646F75 
 483      626C6500 
 484              	.LASF9:
 485 01bc 5F5F696E 		.ascii	"__int32_t\000"
 485      7433325F 
 485      7400
 486              	.LASF11:
 487 01c6 666C6F61 		.ascii	"float\000"
 487      7400
 488              	.LASF22:
 489 01cc 656D4669 		.ascii	"emFile_1_SPI0_Wakeup\000"
 489      6C655F31 
 489      5F535049 
 489      305F5761 
 489      6B657570 
 490              	.LASF25:
 491 01e1 433A5C55 		.ascii	"C:\\Users\\Nathan\\Documents\\MyBuilds\\Flight Cont"
 491      73657273 
 491      5C4E6174 
 491      68616E5C 
 491      446F6375 
 492 020f 726F6C6C 		.ascii	"roller\\ServoControl.cydsn\000"
ARM GAS  C:\Users\Nathan\AppData\Local\Temp\ccLGWBE0.s 			page 14


 492      65725C53 
 492      6572766F 
 492      436F6E74 
 492      726F6C2E 
 493              	.LASF10:
 494 0229 696E7433 		.ascii	"int32_t\000"
 494      325F7400 
 495              	.LASF15:
 496 0231 73697A65 		.ascii	"sizetype\000"
 496      74797065 
 496      00
 497              	.LASF17:
 498 023a 656D4669 		.ascii	"emFile_1_RestoreConfig\000"
 498      6C655F31 
 498      5F526573 
 498      746F7265 
 498      436F6E66 
 499              		.ident	"GCC: (GNU Tools for ARM Embedded Processors) 5.4.1 20160609 (release) [ARM/embedded-5-bran
