Archive member included to satisfy reference by file (symbol)

.\CortexM3\ARM_GCC_541\Debug\ServoControl.a(Stabilizer.o)
                              .\CortexM3\ARM_GCC_541\Debug\main.o (Stabilizer_Start)
.\CortexM3\ARM_GCC_541\Debug\ServoControl.a(Aileron.o)
                              .\CortexM3\ARM_GCC_541\Debug\main.o (Aileron_Start)
.\CortexM3\ARM_GCC_541\Debug\ServoControl.a(Motor_Speed.o)
                              .\CortexM3\ARM_GCC_541\Debug\main.o (Motor_Speed_Start)
.\CortexM3\ARM_GCC_541\Debug\ServoControl.a(CyLib.o)
                              .\CortexM3\ARM_GCC_541\Debug\Cm3Start.o (CyHalt)
.\CortexM3\ARM_GCC_541\Debug\ServoControl.a(cyPm.o)
                              .\CortexM3\ARM_GCC_541\Debug\ServoControl.a(CyLib.o) (CyPmReadStatus)
.\CortexM3\ARM_GCC_541\Debug\ServoControl.a(EEPROM.o)
                              .\CortexM3\ARM_GCC_541\Debug\main.o (EEPROM_Start)
.\CortexM3\ARM_GCC_541\Debug\ServoControl.a(Timer_1.o)
                              .\CortexM3\ARM_GCC_541\Debug\Adafruit_BNO055.o (Timer_1_WritePeriod)
.\CortexM3\ARM_GCC_541\Debug\ServoControl.a(UART_GPS.o)
                              .\CortexM3\ARM_GCC_541\Debug\Adafruit_GPS.o (UART_GPS_Start)
.\CortexM3\ARM_GCC_541\Debug\ServoControl.a(UART_GPS_INT.o)
                              .\CortexM3\ARM_GCC_541\Debug\ServoControl.a(UART_GPS.o) (UART_GPS_RXISR)
.\CortexM3\ARM_GCC_541\Debug\ServoControl.a(I2C_Orientation.o)
                              .\CortexM3\ARM_GCC_541\Debug\Adafruit_BNO055.o (I2C_Orientation_Start)
.\CortexM3\ARM_GCC_541\Debug\ServoControl.a(I2C_Orientation_INT.o)
                              .\CortexM3\ARM_GCC_541\Debug\ServoControl.a(I2C_Orientation.o) (I2C_Orientation_ISR)
.\CortexM3\ARM_GCC_541\Debug\ServoControl.a(I2C_Orientation_PM.o)
                              .\CortexM3\ARM_GCC_541\Debug\ServoControl.a(I2C_Orientation.o) (I2C_Orientation_backup)
.\CortexM3\ARM_GCC_541\Debug\ServoControl.a(I2C_Orientation_MASTER.o)
                              .\CortexM3\ARM_GCC_541\Debug\ServoControl.a(I2C_Orientation.o) (I2C_Orientation_mstrStatus)
.\CortexM3\ARM_GCC_541\Debug\ServoControl.a(Counter_Duration.o)
                              .\CortexM3\ARM_GCC_541\Debug\main.o (Counter_Duration_ReadCounter)
.\CortexM3\ARM_GCC_541\Debug\ServoControl.a(UART_HC12.o)
                              .\CortexM3\ARM_GCC_541\Debug\main.o (UART_HC12_Start)
.\CortexM3\ARM_GCC_541\Debug\ServoControl.a(UART_HC12_IntClock.o)
                              .\CortexM3\ARM_GCC_541\Debug\ServoControl.a(UART_HC12.o) (UART_HC12_IntClock_Start)
.\CortexM3\ARM_GCC_541\Debug\ServoControl.a(LED.o)
                              .\CortexM3\ARM_GCC_541\Debug\main.o (LED_Write)
.\CortexM3\ARM_GCC_541\Debug\ServoControl.a(Button.o)
                              .\CortexM3\ARM_GCC_541\Debug\main.o (Button_Read)
.\CortexM3\ARM_GCC_541\Debug\ServoControl.a(VDAC8_1.o)
                              .\CortexM3\ARM_GCC_541\Debug\main.o (VDAC8_1_Start)
.\CortexM3\ARM_GCC_541\Debug\ServoControl.a(Clock_UART_GPS.o)
                              .\CortexM3\ARM_GCC_541\Debug\Adafruit_GPS.o (Clock_UART_GPS_SetDividerRegister)
.\CortexM3\ARM_GCC_541\Debug\ServoControl.a(SPI_Altitude.o)
                              .\CortexM3\ARM_GCC_541\Debug\Adafruit_BMP280.o (SPI_Altitude_WriteTxData)
.\CortexM3\ARM_GCC_541\Debug\ServoControl.a(SPI_Altitude_INT.o)
                              .\CortexM3\ARM_GCC_541\Debug\ServoControl.a(SPI_Altitude.o) (SPI_Altitude_TX_ISR)
.\CortexM3\ARM_GCC_541\Debug\ServoControl.a(SPI_Altitude_IntClock.o)
                              .\CortexM3\ARM_GCC_541\Debug\ServoControl.a(SPI_Altitude.o) (SPI_Altitude_IntClock_Start)
.\CortexM3\ARM_GCC_541\Debug\ServoControl.a(BMP280_CSB.o)
                              .\CortexM3\ARM_GCC_541\Debug\Adafruit_BMP280.o (BMP280_CSB_Write)
.\CortexM3\ARM_GCC_541\Debug\ServoControl.a(CyBootAsmGnu.o)
                              .\CortexM3\ARM_GCC_541\Debug\cyfitter_cfg.o (CyDelayCycles)
.\CortexM3\ARM_GCC_541\Debug\ServoControl.a(CyFlash.o)
                              .\CortexM3\ARM_GCC_541\Debug\ServoControl.a(EEPROM.o) (dieTemperature)
.\CortexM3\ARM_GCC_541\Debug\ServoControl.a(CySpc.o)
                              .\CortexM3\ARM_GCC_541\Debug\ServoControl.a(EEPROM.o) (CySpcStart)
.\CortexM3\ARM_GCC_541\Debug\ServoControl.a(cyutils.o)
                              .\CortexM3\ARM_GCC_541\Debug\ServoControl.a(Counter_Duration.o) (CySetReg24)
.\emFile_V322c\LinkLibrary\PSoC5\GCC\libemf32nosnlfn.a(FS_CopyFile.o)
                              .\CortexM3\ARM_GCC_541\Debug\main.o (FS_CopyFile)
.\emFile_V322c\LinkLibrary\PSoC5\GCC\libemf32nosnlfn.a(FS_GetFileSize.o)
                              .\emFile_V322c\LinkLibrary\PSoC5\GCC\libemf32nosnlfn.a(FS_CopyFile.o) (FS__GetFileSize)
.\emFile_V322c\LinkLibrary\PSoC5\GCC\libemf32nosnlfn.a(FS_Misc.o)
[...]
Memory Configuration

Name             Origin             Length             Attributes
rom              0x00000000         0x00040000         xr
ram              0x1fff8000         0x00010000         xrw
*default*        0x00000000         0xffffffff

Linker script and memory map

LOAD c:/program files (x86)/cypress/psoc creator/4.2/psoc creator/import/gnu/arm/5.4.1/bin/../lib/gcc/arm-none-eabi/5.4.1/armv7-m/crti.o
LOAD c:/program files (x86)/cypress/psoc creator/4.2/psoc creator/import/gnu/arm/5.4.1/bin/../lib/gcc/arm-none-eabi/5.4.1/armv7-m/crtbegin.o
LOAD c:/program files (x86)/cypress/psoc creator/4.2/psoc creator/import/gnu/arm/5.4.1/bin/../lib/gcc/arm-none-eabi/5.4.1/../../../../arm-none-eabi/lib/armv7-m/crt0.o
START GROUP
LOAD .\CortexM3\ARM_GCC_541\Debug\main.o
LOAD .\CortexM3\ARM_GCC_541\Debug\Adafruit_BNO055.o
LOAD .\CortexM3\ARM_GCC_541\Debug\Adafruit_GPS.o
LOAD .\CortexM3\ARM_GCC_541\Debug\Adafruit_BMP280.o
LOAD .\CortexM3\ARM_GCC_541\Debug\cyfitter_cfg.o
LOAD .\CortexM3\ARM_GCC_541\Debug\cymetadata.o
LOAD .\CortexM3\ARM_GCC_541\Debug\Cm3Start.o
LOAD .\CortexM3\ARM_GCC_541\Debug\ServoControl.a
LOAD C:\Program Files (x86)\Cypress\PSoC Creator\4.2\PSoC Creator\psoc\content\cycomponentlibrary\CyComponentLibrary.cylib\CortexM3\ARM_GCC_541\Debug\CyComponentLibrary.a
LOAD .\emFile_V322c\LinkLibrary\PSoC5\GCC\libemf32nosnlfn.a
END GROUP
START GROUP
LOAD c:/program files (x86)/cypress/psoc creator/4.2/psoc creator/import/gnu/arm/5.4.1/bin/../lib/gcc/arm-none-eabi/5.4.1/armv7-m\libgcc.a
LOAD c:/program files (x86)/cypress/psoc creator/4.2/psoc creator/import/gnu/arm/5.4.1/bin/../lib/gcc/arm-none-eabi/5.4.1/../../../../arm-none-eabi/lib/armv7-m\libg_nano.a
LOAD c:/program files (x86)/cypress/psoc creator/4.2/psoc creator/import/gnu/arm/5.4.1/bin/../lib/gcc/arm-none-eabi/5.4.1/../../../../arm-none-eabi/lib/armv7-m\libc_nano.a
END GROUP
START GROUP
LOAD c:/program files (x86)/cypress/psoc creator/4.2/psoc creator/import/gnu/arm/5.4.1/bin/../lib/gcc/arm-none-eabi/5.4.1/armv7-m\libgcc.a
LOAD c:/program files (x86)/cypress/psoc creator/4.2/psoc creator/import/gnu/arm/5.4.1/bin/../lib/gcc/arm-none-eabi/5.4.1/../../../../arm-none-eabi/lib/armv7-m\libc_nano.a
END GROUP
LOAD c:/program files (x86)/cypress/psoc creator/4.2/psoc creator/import/gnu/arm/5.4.1/bin/../lib/gcc/arm-none-eabi/5.4.1/armv7-m/crtend.o
LOAD c:/program files (x86)/cypress/psoc creator/4.2/psoc creator/import/gnu/arm/5.4.1/bin/../lib/gcc/arm-none-eabi/5.4.1/armv7-m/crtn.o
START GROUP
LOAD c:/program files (x86)/cypress/psoc creator/4.2/psoc creator/import/gnu/arm/5.4.1/bin/../lib/gcc/arm-none-eabi/5.4.1/armv7-m\libgcc.a
LOAD c:/program files (x86)/cypress/psoc creator/4.2/psoc creator/import/gnu/arm/5.4.1/bin/../lib/gcc/arm-none-eabi/5.4.1/../../../../arm-none-eabi/lib/armv7-m\libc.a
LOAD c:/program files (x86)/cypress/psoc creator/4.2/psoc creator/import/gnu/arm/5.4.1/bin/../lib/gcc/arm-none-eabi/5.4.1/../../../../arm-none-eabi/lib/armv7-m\libnosys.a
END GROUP
                0x00000000                CY_APPL_ORIGIN = 0x0
                0x00000100                CY_FLASH_ROW_SIZE = 0x100
                0x00000020                CY_ECC_ROW_SIZE = 0x20
                0x00000000                CY_EE_IN_BTLDR = 0x0
                0x00000000                CY_APPL_LOADABLE = 0x0
                0x00000800                CY_EE_SIZE = 0x800
                0x00000001                CY_APPL_NUM = 0x1
                0x00000001                CY_APPL_MAX = 0x1
                0x00000040                CY_METADATA_SIZE = 0x40
                0x00000000                CY_APPL_LOADABLE = 0x0
                0x00000000                CY_CHECKSUM_EXCLUDE_SIZE = ALIGN (0x0, CY_FLASH_ROW_SIZE)
                [!provide]                PROVIDE (__cy_heap_start, _end)
                0x00000001                PROVIDE (__cy_region_num, ((__cy_regions_end - __cy_regions) / 0x10))
                0x20008000                PROVIDE (__cy_stack, (ORIGIN (ram) + LENGTH (ram)))
                [!provide]                PROVIDE (__cy_heap_end, (__cy_stack - 0x800))

.cybootloader   0x00000000        0x0
 *(.cybootloader)
                0x00000000                appl1_start = CY_APPL_ORIGIN?CY_APPL_ORIGIN:ALIGN (CY_FLASH_ROW_SIZE)
                0x0001ff00                appl2_start = (appl1_start + ALIGN ((((LENGTH (rom) - appl1_start) - (0x2 * CY_FLASH_ROW_SIZE)) / 0x2), CY_FLASH_ROW_SIZE))
                0x00000000                appl_start = (CY_APPL_NUM == 0x1)?appl1_start:appl2_start
                0x00000000                ecc_offset = ((appl_start / CY_FLASH_ROW_SIZE) * CY_ECC_ROW_SIZE)
                0x00000000                ee_offset = (CY_APPL_LOADABLE && ! (CY_EE_IN_BTLDR))?((CY_EE_SIZE / CY_APPL_MAX) * (CY_APPL_NUM - 0x1)):0x0
                0x00000800                ee_size = (CY_APPL_LOADABLE && ! (CY_EE_IN_BTLDR))?(CY_EE_SIZE / CY_APPL_MAX):CY_EE_SIZE
                [!provide]                PROVIDE (CY_ECC_OFFSET, ecc_offset)

.text           0x00000000     0x5f6c
 CREATE_OBJECT_SYMBOLS
                0x00000000                PROVIDE (__cy_interrupt_vector, RomVectors)
 *(.romvectors)
 .romvectors    0x00000000       0x10 .\CortexM3\ARM_GCC_541\Debug\Cm3Start.o
                0x00000000                RomVectors
                0x00000001                ASSERT ((. != __cy_interrupt_vector), No interrupt vector)
                0x00000001                ASSERT (CY_APPL_ORIGIN?(SIZEOF (.cybootloader) <= CY_APPL_ORIGIN):0x1, Wrong image location)
                0x00000010                PROVIDE (__cy_reset, Reset)
 *(.text.Reset)
 .text.Reset    0x00000010       0x18 .\CortexM3\ARM_GCC_541\Debug\Cm3Start.o
                0x00000010                Reset
                0x00000001                ASSERT ((. != __cy_reset), No reset code)
 *(.dma_init)
                0x00000001                ASSERT ((((appl_start + .) <= 0x10000) || 0x1), DMA Init must be within the first 64k of flash)
 *(.text .text.* .gnu.linkonce.t.*)
 .text          0x00000028       0x5c c:/program files (x86)/cypress/psoc creator/4.2/psoc creator/import/gnu/arm/5.4.1/bin/../lib/gcc/arm-none-eabi/5.4.1/armv7-m/crtbegin.o
 .text.Start_SD_Card
                0x00000084       0x50 .\CortexM3\ARM_GCC_541\Debug\main.o
                0x00000084                Start_SD_Card
 .text.Close_SD_Card
                0x000000d4       0x58 .\CortexM3\ARM_GCC_541\Debug\main.o
                0x000000d4                Close_SD_Card
 .text.main     0x0000012c      0x19c .\CortexM3\ARM_GCC_541\Debug\main.o
                0x0000012c                main
 .text.Write_AGM_Config
                0x000002c8       0x28 .\CortexM3\ARM_GCC_541\Debug\Adafruit_BNO055.o
                0x000002c8                Write_AGM_Config
 .text.AGM_Start
                0x000002f0       0xa4 .\CortexM3\ARM_GCC_541\Debug\Adafruit_BNO055.o
                0x000002f0                AGM_Start
 .text.AGM_EulersRefresh
                0x00000394       0xc0 .\CortexM3\ARM_GCC_541\Debug\Adafruit_BNO055.o
                0x00000394                AGM_EulersRefresh
 .text.AGM_AccelRefresh
                0x00000454       0x78 .\CortexM3\ARM_GCC_541\Debug\Adafruit_BNO055.o
                0x00000454                AGM_AccelRefresh
 .text.AGM_GetTemp
                0x000004cc       0x38 .\CortexM3\ARM_GCC_541\Debug\Adafruit_BNO055.o
                0x000004cc                AGM_GetTemp
 .text.GPS_Start
                0x00000504       0x3c .\CortexM3\ARM_GCC_541\Debug\Adafruit_GPS.o
                0x00000504                GPS_Start
 .text.GPS_Refresh
                0x00000540       0x78 .\CortexM3\ARM_GCC_541\Debug\Adafruit_GPS.o
                0x00000540                GPS_Refresh
 .text.CyClockStartupError
                0x000005b8        0x4 .\CortexM3\ARM_GCC_541\Debug\cyfitter_cfg.o
 .text.cfg_write_bytes32
                0x000005bc       0x34 .\CortexM3\ARM_GCC_541\Debug\cyfitter_cfg.o
 .text.AnalogSetDefault
                0x000005f0       0x40 .\CortexM3\ARM_GCC_541\Debug\cyfitter_cfg.o
 .text.CYMEMZERO
                0x00000630        0xc .\CortexM3\ARM_GCC_541\Debug\cyfitter_cfg.o
 .text.ClockSetup
                0x0000063c       0xf8 .\CortexM3\ARM_GCC_541\Debug\cyfitter_cfg.o
 .text.CYCONFIGCPY
                0x00000734        0x8 .\CortexM3\ARM_GCC_541\Debug\cyfitter_cfg.o
 .text.cyfitter_cfg
                0x0000073c      0x158 .\CortexM3\ARM_GCC_541\Debug\cyfitter_cfg.o
                0x0000073c                cyfitter_cfg
 .text.IntDefaultHandler
                0x00000894       0x10 .\CortexM3\ARM_GCC_541\Debug\Cm3Start.o
                0x00000894                IntDefaultHandler
 .text._sbrk    0x000008a4       0x30 .\CortexM3\ARM_GCC_541\Debug\Cm3Start.o
                0x000008a4                _sbrk
 .text.Start_c  0x000008d4       0x4c .\CortexM3\ARM_GCC_541\Debug\Cm3Start.o
                0x000008d4                Start_c
 .text.initialize_psoc
                0x00000920       0x68 .\CortexM3\ARM_GCC_541\Debug\Cm3Start.o
                0x00000920                initialize_psoc
 .text.Stabilizer_Enable
                0x00000988       0x10 .\CortexM3\ARM_GCC_541\Debug\ServoControl.a(Stabilizer.o)
                0x00000988                Stabilizer_Enable
 .text.Stabilizer_WriteCounter
                0x00000998        0xc .\CortexM3\ARM_GCC_541\Debug\ServoControl.a(Stabilizer.o)
                0x00000998                Stabilizer_WriteCounter
 .text.Stabilizer_WritePeriod
                0x000009a4        0xc .\CortexM3\ARM_GCC_541\Debug\ServoControl.a(Stabilizer.o)
                0x000009a4                Stabilizer_WritePeriod
 .text.Stabilizer_WriteCompare1
                0x000009b0        0xc .\CortexM3\ARM_GCC_541\Debug\ServoControl.a(Stabilizer.o)
                0x000009b0                Stabilizer_WriteCompare1
 .text.Stabilizer_WriteCompare2
                0x000009bc        0xc .\CortexM3\ARM_GCC_541\Debug\ServoControl.a(Stabilizer.o)
                0x000009bc                Stabilizer_WriteCompare2
 .text.Stabilizer_SetInterruptMode
                0x000009c8        0xc .\CortexM3\ARM_GCC_541\Debug\ServoControl.a(Stabilizer.o)
                0x000009c8                Stabilizer_SetInterruptMode
 .text.Stabilizer_ReadStatusRegister
                0x000009d4        0xc .\CortexM3\ARM_GCC_541\Debug\ServoControl.a(Stabilizer.o)
                0x000009d4                Stabilizer_ReadStatusRegister
 .text.Stabilizer_ReadCapture
                0x000009e0        0xc .\CortexM3\ARM_GCC_541\Debug\ServoControl.a(Stabilizer.o)
                0x000009e0                Stabilizer_ReadCapture
 .text.Stabilizer_ClearFIFO
                0x000009ec       0x14 .\CortexM3\ARM_GCC_541\Debug\ServoControl.a(Stabilizer.o)
                0x000009ec                Stabilizer_ClearFIFO
 .text.Stabilizer_Init
                0x00000a00       0x68 .\CortexM3\ARM_GCC_541\Debug\ServoControl.a(Stabilizer.o)
                0x00000a00                Stabilizer_Init
 .text.Stabilizer_Start
                0x00000a68       0x1c .\CortexM3\ARM_GCC_541\Debug\ServoControl.a(Stabilizer.o)
                0x00000a68                Stabilizer_Start
 .text.Aileron_Enable
                0x00000a84       0x10 .\CortexM3\ARM_GCC_541\Debug\ServoControl.a(Aileron.o)
                0x00000a84                Aileron_Enable
 .text.Aileron_WriteCounter
                0x00000a94        0xc .\CortexM3\ARM_GCC_541\Debug\ServoControl.a(Aileron.o)
                0x00000a94                Aileron_WriteCounter
 .text.Aileron_WritePeriod
                0x00000aa0        0xc .\CortexM3\ARM_GCC_541\Debug\ServoControl.a(Aileron.o)
                0x00000aa0                Aileron_WritePeriod
 .text.Aileron_WriteCompare1
                0x00000aac        0xc .\CortexM3\ARM_GCC_541\Debug\ServoControl.a(Aileron.o)
                0x00000aac                Aileron_WriteCompare1
 .text.Aileron_WriteCompare2
                0x00000ab8        0xc .\CortexM3\ARM_GCC_541\Debug\ServoControl.a(Aileron.o)
                0x00000ab8                Aileron_WriteCompare2
 .text.Aileron_SetInterruptMode
                0x00000ac4        0xc .\CortexM3\ARM_GCC_541\Debug\ServoControl.a(Aileron.o)
                0x00000ac4                Aileron_SetInterruptMode
 .text.Aileron_ReadStatusRegister
                0x00000ad0        0xc .\CortexM3\ARM_GCC_541\Debug\ServoControl.a(Aileron.o)
                0x00000ad0                Aileron_ReadStatusRegister
 .text.Aileron_ReadCapture
                0x00000adc        0xc .\CortexM3\ARM_GCC_541\Debug\ServoControl.a(Aileron.o)
                0x00000adc                Aileron_ReadCapture
 .text.Aileron_ClearFIFO
                0x00000ae8       0x14 .\CortexM3\ARM_GCC_541\Debug\ServoControl.a(Aileron.o)
                0x00000ae8                Aileron_ClearFIFO
 .text.Aileron_Init
                0x00000afc       0x6c .\CortexM3\ARM_GCC_541\Debug\ServoControl.a(Aileron.o)
                0x00000afc                Aileron_Init
 .text.Aileron_Start
                0x00000b68       0x1c .\CortexM3\ARM_GCC_541\Debug\ServoControl.a(Aileron.o)
                0x00000b68                Aileron_Start
 .text.Motor_Speed_Enable
                0x00000b84       0x28 .\CortexM3\ARM_GCC_541\Debug\ServoControl.a(Motor_Speed.o)
                0x00000b84                Motor_Speed_Enable
 .text.Motor_Speed_WritePeriod
                0x00000bac        0xc .\CortexM3\ARM_GCC_541\Debug\ServoControl.a(Motor_Speed.o)
                0x00000bac                Motor_Speed_WritePeriod
 .text.Motor_Speed_WriteCompare
                0x00000bb8        0xc .\CortexM3\ARM_GCC_541\Debug\ServoControl.a(Motor_Speed.o)
                0x00000bb8                Motor_Speed_WriteCompare
 .text.Motor_Speed_SetInterruptMode
                0x00000bc4        0xc .\CortexM3\ARM_GCC_541\Debug\ServoControl.a(Motor_Speed.o)
                0x00000bc4                Motor_Speed_SetInterruptMode
 .text.Motor_Speed_Init
                0x00000bd0       0x78 .\CortexM3\ARM_GCC_541\Debug\ServoControl.a(Motor_Speed.o)
                0x00000bd0                Motor_Speed_Init
 .text.Motor_Speed_Start
                0x00000c48       0x1c .\CortexM3\ARM_GCC_541\Debug\ServoControl.a(Motor_Speed.o)
                0x00000c48                Motor_Speed_Start
 .text.CyHalt   0x00000c64        0x4 .\CortexM3\ARM_GCC_541\Debug\ServoControl.a(CyLib.o)
                0x00000c64                CyHalt
 .text.CyDelay  0x00000c68       0x2c .\CortexM3\ARM_GCC_541\Debug\ServoControl.a(CyLib.o)
                0x00000c68                CyDelay
 .text.CyDelayUs
                0x00000c94       0x14 .\CortexM3\ARM_GCC_541\Debug\ServoControl.a(CyLib.o)
                0x00000c94                CyDelayUs
 .text.CyIntSetVector
                0x00000ca8       0x28 .\CortexM3\ARM_GCC_541\Debug\ServoControl.a(CyLib.o)
                0x00000ca8                CyIntSetVector
 .text.CyIntSetPriority
                0x00000cd0       0x30 .\CortexM3\ARM_GCC_541\Debug\ServoControl.a(CyLib.o)
                0x00000cd0                CyIntSetPriority
 .text.EEPROM_Enable
                0x00000d00        0xc .\CortexM3\ARM_GCC_541\Debug\ServoControl.a(EEPROM.o)
                0x00000d00                EEPROM_Enable
 .text.EEPROM_Start
                0x00000d0c        0x8 .\CortexM3\ARM_GCC_541\Debug\ServoControl.a(EEPROM.o)
                0x00000d0c                EEPROM_Start
 .text.EEPROM_WriteByte
                0x00000d14       0xd0 .\CortexM3\ARM_GCC_541\Debug\ServoControl.a(EEPROM.o)
                0x00000d14                EEPROM_WriteByte
 .text.EEPROM_ReadByte
                0x00000de4       0x28 .\CortexM3\ARM_GCC_541\Debug\ServoControl.a(EEPROM.o)
                0x00000de4                EEPROM_ReadByte
 .text.Timer_1_Enable
                0x00000e0c       0x28 .\CortexM3\ARM_GCC_541\Debug\ServoControl.a(Timer_1.o)
                0x00000e0c                Timer_1_Enable
 .text.Timer_1_SetInterruptMode
                0x00000e34        0xc .\CortexM3\ARM_GCC_541\Debug\ServoControl.a(Timer_1.o)
                0x00000e34                Timer_1_SetInterruptMode
 .text.Timer_1_WritePeriod
                0x00000e40        0xc .\CortexM3\ARM_GCC_541\Debug\ServoControl.a(Timer_1.o)
                0x00000e40                Timer_1_WritePeriod
 .text.Timer_1_WriteCounter
                0x00000e4c        0xc .\CortexM3\ARM_GCC_541\Debug\ServoControl.a(Timer_1.o)
                0x00000e4c                Timer_1_WriteCounter
 .text.Timer_1_Init
                0x00000e58       0x68 .\CortexM3\ARM_GCC_541\Debug\ServoControl.a(Timer_1.o)
                0x00000e58                Timer_1_Init
 .text.Timer_1_Start
                0x00000ec0       0x1c .\CortexM3\ARM_GCC_541\Debug\ServoControl.a(Timer_1.o)
                0x00000ec0                Timer_1_Start
 .text.Timer_1_ReadCounter
                0x00000edc       0x14 .\CortexM3\ARM_GCC_541\Debug\ServoControl.a(Timer_1.o)
                0x00000edc                Timer_1_ReadCounter
 .text.UART_GPS_Init
                0x00000ef0       0x5c .\CortexM3\ARM_GCC_541\Debug\ServoControl.a(UART_GPS.o)
                0x00000ef0                UART_GPS_Init
 .text.UART_GPS_Enable
                0x00000f4c       0x48 .\CortexM3\ARM_GCC_541\Debug\ServoControl.a(UART_GPS.o)
                0x00000f4c                UART_GPS_Enable
 .text.UART_GPS_Start
                0x00000f94       0x1c .\CortexM3\ARM_GCC_541\Debug\ServoControl.a(UART_GPS.o)
                0x00000f94                UART_GPS_Start
 .text.UART_GPS_GetChar
                0x00000fb0       0x84 .\CortexM3\ARM_GCC_541\Debug\ServoControl.a(UART_GPS.o)
                0x00000fb0                UART_GPS_GetChar
 .text.UART_GPS_GetRxBufferSize
                0x00001034       0x6c .\CortexM3\ARM_GCC_541\Debug\ServoControl.a(UART_GPS.o)
                0x00001034                UART_GPS_GetRxBufferSize
 .text.UART_GPS_ClearRxBuffer
                0x000010a0       0x44 .\CortexM3\ARM_GCC_541\Debug\ServoControl.a(UART_GPS.o)
                0x000010a0                UART_GPS_ClearRxBuffer
 .text.UART_GPS_PutChar
                0x000010e4       0x70 .\CortexM3\ARM_GCC_541\Debug\ServoControl.a(UART_GPS.o)
                0x000010e4                UART_GPS_PutChar
 .text.UART_GPS_PutString
                0x00001154       0x24 .\CortexM3\ARM_GCC_541\Debug\ServoControl.a(UART_GPS.o)
                0x00001154                UART_GPS_PutString
 .text.UART_GPS_RXISR
                0x00001178       0x9c .\CortexM3\ARM_GCC_541\Debug\ServoControl.a(UART_GPS_INT.o)
                0x00001178                UART_GPS_RXISR
 .text.UART_GPS_TXISR
                0x00001214       0x58 .\CortexM3\ARM_GCC_541\Debug\ServoControl.a(UART_GPS_INT.o)
                0x00001214                UART_GPS_TXISR
 .text.I2C_Orientation_Init
                0x0000126c       0x6c .\CortexM3\ARM_GCC_541\Debug\ServoControl.a(I2C_Orientation.o)
                0x0000126c                I2C_Orientation_Init
 .text.I2C_Orientation_Enable
                0x000012d8       0x24 .\CortexM3\ARM_GCC_541\Debug\ServoControl.a(I2C_Orientation.o)
                0x000012d8                I2C_Orientation_Enable
 .text.I2C_Orientation_Start
                0x000012fc       0x28 .\CortexM3\ARM_GCC_541\Debug\ServoControl.a(I2C_Orientation.o)
                0x000012fc                I2C_Orientation_Start
 .text.I2C_Orientation_ISR
                0x00001324      0x2d0 .\CortexM3\ARM_GCC_541\Debug\ServoControl.a(I2C_Orientation_INT.o)
                0x00001324                I2C_Orientation_ISR
 .text.I2C_Orientation_MasterSendStart
                0x000015f4       0x80 .\CortexM3\ARM_GCC_541\Debug\ServoControl.a(I2C_Orientation_MASTER.o)
                0x000015f4                I2C_Orientation_MasterSendStart
 .text.I2C_Orientation_MasterSendStop
                0x00001674       0x38 .\CortexM3\ARM_GCC_541\Debug\ServoControl.a(I2C_Orientation_MASTER.o)
                0x00001674                I2C_Orientation_MasterSendStop
 .text.I2C_Orientation_MasterWriteByte
                0x000016ac       0x58 .\CortexM3\ARM_GCC_541\Debug\ServoControl.a(I2C_Orientation_MASTER.o)
                0x000016ac                I2C_Orientation_MasterWriteByte
 .text.I2C_Orientation_MasterReadByte
                0x00001704       0x58 .\CortexM3\ARM_GCC_541\Debug\ServoControl.a(I2C_Orientation_MASTER.o)
                0x00001704                I2C_Orientation_MasterReadByte
 .text.Counter_Duration_Enable
                0x0000175c       0x10 .\CortexM3\ARM_GCC_541\Debug\ServoControl.a(Counter_Duration.o)
                0x0000175c                Counter_Duration_Enable
 .text.Counter_Duration_SetInterruptMode
                0x0000176c        0xc .\CortexM3\ARM_GCC_541\Debug\ServoControl.a(Counter_Duration.o)
                0x0000176c                Counter_Duration_SetInterruptMode
 .text.Counter_Duration_ReadStatusRegister
                0x00001778        0xc .\CortexM3\ARM_GCC_541\Debug\ServoControl.a(Counter_Duration.o)
                0x00001778                Counter_Duration_ReadStatusRegister
 .text.Counter_Duration_WriteCounter
                0x00001784       0x10 .\CortexM3\ARM_GCC_541\Debug\ServoControl.a(Counter_Duration.o)
                0x00001784                Counter_Duration_WriteCounter
 .text.Counter_Duration_ReadCounter
                0x00001794       0x18 .\CortexM3\ARM_GCC_541\Debug\ServoControl.a(Counter_Duration.o)
                0x00001794                Counter_Duration_ReadCounter
 .text.Counter_Duration_ReadCapture
                0x000017ac       0x10 .\CortexM3\ARM_GCC_541\Debug\ServoControl.a(Counter_Duration.o)
                0x000017ac                Counter_Duration_ReadCapture
 .text.Counter_Duration_WritePeriod
                0x000017bc       0x10 .\CortexM3\ARM_GCC_541\Debug\ServoControl.a(Counter_Duration.o)
                0x000017bc                Counter_Duration_WritePeriod
 .text.Counter_Duration_WriteCompare
                0x000017cc       0x10 .\CortexM3\ARM_GCC_541\Debug\ServoControl.a(Counter_Duration.o)
                0x000017cc                Counter_Duration_WriteCompare
 .text.Counter_Duration_ClearFIFO
                0x000017dc       0x14 .\CortexM3\ARM_GCC_541\Debug\ServoControl.a(Counter_Duration.o)
                0x000017dc                Counter_Duration_ClearFIFO
 .text.Counter_Duration_Init
                0x000017f0       0x58 .\CortexM3\ARM_GCC_541\Debug\ServoControl.a(Counter_Duration.o)
                0x000017f0                Counter_Duration_Init
 .text.Counter_Duration_Start
                0x00001848       0x1c .\CortexM3\ARM_GCC_541\Debug\ServoControl.a(Counter_Duration.o)
                0x00001848                Counter_Duration_Start
 .text.UART_HC12_Init
                0x00001864       0x24 .\CortexM3\ARM_GCC_541\Debug\ServoControl.a(UART_HC12.o)
                0x00001864                UART_HC12_Init
 .text.UART_HC12_Enable
                0x00001888       0x38 .\CortexM3\ARM_GCC_541\Debug\ServoControl.a(UART_HC12.o)
                0x00001888                UART_HC12_Enable
 .text.UART_HC12_Start
                0x000018c0       0x1c .\CortexM3\ARM_GCC_541\Debug\ServoControl.a(UART_HC12.o)
                0x000018c0                UART_HC12_Start
 .text.UART_HC12_PutChar
                0x000018dc       0x18 .\CortexM3\ARM_GCC_541\Debug\ServoControl.a(UART_HC12.o)
                0x000018dc                UART_HC12_PutChar
 .text.UART_HC12_PutString
                0x000018f4       0x24 .\CortexM3\ARM_GCC_541\Debug\ServoControl.a(UART_HC12.o)
                0x000018f4                UART_HC12_PutString
 .text.UART_HC12_IntClock_Start
                0x00001918       0x1c .\CortexM3\ARM_GCC_541\Debug\ServoControl.a(UART_HC12_IntClock.o)
                0x00001918                UART_HC12_IntClock_Start
 .text.LED_Write
                0x00001934       0x18 .\CortexM3\ARM_GCC_541\Debug\ServoControl.a(LED.o)
                0x00001934                LED_Write
 .text.Button_Read
                0x0000194c       0x10 .\CortexM3\ARM_GCC_541\Debug\ServoControl.a(Button.o)
                0x0000194c                Button_Read
 .text.VDAC8_1_Enable
                0x0000195c       0x1c .\CortexM3\ARM_GCC_541\Debug\ServoControl.a(VDAC8_1.o)
                0x0000195c                VDAC8_1_Enable
 .text.VDAC8_1_SetSpeed
                0x00001978       0x1c .\CortexM3\ARM_GCC_541\Debug\ServoControl.a(VDAC8_1.o)
                0x00001978                VDAC8_1_SetSpeed
 .text.VDAC8_1_SetValue
                0x00001994        0xc .\CortexM3\ARM_GCC_541\Debug\ServoControl.a(VDAC8_1.o)
                0x00001994                VDAC8_1_SetValue
 .text.VDAC8_1_DacTrim
                0x000019a0       0x24 .\CortexM3\ARM_GCC_541\Debug\ServoControl.a(VDAC8_1.o)
                0x000019a0                VDAC8_1_DacTrim
 .text.VDAC8_1_SetRange
                0x000019c4       0x20 .\CortexM3\ARM_GCC_541\Debug\ServoControl.a(VDAC8_1.o)
                0x000019c4                VDAC8_1_SetRange
 .text.VDAC8_1_Init
                0x000019e4       0x20 .\CortexM3\ARM_GCC_541\Debug\ServoControl.a(VDAC8_1.o)
                0x000019e4                VDAC8_1_Init
 .text.VDAC8_1_Start
                0x00001a04       0x24 .\CortexM3\ARM_GCC_541\Debug\ServoControl.a(VDAC8_1.o)
                0x00001a04                VDAC8_1_Start
 .text.Clock_UART_GPS_GetDividerRegister
                0x00001a28        0xc .\CortexM3\ARM_GCC_541\Debug\ServoControl.a(Clock_UART_GPS.o)
                0x00001a28                Clock_UART_GPS_GetDividerRegister
 .text.Clock_UART_GPS_GetSourceRegister
                0x00001a34       0x10 .\CortexM3\ARM_GCC_541\Debug\ServoControl.a(Clock_UART_GPS.o)
                0x00001a34                Clock_UART_GPS_GetSourceRegister
 .text.Clock_UART_GPS_SetDividerRegister
                0x00001a44       0xd8 .\CortexM3\ARM_GCC_541\Debug\ServoControl.a(Clock_UART_GPS.o)
                0x00001a44                Clock_UART_GPS_SetDividerRegister
 .text.SPI_Altitude_EnableTxInt
                0x00001b1c        0xc .\CortexM3\ARM_GCC_541\Debug\ServoControl.a(SPI_Altitude.o)
                0x00001b1c                SPI_Altitude_EnableTxInt
 .text.SPI_Altitude_EnableRxInt
                0x00001b28        0xc .\CortexM3\ARM_GCC_541\Debug\ServoControl.a(SPI_Altitude.o)
                0x00001b28                SPI_Altitude_EnableRxInt
 .text.SPI_Altitude_Enable
                0x00001b34       0x3c .\CortexM3\ARM_GCC_541\Debug\ServoControl.a(SPI_Altitude.o)
                0x00001b34                SPI_Altitude_Enable
 .text.SPI_Altitude_DisableTxInt
                0x00001b70        0xc .\CortexM3\ARM_GCC_541\Debug\ServoControl.a(SPI_Altitude.o)
                0x00001b70                SPI_Altitude_DisableTxInt
 .text.SPI_Altitude_DisableRxInt
                0x00001b7c        0xc .\CortexM3\ARM_GCC_541\Debug\ServoControl.a(SPI_Altitude.o)
                0x00001b7c                SPI_Altitude_DisableRxInt
 .text.SPI_Altitude_ReadTxStatus
                0x00001b88       0x28 .\CortexM3\ARM_GCC_541\Debug\ServoControl.a(SPI_Altitude.o)
                0x00001b88                SPI_Altitude_ReadTxStatus
 .text.SPI_Altitude_ReadRxStatus
                0x00001bb0       0x28 .\CortexM3\ARM_GCC_541\Debug\ServoControl.a(SPI_Altitude.o)
                0x00001bb0                SPI_Altitude_ReadRxStatus
 .text.SPI_Altitude_ClearFIFO
                0x00001bd8       0x3c .\CortexM3\ARM_GCC_541\Debug\ServoControl.a(SPI_Altitude.o)
                0x00001bd8                SPI_Altitude_ClearFIFO
 .text.SPI_Altitude_Init
                0x00001c14       0x90 .\CortexM3\ARM_GCC_541\Debug\ServoControl.a(SPI_Altitude.o)
                0x00001c14                SPI_Altitude_Init
 .text.SPI_Altitude_Start
                0x00001ca4       0x1c .\CortexM3\ARM_GCC_541\Debug\ServoControl.a(SPI_Altitude.o)
                0x00001ca4                SPI_Altitude_Start
 .text.SPI_Altitude_TX_ISR
                0x00001cc0       0xa0 .\CortexM3\ARM_GCC_541\Debug\ServoControl.a(SPI_Altitude_INT.o)
                0x00001cc0                SPI_Altitude_TX_ISR
 .text.SPI_Altitude_RX_ISR
                0x00001d60       0xa0 .\CortexM3\ARM_GCC_541\Debug\ServoControl.a(SPI_Altitude_INT.o)
                0x00001d60                SPI_Altitude_RX_ISR
 .text.SPI_Altitude_IntClock_Start
                0x00001e00       0x1c .\CortexM3\ARM_GCC_541\Debug\ServoControl.a(SPI_Altitude_IntClock.o)
                0x00001e00                SPI_Altitude_IntClock_Start
 *fill*         0x00001e1c        0x4 
 .text          0x00001e20       0x20 .\CortexM3\ARM_GCC_541\Debug\ServoControl.a(CyBootAsmGnu.o)
                0x00001e20                CyDelayCycles
                0x00001e30                CyEnterCriticalSection
                0x00001e38                CyExitCriticalSection
 .text.CyFlashGetSpcAlgorithm
                0x00001e40       0x4c .\CortexM3\ARM_GCC_541\Debug\ServoControl.a(CyFlash.o)
 .text.CySetTempInt
                0x00001e8c       0x60 .\CortexM3\ARM_GCC_541\Debug\ServoControl.a(CyFlash.o)
 .text.CySetTemp
                0x00001eec       0x14 .\CortexM3\ARM_GCC_541\Debug\ServoControl.a(CyFlash.o)
                0x00001eec                CySetTemp
 .text.CyEEPROM_Start
                0x00001f00       0x54 .\CortexM3\ARM_GCC_541\Debug\ServoControl.a(CyFlash.o)
                0x00001f00                CyEEPROM_Start
 .text.CyEEPROM_ReadReserve
                0x00001f54       0x1c .\CortexM3\ARM_GCC_541\Debug\ServoControl.a(CyFlash.o)
                0x00001f54                CyEEPROM_ReadReserve
 .text.CyEEPROM_ReadRelease
                0x00001f70       0x10 .\CortexM3\ARM_GCC_541\Debug\ServoControl.a(CyFlash.o)
                0x00001f70                CyEEPROM_ReadRelease
 .text.CySpcStart
                0x00001f80       0x24 .\CortexM3\ARM_GCC_541\Debug\ServoControl.a(CySpc.o)
                0x00001f80                CySpcStart
 .text.CySpcReadData
                0x00001fa4       0x34 .\CortexM3\ARM_GCC_541\Debug\ServoControl.a(CySpc.o)
                0x00001fa4                CySpcReadData
 .text.CySpcLoadMultiByte
                0x00001fd8       0x78 .\CortexM3\ARM_GCC_541\Debug\ServoControl.a(CySpc.o)
                0x00001fd8                CySpcLoadMultiByte
 .text.CySpcWriteRow
                0x00002050       0x4c .\CortexM3\ARM_GCC_541\Debug\ServoControl.a(CySpc.o)
                0x00002050                CySpcWriteRow
 .text.CySpcGetTemp
                0x0000209c       0x3c .\CortexM3\ARM_GCC_541\Debug\ServoControl.a(CySpc.o)
                0x0000209c                CySpcGetTemp
 .text.CySpcLock
                0x000020d8       0x4c .\CortexM3\ARM_GCC_541\Debug\ServoControl.a(CySpc.o)
                0x000020d8                CySpcLock
 .text.CySpcUnlock
                0x00002124       0x38 .\CortexM3\ARM_GCC_541\Debug\ServoControl.a(CySpc.o)
                0x00002124                CySpcUnlock
 .text.CySpcGetAlgorithm
                0x0000215c       0x28 .\CortexM3\ARM_GCC_541\Debug\ServoControl.a(CySpc.o)
                0x0000215c                CySpcGetAlgorithm
 .text.CySetReg24
                0x00002184       0x14 .\CortexM3\ARM_GCC_541\Debug\ServoControl.a(cyutils.o)
                0x00002184                CySetReg24
 .text.FS__CopyFile
                0x00002198       0xd6 .\emFile_V322c\LinkLibrary\PSoC5\GCC\libemf32nosnlfn.a(FS_CopyFile.o)
                0x00002198                FS__CopyFile
 .text.FS_CopyFile
                0x0000226e        0x4 .\emFile_V322c\LinkLibrary\PSoC5\GCC\libemf32nosnlfn.a(FS_CopyFile.o)
                0x0000226e                FS_CopyFile
 .text.FS__GetFileSize
                0x00002272        0xc .\emFile_V322c\LinkLibrary\PSoC5\GCC\libemf32nosnlfn.a(FS_GetFileSize.o)
                0x00002272                FS__GetFileSize
 *fill*         0x0000227e        0x2 
 .text.FS__AllocSectorBuffer
                0x00002280       0x2c .\emFile_V322c\LinkLibrary\PSoC5\GCC\libemf32nosnlfn.a(FS_Misc.o)
                0x00002280                FS__AllocSectorBuffer
 .text.FS__FreeSectorBuffer
                0x000022ac       0x28 .\emFile_V322c\LinkLibrary\PSoC5\GCC\libemf32nosnlfn.a(FS_Misc.o)
                0x000022ac                FS__FreeSectorBuffer
 .text.FS__SB_MarkDirty
                0x000022d4        0x6 .\emFile_V322c\LinkLibrary\PSoC5\GCC\libemf32nosnlfn.a(FS_Misc.o)
                0x000022d4                FS__SB_MarkDirty
 .text.FS__SB_MarkNotDirty
                0x000022da        0x6 .\emFile_V322c\LinkLibrary\PSoC5\GCC\libemf32nosnlfn.a(FS_Misc.o)
                0x000022da                FS__SB_MarkNotDirty
 .text.FS__FreeFileHandle
                0x000022e0        0xa .\emFile_V322c\LinkLibrary\PSoC5\GCC\libemf32nosnlfn.a(FS_Misc.o)
                0x000022e0                FS__FreeFileHandle
 .text.FS__FreeFileObj
                0x000022ea        0xc .\emFile_V322c\LinkLibrary\PSoC5\GCC\libemf32nosnlfn.a(FS_Misc.o)
                0x000022ea                FS__FreeFileObj
 .text.FS__FSeek
                0x000022f6       0x42 .\emFile_V322c\LinkLibrary\PSoC5\GCC\libemf32nosnlfn.a(FS_Misc.o)
                0x000022f6                FS__FSeek
 .text.FS_Init  0x00002338       0x58 .\emFile_V322c\LinkLibrary\PSoC5\GCC\libemf32nosnlfn.a(FS_Misc.o)
                0x00002338                FS_Init
 .text.FS__SB_Create
                0x00002390       0x28 .\emFile_V322c\LinkLibrary\PSoC5\GCC\libemf32nosnlfn.a(FS_Misc.o)
                0x00002390                FS__SB_Create
 .text.FS__FCloseNL
                0x000023b8       0x1e .\emFile_V322c\LinkLibrary\PSoC5\GCC\libemf32nosnlfn.a(FS_Misc.o)
                0x000023b8                FS__FCloseNL
 .text.FS__FClose
                0x000023d6       0x1a .\emFile_V322c\LinkLibrary\PSoC5\GCC\libemf32nosnlfn.a(FS_Misc.o)
                0x000023d6                FS__FClose
 .text.FS_FClose
                0x000023f0        0xa .\emFile_V322c\LinkLibrary\PSoC5\GCC\libemf32nosnlfn.a(FS_Misc.o)
                0x000023f0                FS_FClose
 *fill*         0x000023fa        0x2 
 .text.FS__AllocFileObj
                0x000023fc       0x48 .\emFile_V322c\LinkLibrary\PSoC5\GCC\libemf32nosnlfn.a(FS_Misc.o)
                0x000023fc                FS__AllocFileObj
 .text.FS__AllocFileHandle
                0x00002444       0x40 .\emFile_V322c\LinkLibrary\PSoC5\GCC\libemf32nosnlfn.a(FS_Misc.o)
                0x00002444                FS__AllocFileHandle
 .text.FS__OpenEx
                0x00002484       0x58 .\emFile_V322c\LinkLibrary\PSoC5\GCC\libemf32nosnlfn.a(FS_Misc.o)
                0x00002484                FS__OpenEx
 .text.FS__FOpenEx
                0x000024dc       0x56 .\emFile_V322c\LinkLibrary\PSoC5\GCC\libemf32nosnlfn.a(FS_Misc.o)
                0x000024dc                FS__FOpenEx
 *fill*         0x00002532        0x2 
 .text.FS__FOpen
                0x00002534       0x48 .\emFile_V322c\LinkLibrary\PSoC5\GCC\libemf32nosnlfn.a(FS_Misc.o)
                0x00002534                FS__FOpen
 .text.FS_FOpen
                0x0000257c        0x4 .\emFile_V322c\LinkLibrary\PSoC5\GCC\libemf32nosnlfn.a(FS_Misc.o)
                0x0000257c                FS_FOpen
 .text.FS__Remove
                0x00002580       0x28 .\emFile_V322c\LinkLibrary\PSoC5\GCC\libemf32nosnlfn.a(FS_Misc.o)
                0x00002580                FS__Remove
 .text.FS__SB_Write
                0x000025a8       0x24 .\emFile_V322c\LinkLibrary\PSoC5\GCC\libemf32nosnlfn.a(FS_Misc.o)
                0x000025a8                FS__SB_Write
 .text._SB_Clean
                0x000025cc       0x24 .\emFile_V322c\LinkLibrary\PSoC5\GCC\libemf32nosnlfn.a(FS_Misc.o)
 .text.FS__SB_SetSector
                0x000025f0       0x20 .\emFile_V322c\LinkLibrary\PSoC5\GCC\libemf32nosnlfn.a(FS_Misc.o)
                0x000025f0                FS__SB_SetSector
 .text.FS__SB_Clean
                0x00002610        0x4 .\emFile_V322c\LinkLibrary\PSoC5\GCC\libemf32nosnlfn.a(FS_Misc.o)
                0x00002610                FS__SB_Clean
 .text.FS__SB_Delete
                0x00002614       0x12 .\emFile_V322c\LinkLibrary\PSoC5\GCC\libemf32nosnlfn.a(FS_Misc.o)
                0x00002614                FS__SB_Delete
 .text.FS__SB_Flush
                0x00002626        0x8 .\emFile_V322c\LinkLibrary\PSoC5\GCC\libemf32nosnlfn.a(FS_Misc.o)
                0x00002626                FS__SB_Flush
 .text.FS__SB_Read
                0x0000262e       0x2a .\emFile_V322c\LinkLibrary\PSoC5\GCC\libemf32nosnlfn.a(FS_Misc.o)
                0x0000262e                FS__SB_Read
 .text.FS__Read
                0x00002658       0x2e .\emFile_V322c\LinkLibrary\PSoC5\GCC\libemf32nosnlfn.a(FS_Read.o)
                0x00002658                FS__Read
 .text.FS__SetEndOfFile
                0x00002686       0x12 .\emFile_V322c\LinkLibrary\PSoC5\GCC\libemf32nosnlfn.a(FS_SetEndOfFile.o)
                0x00002686                FS__SetEndOfFile
 .text.FS__AddPhysDevice
                0x00002698       0x10 .\emFile_V322c\LinkLibrary\PSoC5\GCC\libemf32nosnlfn.a(FS_Storage.o)
                0x00002698                FS__AddPhysDevice
 .text.FS_GetVolumeName
                0x000026a8       0x60 .\emFile_V322c\LinkLibrary\PSoC5\GCC\libemf32nosnlfn.a(FS_Storage.o)
                0x000026a8                FS_GetVolumeName
 .text.FS__FindVolume
                0x00002708       0x78 .\emFile_V322c\LinkLibrary\PSoC5\GCC\libemf32nosnlfn.a(FS_Storage.o)
                0x00002708                FS__FindVolume
 .text.FS__AddDevice
                0x00002780       0x68 .\emFile_V322c\LinkLibrary\PSoC5\GCC\libemf32nosnlfn.a(FS_Storage.o)
                0x00002780                FS__AddDevice
 .text.FS_AddDevice
                0x000027e8        0x4 .\emFile_V322c\LinkLibrary\PSoC5\GCC\libemf32nosnlfn.a(FS_Storage.o)
                0x000027e8                FS_AddDevice
 .text.FS__IoCtlNL
                0x000027ec       0x36 .\emFile_V322c\LinkLibrary\PSoC5\GCC\libemf32nosnlfn.a(FS_Storage.o)
                0x000027ec                FS__IoCtlNL
 .text.FS__SetFileTimeEx
                0x00002822       0x44 .\emFile_V322c\LinkLibrary\PSoC5\GCC\libemf32nosnlfn.a(FS_Time.o)
                0x00002822                FS__SetFileTimeEx
 .text.FS_SetFileTime
                0x00002866        0x6 .\emFile_V322c\LinkLibrary\PSoC5\GCC\libemf32nosnlfn.a(FS_Time.o)
                0x00002866                FS_SetFileTime
 .text.FS__GetFileTimeEx
                0x0000286c       0x42 .\emFile_V322c\LinkLibrary\PSoC5\GCC\libemf32nosnlfn.a(FS_Time.o)
                0x0000286c                FS__GetFileTimeEx
 *fill*         0x000028ae        0x2 
 .text.FS__UnmountForcedNL
                0x000028b0       0x54 .\emFile_V322c\LinkLibrary\PSoC5\GCC\libemf32nosnlfn.a(FS_Unmount.o)
                0x000028b0                FS__UnmountForcedNL
 .text.FS__UnmountForced
                0x00002904        0x4 .\emFile_V322c\LinkLibrary\PSoC5\GCC\libemf32nosnlfn.a(FS_Unmount.o)
                0x00002904                FS__UnmountForced
 .text.FS__Unmount
                0x00002908       0x60 .\emFile_V322c\LinkLibrary\PSoC5\GCC\libemf32nosnlfn.a(FS_Unmount.o)
                0x00002908                FS__Unmount
 .text.FS_Unmount
                0x00002968       0x14 .\emFile_V322c\LinkLibrary\PSoC5\GCC\libemf32nosnlfn.a(FS_Unmount.o)
                0x00002968                FS_Unmount
 .text._Mount   0x0000297c       0x2e .\emFile_V322c\LinkLibrary\PSoC5\GCC\libemf32nosnlfn.a(FS_Volume.o)
 .text.FS__AutoMount
                0x000029aa       0x14 .\emFile_V322c\LinkLibrary\PSoC5\GCC\libemf32nosnlfn.a(FS_Volume.o)
                0x000029aa                FS__AutoMount
 .text.FS__MountNL
                0x000029be       0x20 .\emFile_V322c\LinkLibrary\PSoC5\GCC\libemf32nosnlfn.a(FS_Volume.o)
                0x000029be                FS__MountNL
 .text.FS__Mount
                0x000029de        0x4 .\emFile_V322c\LinkLibrary\PSoC5\GCC\libemf32nosnlfn.a(FS_Volume.o)
                0x000029de                FS__Mount
 .text.FS_Mount
                0x000029e2       0x18 .\emFile_V322c\LinkLibrary\PSoC5\GCC\libemf32nosnlfn.a(FS_Volume.o)
                0x000029e2                FS_Mount
 .text.FS__Write
                0x000029fa       0x3a .\emFile_V322c\LinkLibrary\PSoC5\GCC\libemf32nosnlfn.a(FS_Write.o)
                0x000029fa                FS__Write
 .text.FS_Write
                0x00002a34        0x4 .\emFile_V322c\LinkLibrary\PSoC5\GCC\libemf32nosnlfn.a(FS_Write.o)
                0x00002a34                FS_Write
 .text.FS_FAT_SetDirEntryInfo
                0x00002a38       0xb2 .\emFile_V322c\LinkLibrary\PSoC5\GCC\libemf32nosnlfn.a(FAT_DirEntry.o)
                0x00002a38                FS_FAT_SetDirEntryInfo
 .text.FS_FAT_GetDirEntryInfo
                0x00002aea       0x90 .\emFile_V322c\LinkLibrary\PSoC5\GCC\libemf32nosnlfn.a(FAT_DirEntry.o)
                0x00002aea                FS_FAT_GetDirEntryInfo
 .text._ClusterId2FATOff
                0x00002b7a       0x18 .\emFile_V322c\LinkLibrary\PSoC5\GCC\libemf32nosnlfn.a(FAT_Misc.o)
 .text._CalcLogClusterPos
                0x00002b92        0xe .\emFile_V322c\LinkLibrary\PSoC5\GCC\libemf32nosnlfn.a(FAT_Misc.o)
 .text._ReadFromFreeClusterCache
                0x00002ba0       0x46 .\emFile_V322c\LinkLibrary\PSoC5\GCC\libemf32nosnlfn.a(FAT_Misc.o)
 .text.FS_FAT_GetFATType
                0x00002be6       0x1a .\emFile_V322c\LinkLibrary\PSoC5\GCC\libemf32nosnlfn.a(FAT_Misc.o)
                0x00002be6                FS_FAT_GetFATType
 .text.FS_FAT_ClusterId2SectorNo
                0x00002c00        0xc .\emFile_V322c\LinkLibrary\PSoC5\GCC\libemf32nosnlfn.a(FAT_Misc.o)
                0x00002c00                FS_FAT_ClusterId2SectorNo
 .text.FS_FAT_IsValidShortNameChar
                0x00002c0c       0x34 .\emFile_V322c\LinkLibrary\PSoC5\GCC\libemf32nosnlfn.a(FAT_Misc.o)
                0x00002c0c                FS_FAT_IsValidShortNameChar
 .text.FS_FAT_CopyShortName
                0x00002c40       0x56 .\emFile_V322c\LinkLibrary\PSoC5\GCC\libemf32nosnlfn.a(FAT_Misc.o)
                0x00002c40                FS_FAT_CopyShortName
 .text._SFN_CreateDirEntry
                0x00002c96       0x5a .\emFile_V322c\LinkLibrary\PSoC5\GCC\libemf32nosnlfn.a(FAT_Misc.o)
 .text._SFN_FindDirEntry
                0x00002cf0       0x10 .\emFile_V322c\LinkLibrary\PSoC5\GCC\libemf32nosnlfn.a(FAT_Misc.o)
 .text.FS_FAT_FindDirEntry
                0x00002d00       0x60 .\emFile_V322c\LinkLibrary\PSoC5\GCC\libemf32nosnlfn.a(FAT_Misc.o)
                0x00002d00                FS_FAT_FindDirEntry
 .text.FS_FAT_CopyDirEntryInfo
                0x00002d60       0x50 .\emFile_V322c\LinkLibrary\PSoC5\GCC\libemf32nosnlfn.a(FAT_Misc.o)
                0x00002d60                FS_FAT_CopyDirEntryInfo
 .text._SFN_ReadDirEntryInfo
                0x00002db0       0x6e .\emFile_V322c\LinkLibrary\PSoC5\GCC\libemf32nosnlfn.a(FAT_Misc.o)
 .text._SetFATSector
                0x00002e1e        0x6 .\emFile_V322c\LinkLibrary\PSoC5\GCC\libemf32nosnlfn.a(FAT_Misc.o)
 .text.FS_FAT_ReadFATEntry
                0x00002e24       0xb2 .\emFile_V322c\LinkLibrary\PSoC5\GCC\libemf32nosnlfn.a(FAT_Misc.o)
                0x00002e24                FS_FAT_ReadFATEntry
 *fill*         0x00002ed6        0x2 
 .text.FS_FAT_GetNumAdjClustersInChain
                0x00002ed8       0x64 .\emFile_V322c\LinkLibrary\PSoC5\GCC\libemf32nosnlfn.a(FAT_Misc.o)
                0x00002ed8                FS_FAT_GetNumAdjClustersInChain
 .text.FS_FAT_WalkClusterEx
                0x00002f3c       0x5c .\emFile_V322c\LinkLibrary\PSoC5\GCC\libemf32nosnlfn.a(FAT_Misc.o)
                0x00002f3c                FS_FAT_WalkClusterEx
 .text.FS_FAT_GotoCluster
                0x00002f98       0x88 .\emFile_V322c\LinkLibrary\PSoC5\GCC\libemf32nosnlfn.a(FAT_Misc.o)
                0x00002f98                FS_FAT_GotoCluster
 .text.FS_FAT_WalkCluster
                0x00003020       0x18 .\emFile_V322c\LinkLibrary\PSoC5\GCC\libemf32nosnlfn.a(FAT_Misc.o)
                0x00003020                FS_FAT_WalkCluster
 .text.FS_FAT_FindLastCluster
                0x00003038       0x34 .\emFile_V322c\LinkLibrary\PSoC5\GCC\libemf32nosnlfn.a(FAT_Misc.o)
                0x00003038                FS_FAT_FindLastCluster
 .text._WriteFATEntry
                0x0000306c      0x18e .\emFile_V322c\LinkLibrary\PSoC5\GCC\libemf32nosnlfn.a(FAT_Misc.o)
 .text.FS_FAT_MarkClusterEOC
                0x000031fa        0x8 .\emFile_V322c\LinkLibrary\PSoC5\GCC\libemf32nosnlfn.a(FAT_Misc.o)
                0x000031fa                FS_FAT_MarkClusterEOC
 .text.FS_FAT_SyncFAT
                0x00003202       0x3c .\emFile_V322c\LinkLibrary\PSoC5\GCC\libemf32nosnlfn.a(FAT_Misc.o)
                0x00003202                FS_FAT_SyncFAT
 .text.FS_FAT_LinkCluster
                0x0000323e       0x1c .\emFile_V322c\LinkLibrary\PSoC5\GCC\libemf32nosnlfn.a(FAT_Misc.o)
                0x0000323e                FS_FAT_LinkCluster
 *fill*         0x0000325a        0x2 
 .text._CalcFreeClusterCnt
                0x0000325c       0x88 .\emFile_V322c\LinkLibrary\PSoC5\GCC\libemf32nosnlfn.a(FAT_Misc.o)
 .text.FS_FAT_FindFreeCluster
                0x000032e4       0xa8 .\emFile_V322c\LinkLibrary\PSoC5\GCC\libemf32nosnlfn.a(FAT_Misc.o)
                0x000032e4                FS_FAT_FindFreeCluster
 .text.FS_FAT_AllocCluster
                0x0000338c       0x20 .\emFile_V322c\LinkLibrary\PSoC5\GCC\libemf32nosnlfn.a(FAT_Misc.o)
                0x0000338c                FS_FAT_AllocCluster
 .text._WriteEmptyFATSectors
                0x000033ac       0x3c .\emFile_V322c\LinkLibrary\PSoC5\GCC\libemf32nosnlfn.a(FAT_Misc.o)
 .text.FS_FAT_FreeClusterChain
                0x000033e8       0xe0 .\emFile_V322c\LinkLibrary\PSoC5\GCC\libemf32nosnlfn.a(FAT_Misc.o)
                0x000033e8                FS_FAT_FreeClusterChain
 .text.FS_FAT_CheckBPB
                0x000034c8      0x1cc .\emFile_V322c\LinkLibrary\PSoC5\GCC\libemf32nosnlfn.a(FAT_Misc.o)
                0x000034c8                FS_FAT_CheckBPB
 .text.FS_FAT_InitDirEntryScan
                0x00003694       0x14 .\emFile_V322c\LinkLibrary\PSoC5\GCC\libemf32nosnlfn.a(FAT_Open.o)
                0x00003694                FS_FAT_InitDirEntryScan
 .text.FS_FAT_IncDirPos
                0x000036a8        0x8 .\emFile_V322c\LinkLibrary\PSoC5\GCC\libemf32nosnlfn.a(FAT_Open.o)
                0x000036a8                FS_FAT_IncDirPos
 .text._CopyDirText
                0x000036b0       0x44 .\emFile_V322c\LinkLibrary\PSoC5\GCC\libemf32nosnlfn.a(FAT_Open.o)
 .text.FS_FAT_Make83Name
                0x000036f4       0xb0 .\emFile_V322c\LinkLibrary\PSoC5\GCC\libemf32nosnlfn.a(FAT_Open.o)
                0x000036f4                FS_FAT_Make83Name
 .text.FS_FAT_GetDirEntry
                0x000037a4       0xb2 .\emFile_V322c\LinkLibrary\PSoC5\GCC\libemf32nosnlfn.a(FAT_Open.o)
                0x000037a4                FS_FAT_GetDirEntry
 .text.FS_FAT_FindDirEntryShortEx
                0x00003856       0x5a .\emFile_V322c\LinkLibrary\PSoC5\GCC\libemf32nosnlfn.a(FAT_Open.o)
                0x00003856                FS_FAT_FindDirEntryShortEx
 .text.FS_FAT_FindDirEntryShort
                0x000038b0       0x36 .\emFile_V322c\LinkLibrary\PSoC5\GCC\libemf32nosnlfn.a(FAT_Open.o)
                0x000038b0                FS_FAT_FindDirEntryShort
 .text.FS_FAT_FindEmptyDirEntry
                0x000038e6       0xb0 .\emFile_V322c\LinkLibrary\PSoC5\GCC\libemf32nosnlfn.a(FAT_Open.o)
                0x000038e6                FS_FAT_FindEmptyDirEntry
 .text.FS_FAT_GetFirstCluster
                0x00003996       0x1a .\emFile_V322c\LinkLibrary\PSoC5\GCC\libemf32nosnlfn.a(FAT_Open.o)
                0x00003996                FS_FAT_GetFirstCluster
 .text.FS_FAT_FindPath
                0x000039b0       0x7a .\emFile_V322c\LinkLibrary\PSoC5\GCC\libemf32nosnlfn.a(FAT_Open.o)
                0x000039b0                FS_FAT_FindPath
 .text.FS_FAT_DeleteFileOrDir
                0x00003a2a       0x48 .\emFile_V322c\LinkLibrary\PSoC5\GCC\libemf32nosnlfn.a(FAT_Open.o)
                0x00003a2a                FS_FAT_DeleteFileOrDir
 *fill*         0x00003a72        0x2 
 .text.FS_FAT_Open
                0x00003a74      0x1dc .\emFile_V322c\LinkLibrary\PSoC5\GCC\libemf32nosnlfn.a(FAT_Open.o)
                0x00003a74                FS_FAT_Open
 .text.FS_FAT_WriteDirEntryCluster
                0x00003c50       0x1c .\emFile_V322c\LinkLibrary\PSoC5\GCC\libemf32nosnlfn.a(FAT_Open.o)
                0x00003c50                FS_FAT_WriteDirEntryCluster
 .text.FS_FAT_WriteDirEntry83
                0x00003c6c       0x6c .\emFile_V322c\LinkLibrary\PSoC5\GCC\libemf32nosnlfn.a(FAT_Open.o)
                0x00003c6c                FS_FAT_WriteDirEntry83
 .text._ReadBurst
                0x00003cd8       0x24 .\emFile_V322c\LinkLibrary\PSoC5\GCC\libemf32nosnlfn.a(FAT_Read.o)
 .text.FS_FAT_Read
                0x00003cfc      0x194 .\emFile_V322c\LinkLibrary\PSoC5\GCC\libemf32nosnlfn.a(FAT_Read.o)
                0x00003cfc                FS_FAT_Read
 .text.FS_FAT_SetEndOfFile
                0x00003e90       0xbc .\emFile_V322c\LinkLibrary\PSoC5\GCC\libemf32nosnlfn.a(FAT_SetEndOfFile.o)
                0x00003e90                FS_FAT_SetEndOfFile
 .text.FS_FAT_Clean
                0x00003f4c       0x54 .\emFile_V322c\LinkLibrary\PSoC5\GCC\libemf32nosnlfn.a(FAT_Write.o)
                0x00003f4c                FS_FAT_Clean
 .text._WriteBurst
                0x00003fa0       0x24 .\emFile_V322c\LinkLibrary\PSoC5\GCC\libemf32nosnlfn.a(FAT_Write.o)
 .text.FS_FAT_GotoClusterAllocIfReq
                0x00003fc4       0xa8 .\emFile_V322c\LinkLibrary\PSoC5\GCC\libemf32nosnlfn.a(FAT_Write.o)
                0x00003fc4                FS_FAT_GotoClusterAllocIfReq
 .text.FS_FAT_UpdateDirEntry
                0x0000406c       0x68 .\emFile_V322c\LinkLibrary\PSoC5\GCC\libemf32nosnlfn.a(FAT_Write.o)
                0x0000406c                FS_FAT_UpdateDirEntry
 .text.FS_FAT_Close
                0x000040d4       0x44 .\emFile_V322c\LinkLibrary\PSoC5\GCC\libemf32nosnlfn.a(FAT_Write.o)
                0x000040d4                FS_FAT_Close
 .text.FS_FAT_Write
                0x00004118      0x1c8 .\emFile_V322c\LinkLibrary\PSoC5\GCC\libemf32nosnlfn.a(FAT_Write.o)
                0x00004118                FS_FAT_Write
 .text.FS__GetFileAttributes
                0x000042e0       0x38 .\emFile_V322c\LinkLibrary\PSoC5\GCC\libemf32nosnlfn.a(FS_Attrib.o)
                0x000042e0                FS__GetFileAttributes
 .text.FS__SetFileAttributes
                0x00004318       0x30 .\emFile_V322c\LinkLibrary\PSoC5\GCC\libemf32nosnlfn.a(FS_Attrib.o)
                0x00004318                FS__SetFileAttributes
 .text.FS__CLIB_memcmp
                0x00004348       0x20 .\emFile_V322c\LinkLibrary\PSoC5\GCC\libemf32nosnlfn.a(FS_CLib.o)
                0x00004348                FS__CLIB_memcmp
 .text.FS__CLIB_memset
                0x00004368       0x6c .\emFile_V322c\LinkLibrary\PSoC5\GCC\libemf32nosnlfn.a(FS_CLib.o)
                0x00004368                FS__CLIB_memset
 .text.FS__CLIB_strcmp
                0x000043d4       0x1a .\emFile_V322c\LinkLibrary\PSoC5\GCC\libemf32nosnlfn.a(FS_CLib.o)
                0x000043d4                FS__CLIB_strcmp
 .text.FS__CLIB_strlen
                0x000043ee       0x10 .\emFile_V322c\LinkLibrary\PSoC5\GCC\libemf32nosnlfn.a(FS_CLib.o)
                0x000043ee                FS__CLIB_strlen
 .text.FS__CLIB_strncmp
                0x000043fe       0x26 .\emFile_V322c\LinkLibrary\PSoC5\GCC\libemf32nosnlfn.a(FS_CLib.o)
                0x000043fe                FS__CLIB_strncmp
 .text.FS__CLIB_toupper
                0x00004424        0xe .\emFile_V322c\LinkLibrary\PSoC5\GCC\libemf32nosnlfn.a(FS_CLib.o)
                0x00004424                FS__CLIB_toupper
 .text.FS__strchr
                0x00004432       0x14 .\emFile_V322c\LinkLibrary\PSoC5\GCC\libemf32nosnlfn.a(FS_Core.o)
                0x00004432                FS__strchr
 .text.FS_LoadU32BE
                0x00004446       0x18 .\emFile_V322c\LinkLibrary\PSoC5\GCC\libemf32nosnlfn.a(FS_Core.o)
                0x00004446                FS_LoadU32BE
 .text.FS_LoadU32LE
                0x0000445e       0x16 .\emFile_V322c\LinkLibrary\PSoC5\GCC\libemf32nosnlfn.a(FS_Core.o)
                0x0000445e                FS_LoadU32LE
 .text.FS_StoreU32LE
                0x00004474       0x14 .\emFile_V322c\LinkLibrary\PSoC5\GCC\libemf32nosnlfn.a(FS_Core.o)
                0x00004474                FS_StoreU32LE
 .text.FS_StoreU16LE
                0x00004488        0x8 .\emFile_V322c\LinkLibrary\PSoC5\GCC\libemf32nosnlfn.a(FS_Core.o)
                0x00004488                FS_StoreU16LE
 .text.FS_LoadU16LE
                0x00004490        0xa .\emFile_V322c\LinkLibrary\PSoC5\GCC\libemf32nosnlfn.a(FS_Core.o)
                0x00004490                FS_LoadU16LE
 *fill*         0x0000449a        0x2 
 .text._Alloc   0x0000449c       0x30 .\emFile_V322c\LinkLibrary\PSoC5\GCC\libemf32nosnlfn.a(FS_Core.o)
 .text.FS_Alloc
                0x000044cc        0xc .\emFile_V322c\LinkLibrary\PSoC5\GCC\libemf32nosnlfn.a(FS_Core.o)
                0x000044cc                FS_Alloc
 .text.FS_TryAlloc
                0x000044d8        0x4 .\emFile_V322c\LinkLibrary\PSoC5\GCC\libemf32nosnlfn.a(FS_Core.o)
                0x000044d8                FS_TryAlloc
 .text.FS_Free  0x000044dc       0x1c .\emFile_V322c\LinkLibrary\PSoC5\GCC\libemf32nosnlfn.a(FS_Core.o)
                0x000044dc                FS_Free
 .text.FS_AssignMemory
                0x000044f8        0xc .\emFile_V322c\LinkLibrary\PSoC5\GCC\libemf32nosnlfn.a(FS_Core.o)
                0x000044f8                FS_AssignMemory
 .text.FS_AllocZeroed
                0x00004504       0x16 .\emFile_V322c\LinkLibrary\PSoC5\GCC\libemf32nosnlfn.a(FS_Core.o)
                0x00004504                FS_AllocZeroed
 *fill*         0x0000451a        0x2 
 .text.FS_STORAGE_Init
                0x0000451c       0x28 .\emFile_V322c\LinkLibrary\PSoC5\GCC\libemf32nosnlfn.a(FS_Core.o)
                0x0000451c                FS_STORAGE_Init
 .text._ClrBusyLED
                0x00004544        0xc .\emFile_V322c\LinkLibrary\PSoC5\GCC\libemf32nosnlfn.a(FS_LogBlock.o)
 .text._SetBusyLED
                0x00004550        0xc .\emFile_V322c\LinkLibrary\PSoC5\GCC\libemf32nosnlfn.a(FS_LogBlock.o)
 .text._Read    0x0000455c        0xc .\emFile_V322c\LinkLibrary\PSoC5\GCC\libemf32nosnlfn.a(FS_LogBlock.o)
 .text._Write   0x00004568       0x12 .\emFile_V322c\LinkLibrary\PSoC5\GCC\libemf32nosnlfn.a(FS_LogBlock.o)
 .text.FS_LB_GetStatus
                0x0000457a        0xc .\emFile_V322c\LinkLibrary\PSoC5\GCC\libemf32nosnlfn.a(FS_LogBlock.o)
                0x0000457a                FS_LB_GetStatus
 .text.FS_LB_InitMedium
                0x00004586       0x1a .\emFile_V322c\LinkLibrary\PSoC5\GCC\libemf32nosnlfn.a(FS_LogBlock.o)
                0x00004586                FS_LB_InitMedium
 .text.FS_LB_InitMediumIfRequired
                0x000045a0       0x10 .\emFile_V322c\LinkLibrary\PSoC5\GCC\libemf32nosnlfn.a(FS_LogBlock.o)
                0x000045a0                FS_LB_InitMediumIfRequired
 .text.FS_LB_ReadDevice
                0x000045b0       0x2e .\emFile_V322c\LinkLibrary\PSoC5\GCC\libemf32nosnlfn.a(FS_LogBlock.o)
                0x000045b0                FS_LB_ReadDevice
 .text.FS_LB_ReadPart
                0x000045de        0xe .\emFile_V322c\LinkLibrary\PSoC5\GCC\libemf32nosnlfn.a(FS_LogBlock.o)
                0x000045de                FS_LB_ReadPart
 .text.FS_LB_ReadBurst
                0x000045ec       0x38 .\emFile_V322c\LinkLibrary\PSoC5\GCC\libemf32nosnlfn.a(FS_LogBlock.o)
                0x000045ec                FS_LB_ReadBurst
 .text.FS_LB_ReadBurstPart
                0x00004624       0x14 .\emFile_V322c\LinkLibrary\PSoC5\GCC\libemf32nosnlfn.a(FS_LogBlock.o)
                0x00004624                FS_LB_ReadBurstPart
 .text.FS_LB_WriteBurst
                0x00004638       0x30 .\emFile_V322c\LinkLibrary\PSoC5\GCC\libemf32nosnlfn.a(FS_LogBlock.o)
                0x00004638                FS_LB_WriteBurst
 .text.FS_LB_WriteBurstPart
                0x00004668       0x14 .\emFile_V322c\LinkLibrary\PSoC5\GCC\libemf32nosnlfn.a(FS_LogBlock.o)
                0x00004668                FS_LB_WriteBurstPart
 .text.FS_LB_WriteMultiple
                0x0000467c       0x30 .\emFile_V322c\LinkLibrary\PSoC5\GCC\libemf32nosnlfn.a(FS_LogBlock.o)
                0x0000467c                FS_LB_WriteMultiple
 .text.FS_LB_WriteMultiplePart
                0x000046ac       0x14 .\emFile_V322c\LinkLibrary\PSoC5\GCC\libemf32nosnlfn.a(FS_LogBlock.o)
                0x000046ac                FS_LB_WriteMultiplePart
 .text.FS_LB_WriteDevice
                0x000046c0       0x36 .\emFile_V322c\LinkLibrary\PSoC5\GCC\libemf32nosnlfn.a(FS_LogBlock.o)
                0x000046c0                FS_LB_WriteDevice
 .text.FS_LB_WritePart
                0x000046f6        0xe .\emFile_V322c\LinkLibrary\PSoC5\GCC\libemf32nosnlfn.a(FS_LogBlock.o)
                0x000046f6                FS_LB_WritePart
 .text.FS_LB_Ioctl
                0x00004704       0x2a .\emFile_V322c\LinkLibrary\PSoC5\GCC\libemf32nosnlfn.a(FS_LogBlock.o)
                0x00004704                FS_LB_Ioctl
 .text.FS_GetSectorSize
                0x0000472e       0x28 .\emFile_V322c\LinkLibrary\PSoC5\GCC\libemf32nosnlfn.a(FS_LogBlock.o)
                0x0000472e                FS_GetSectorSize
 .text.FS_LB_GetDeviceInfo
                0x00004756       0x26 .\emFile_V322c\LinkLibrary\PSoC5\GCC\libemf32nosnlfn.a(FS_LogBlock.o)
                0x00004756                FS_LB_GetDeviceInfo
 .text.FS_memcpy
                0x0000477c      0x120 .\emFile_V322c\LinkLibrary\PSoC5\GCC\libemf32nosnlfn.a(FS_memcpy.o)
                0x0000477c                FS_memcpy
 .text._IsBPB   0x0000489c       0x1e .\emFile_V322c\LinkLibrary\PSoC5\GCC\libemf32nosnlfn.a(FS_Partition.o)
 .text._HasSignature
                0x000048ba       0x18 .\emFile_V322c\LinkLibrary\PSoC5\GCC\libemf32nosnlfn.a(FS_Partition.o)
 .text._GetPartitionStartSector
                0x000048d2        0xc .\emFile_V322c\LinkLibrary\PSoC5\GCC\libemf32nosnlfn.a(FS_Partition.o)
 .text.FS__GetMediaStartSecEx
                0x000048de       0x6e .\emFile_V322c\LinkLibrary\PSoC5\GCC\libemf32nosnlfn.a(FS_Partition.o)
                0x000048de                FS__GetMediaStartSecEx
 .text.FS__LocatePartition
                0x0000494c       0x44 .\emFile_V322c\LinkLibrary\PSoC5\GCC\libemf32nosnlfn.a(FS_Partition.o)
                0x0000494c                FS__LocatePartition
 .text.FS_X_AddDevices
                0x00004990       0x1c .\CortexM3\ARM_GCC_541\Debug\ServoControl.a(emFile_1_ConfigMMC_SPI.o)
                0x00004990                FS_X_AddDevices
 .text.FS_X_GetTimeDate
                0x000049ac        0x8 .\CortexM3\ARM_GCC_541\Debug\ServoControl.a(emFile_1_ConfigMMC_SPI.o)
                0x000049ac                FS_X_GetTimeDate
 .text._CalcDataCRC16Dummy
                0x000049b4        0x6 .\emFile_V322c\LinkLibrary\PSoC5\GCC\libemf32nosnlfn.a(MMC_Drv.o)
 *fill*         0x000049ba        0x2 
 .text._MMC_GetNumUnits
                0x000049bc        0xc .\emFile_V322c\LinkLibrary\PSoC5\GCC\libemf32nosnlfn.a(MMC_Drv.o)
 .text._MMC_GetDriverName
                0x000049c8        0x8 .\emFile_V322c\LinkLibrary\PSoC5\GCC\libemf32nosnlfn.a(MMC_Drv.o)
 .text._MMC_GetStatus
                0x000049d0        0x4 .\emFile_V322c\LinkLibrary\PSoC5\GCC\libemf32nosnlfn.a(MMC_Drv.o)
 .text._CheckR1
                0x000049d4       0x38 .\emFile_V322c\LinkLibrary\PSoC5\GCC\libemf32nosnlfn.a(MMC_Drv.o)
 .text._WaitToGetReady
                0x00004a0c       0x26 .\emFile_V322c\LinkLibrary\PSoC5\GCC\libemf32nosnlfn.a(MMC_Drv.o)
 .text._SendEmptyCycles
                0x00004a32       0x24 .\emFile_V322c\LinkLibrary\PSoC5\GCC\libemf32nosnlfn.a(MMC_Drv.o)
 *fill*         0x00004a56        0x2 
 .text._MMC_AddDevice
                0x00004a58       0x2c .\emFile_V322c\LinkLibrary\PSoC5\GCC\libemf32nosnlfn.a(MMC_Drv.o)
 .text.T.53     0x00004a84       0x14 .\emFile_V322c\LinkLibrary\PSoC5\GCC\libemf32nosnlfn.a(MMC_Drv.o)
 .text._GetFromCSD
                0x00004a98       0x34 .\emFile_V322c\LinkLibrary\PSoC5\GCC\libemf32nosnlfn.a(MMC_Drv.o)
 .text._ExecCmdR1
                0x00004acc       0x98 .\emFile_V322c\LinkLibrary\PSoC5\GCC\libemf32nosnlfn.a(MMC_Drv.o)
 .text._ReadCSD
                0x00004b64       0x86 .\emFile_V322c\LinkLibrary\PSoC5\GCC\libemf32nosnlfn.a(MMC_Drv.o)
 *fill*         0x00004bea        0x2 
 .text._MMC_Read
                0x00004bec      0x130 .\emFile_V322c\LinkLibrary\PSoC5\GCC\libemf32nosnlfn.a(MMC_Drv.o)
 .text._MMC_Write
                0x00004d1c      0x13c .\emFile_V322c\LinkLibrary\PSoC5\GCC\libemf32nosnlfn.a(MMC_Drv.o)
 .text._ApplyCSD
                0x00004e58      0x228 .\emFile_V322c\LinkLibrary\PSoC5\GCC\libemf32nosnlfn.a(MMC_Drv.o)
 .text._MMC_Init
                0x00005080      0x1c0 .\emFile_V322c\LinkLibrary\PSoC5\GCC\libemf32nosnlfn.a(MMC_Drv.o)
 .text._MMC_InitMedium
                0x00005240       0x28 .\emFile_V322c\LinkLibrary\PSoC5\GCC\libemf32nosnlfn.a(MMC_Drv.o)
 .text._MMC_IoCtl
                0x00005268       0x60 .\emFile_V322c\LinkLibrary\PSoC5\GCC\libemf32nosnlfn.a(MMC_Drv.o)
 .text.emFile_1_Init
                0x000052c8       0x4c .\CortexM3\ARM_GCC_541\Debug\ServoControl.a(emFile_1_MMC_HW_SPI.o)
 .text.emFile_1_ReadWriteSPI
                0x00005314       0x30 .\CortexM3\ARM_GCC_541\Debug\ServoControl.a(emFile_1_MMC_HW_SPI.o)
 .text.FS_MMC_HW_X_EnableCS
                0x00005344       0x14 .\CortexM3\ARM_GCC_541\Debug\ServoControl.a(emFile_1_MMC_HW_SPI.o)
                0x00005344                FS_MMC_HW_X_EnableCS
 .text.FS_MMC_HW_X_DisableCS
                0x00005358       0x14 .\CortexM3\ARM_GCC_541\Debug\ServoControl.a(emFile_1_MMC_HW_SPI.o)
                0x00005358                FS_MMC_HW_X_DisableCS
 .text.FS_MMC_HW_X_IsWriteProtected
                0x0000536c        0x4 .\CortexM3\ARM_GCC_541\Debug\ServoControl.a(emFile_1_MMC_HW_SPI.o)
                0x0000536c                FS_MMC_HW_X_IsWriteProtected
 .text.FS_MMC_HW_X_SetMaxSpeed
                0x00005370       0x58 .\CortexM3\ARM_GCC_541\Debug\ServoControl.a(emFile_1_MMC_HW_SPI.o)
                0x00005370                FS_MMC_HW_X_SetMaxSpeed
 .text.FS_MMC_HW_X_SetVoltage
                0x000053c8       0x3c .\CortexM3\ARM_GCC_541\Debug\ServoControl.a(emFile_1_MMC_HW_SPI.o)
                0x000053c8                FS_MMC_HW_X_SetVoltage
 .text.FS_MMC_HW_X_IsPresent
                0x00005404        0xc .\CortexM3\ARM_GCC_541\Debug\ServoControl.a(emFile_1_MMC_HW_SPI.o)
                0x00005404                FS_MMC_HW_X_IsPresent
 .text.FS_MMC_HW_X_Read
                0x00005410       0x1c .\CortexM3\ARM_GCC_541\Debug\ServoControl.a(emFile_1_MMC_HW_SPI.o)
                0x00005410                FS_MMC_HW_X_Read
 .text.FS_MMC_HW_X_Write
                0x0000542c       0x18 .\CortexM3\ARM_GCC_541\Debug\ServoControl.a(emFile_1_MMC_HW_SPI.o)
                0x0000542c                FS_MMC_HW_X_Write
 .text.emFile_1_SPI0_Enable
                0x00005444       0x30 .\CortexM3\ARM_GCC_541\Debug\ServoControl.a(emFile_1_SPI0.o)
                0x00005444                emFile_1_SPI0_Enable
 .text.emFile_1_SPI0_ReadTxStatus
                0x00005474        0xc .\CortexM3\ARM_GCC_541\Debug\ServoControl.a(emFile_1_SPI0.o)
                0x00005474                emFile_1_SPI0_ReadTxStatus
 .text.emFile_1_SPI0_ReadRxStatus
                0x00005480        0xc .\CortexM3\ARM_GCC_541\Debug\ServoControl.a(emFile_1_SPI0.o)
                0x00005480                emFile_1_SPI0_ReadRxStatus
 .text.emFile_1_SPI0_WriteTxData
                0x0000548c       0x18 .\CortexM3\ARM_GCC_541\Debug\ServoControl.a(emFile_1_SPI0.o)
                0x0000548c                emFile_1_SPI0_WriteTxData
 .text.emFile_1_SPI0_ReadRxData
                0x000054a4        0xc .\CortexM3\ARM_GCC_541\Debug\ServoControl.a(emFile_1_SPI0.o)
                0x000054a4                emFile_1_SPI0_ReadRxData
 .text.emFile_1_SPI0_ClearFIFO
                0x000054b0       0x3c .\CortexM3\ARM_GCC_541\Debug\ServoControl.a(emFile_1_SPI0.o)
                0x000054b0                emFile_1_SPI0_ClearFIFO
 .text.emFile_1_SPI0_Init
                0x000054ec       0x28 .\CortexM3\ARM_GCC_541\Debug\ServoControl.a(emFile_1_SPI0.o)
                0x000054ec                emFile_1_SPI0_Init
 .text.emFile_1_SPI0_Start
                0x00005514       0x1c .\CortexM3\ARM_GCC_541\Debug\ServoControl.a(emFile_1_SPI0.o)
                0x00005514                emFile_1_SPI0_Start
 .text.emFile_1_Clock_1_Start
                0x00005530       0x1c .\CortexM3\ARM_GCC_541\Debug\ServoControl.a(emFile_1_Clock_1.o)
                0x00005530                emFile_1_Clock_1_Start
 .text.emFile_1_Clock_1_Stop
                0x0000554c       0x1c .\CortexM3\ARM_GCC_541\Debug\ServoControl.a(emFile_1_Clock_1.o)
                0x0000554c                emFile_1_Clock_1_Stop
 .text.emFile_1_Clock_1_GetDividerRegister
                0x00005568        0xc .\CortexM3\ARM_GCC_541\Debug\ServoControl.a(emFile_1_Clock_1.o)
                0x00005568                emFile_1_Clock_1_GetDividerRegister
 .text.emFile_1_Clock_1_GetSourceRegister
                0x00005574       0x10 .\CortexM3\ARM_GCC_541\Debug\ServoControl.a(emFile_1_Clock_1.o)
                0x00005574                emFile_1_Clock_1_GetSourceRegister
 .text.emFile_1_Clock_1_SetDividerRegister
                0x00005584       0xdc .\CortexM3\ARM_GCC_541\Debug\ServoControl.a(emFile_1_Clock_1.o)
                0x00005584                emFile_1_Clock_1_SetDividerRegister
 .text.emFile_1_SPI0_CS_Write
                0x00005660       0x18 .\CortexM3\ARM_GCC_541\Debug\ServoControl.a(emFile_1_SPI0_CS.o)
                0x00005660                emFile_1_SPI0_CS_Write
 .text.__errno  0x00005678        0xc c:/program files (x86)/cypress/psoc creator/4.2/psoc creator/import/gnu/arm/5.4.1/bin/../lib/gcc/arm-none-eabi/5.4.1/../../../../arm-none-eabi/lib/armv7-m\libg_nano.a(lib_a-errno.o)
                0x00005678                __errno
 .text.__libc_init_array
                0x00005684       0x4c c:/program files (x86)/cypress/psoc creator/4.2/psoc creator/import/gnu/arm/5.4.1/bin/../lib/gcc/arm-none-eabi/5.4.1/../../../../arm-none-eabi/lib/armv7-m\libg_nano.a(lib_a-init.o)
                0x00005684                __libc_init_array
 .text.memcpy   0x000056d0       0x16 c:/program files (x86)/cypress/psoc creator/4.2/psoc creator/import/gnu/arm/5.4.1/bin/../lib/gcc/arm-none-eabi/5.4.1/../../../../arm-none-eabi/lib/armv7-m\libg_nano.a(lib_a-memcpy-stub.o)
                0x000056d0                memcpy
 .text.memset   0x000056e6       0x10 c:/program files (x86)/cypress/psoc creator/4.2/psoc creator/import/gnu/arm/5.4.1/bin/../lib/gcc/arm-none-eabi/5.4.1/../../../../arm-none-eabi/lib/armv7-m\libg_nano.a(lib_a-memset.o)
                0x000056e6                memset
 *fill*         0x000056f6        0x2 
 .text.sprintf  0x000056f8       0x48 c:/program files (x86)/cypress/psoc creator/4.2/psoc creator/import/gnu/arm/5.4.1/bin/../lib/gcc/arm-none-eabi/5.4.1/../../../../arm-none-eabi/lib/armv7-m\libg_nano.a(lib_a-sprintf.o)
                0x000056f8                siprintf
                0x000056f8                sprintf
 .text.strcat   0x00005740       0x1e c:/program files (x86)/cypress/psoc creator/4.2/psoc creator/import/gnu/arm/5.4.1/bin/../lib/gcc/arm-none-eabi/5.4.1/../../../../arm-none-eabi/lib/armv7-m\libg_nano.a(lib_a-strcat.o)
                0x00005740                strcat
 .text          0x0000575e       0x10 c:/program files (x86)/cypress/psoc creator/4.2/psoc creator/import/gnu/arm/5.4.1/bin/../lib/gcc/arm-none-eabi/5.4.1/../../../../arm-none-eabi/lib/armv7-m\libg_nano.a(lib_a-strlen.o)
                0x0000575e                strlen
 .text.__ssputs_r
                0x0000576e       0xb2 c:/program files (x86)/cypress/psoc creator/4.2/psoc creator/import/gnu/arm/5.4.1/bin/../lib/gcc/arm-none-eabi/5.4.1/../../../../arm-none-eabi/lib/armv7-m\libg_nano.a(lib_a-nano-svfprintf.o)
                0x0000576e                __ssputs_r
 .text._svfprintf_r
                0x00005820      0x1e8 c:/program files (x86)/cypress/psoc creator/4.2/psoc creator/import/gnu/arm/5.4.1/bin/../lib/gcc/arm-none-eabi/5.4.1/../../../../arm-none-eabi/lib/armv7-m\libg_nano.a(lib_a-nano-svfprintf.o)
                0x00005820                _svfiprintf_r
                0x00005820                _svfprintf_r
 .text._printf_common
                0x00005a08       0xec c:/program files (x86)/cypress/psoc creator/4.2/psoc creator/import/gnu/arm/5.4.1/bin/../lib/gcc/arm-none-eabi/5.4.1/../../../../arm-none-eabi/lib/armv7-m\libg_nano.a(lib_a-nano-vfprintf_i.o)
                0x00005a08                _printf_common
 .text._printf_i
                0x00005af4      0x24c c:/program files (x86)/cypress/psoc creator/4.2/psoc creator/import/gnu/arm/5.4.1/bin/../lib/gcc/arm-none-eabi/5.4.1/../../../../arm-none-eabi/lib/armv7-m\libg_nano.a(lib_a-nano-vfprintf_i.o)
                0x00005af4                _printf_i
 .text.memchr   0x00005d40       0x1c c:/program files (x86)/cypress/psoc creator/4.2/psoc creator/import/gnu/arm/5.4.1/bin/../lib/gcc/arm-none-eabi/5.4.1/../../../../arm-none-eabi/lib/armv7-m\libg_nano.a(lib_a-memchr-stub.o)
                0x00005d40                memchr
 .text.memmove  0x00005d5c       0x36 c:/program files (x86)/cypress/psoc creator/4.2/psoc creator/import/gnu/arm/5.4.1/bin/../lib/gcc/arm-none-eabi/5.4.1/../../../../arm-none-eabi/lib/armv7-m\libg_nano.a(lib_a-memmove.o)
                0x00005d5c                memmove
 *fill*         0x00005d92        0x2 
 .text._free_r  0x00005d94       0x98 c:/program files (x86)/cypress/psoc creator/4.2/psoc creator/import/gnu/arm/5.4.1/bin/../lib/gcc/arm-none-eabi/5.4.1/../../../../arm-none-eabi/lib/armv7-m\libg_nano.a(lib_a-nano-freer.o)
                0x00005d94                _free_r
 .text._malloc_r
                0x00005e2c       0xbc c:/program files (x86)/cypress/psoc creator/4.2/psoc creator/import/gnu/arm/5.4.1/bin/../lib/gcc/arm-none-eabi/5.4.1/../../../../arm-none-eabi/lib/armv7-m\libg_nano.a(lib_a-nano-mallocr.o)
                0x00005e2c                _malloc_r
 .text._realloc_r
                0x00005ee8       0x4c c:/program files (x86)/cypress/psoc creator/4.2/psoc creator/import/gnu/arm/5.4.1/bin/../lib/gcc/arm-none-eabi/5.4.1/../../../../arm-none-eabi/lib/armv7-m\libg_nano.a(lib_a-nano-reallocr.o)
                0x00005ee8                _realloc_r
 .text._sbrk_r  0x00005f34       0x20 c:/program files (x86)/cypress/psoc creator/4.2/psoc creator/import/gnu/arm/5.4.1/bin/../lib/gcc/arm-none-eabi/5.4.1/../../../../arm-none-eabi/lib/armv7-m\libg_nano.a(lib_a-sbrkr.o)
                0x00005f34                _sbrk_r
 .text.__malloc_lock
                0x00005f54        0x2 c:/program files (x86)/cypress/psoc creator/4.2/psoc creator/import/gnu/arm/5.4.1/bin/../lib/gcc/arm-none-eabi/5.4.1/../../../../arm-none-eabi/lib/armv7-m\libg_nano.a(lib_a-mlock.o)
                0x00005f54                __malloc_lock
 .text.__malloc_unlock
                0x00005f56        0x2 c:/program files (x86)/cypress/psoc creator/4.2/psoc creator/import/gnu/arm/5.4.1/bin/../lib/gcc/arm-none-eabi/5.4.1/../../../../arm-none-eabi/lib/armv7-m\libg_nano.a(lib_a-mlock.o)
                0x00005f56                __malloc_unlock
 .text._malloc_usable_size_r
                0x00005f58       0x14 c:/program files (x86)/cypress/psoc creator/4.2/psoc creator/import/gnu/arm/5.4.1/bin/../lib/gcc/arm-none-eabi/5.4.1/../../../../arm-none-eabi/lib/armv7-m\libg_nano.a(lib_a-nano-msizer.o)
                0x00005f58                _malloc_usable_size_r
 *(.plt)
 *(.gnu.warning)
 *(.glue_7t)
 .glue_7t       0x00005f6c        0x0 linker stubs
 *(.glue_7)
 .glue_7        0x00005f6c        0x0 linker stubs
 *(.vfp11_veneer)
 .vfp11_veneer  0x00005f6c        0x0 linker stubs
 *(.bootloader)
 *(.ARM.extab* .gnu.linkonce.armextab.*)
 *(.gcc_except_table)

.v4_bx          0x00005f6c        0x0
 .v4_bx         0x00005f6c        0x0 linker stubs

.iplt           0x00005f6c        0x0
 .iplt          0x00005f6c        0x0 c:/program files (x86)/cypress/psoc creator/4.2/psoc creator/import/gnu/arm/5.4.1/bin/../lib/gcc/arm-none-eabi/5.4.1/armv7-m/crtbegin.o

.eh_frame_hdr
 *(.eh_frame_hdr)

.eh_frame       0x00005f6c        0x4
 *(.eh_frame)
 .eh_frame      0x00005f6c        0x0 c:/program files (x86)/cypress/psoc creator/4.2/psoc creator/import/gnu/arm/5.4.1/bin/../lib/gcc/arm-none-eabi/5.4.1/armv7-m/crtbegin.o
 .eh_frame      0x00005f6c        0x4 c:/program files (x86)/cypress/psoc creator/4.2/psoc creator/import/gnu/arm/5.4.1/bin/../lib/gcc/arm-none-eabi/5.4.1/armv7-m/crtend.o
                [!provide]                PROVIDE (__exidx_start, .)

.ARM.exidx
 *(.ARM.exidx* .gnu.linkonce.armexidx.*)
                0x00005f70                __exidx_end = .

.rodata         0x00005f70      0x268
 *(.rodata .rodata.* .gnu.linkonce.r.*)
 .rodata.str1.4
                0x00005f70       0x3b .\CortexM3\ARM_GCC_541\Debug\main.o
 *fill*         0x00005fab        0x1 
 .rodata.str1.4
                0x00005fac       0x48 .\CortexM3\ARM_GCC_541\Debug\Adafruit_GPS.o
 .rodata        0x00005ff4       0x4c .\CortexM3\ARM_GCC_541\Debug\cyfitter_cfg.o
 .rodata        0x00006040       0x78 .\emFile_V322c\LinkLibrary\PSoC5\GCC\libemf32nosnlfn.a(FS_Misc.o)
 .rodata.str1.1
                0x000060b8       0x30 .\emFile_V322c\LinkLibrary\PSoC5\GCC\libemf32nosnlfn.a(FS_Misc.o)
 .rodata        0x000060e8       0x10 .\emFile_V322c\LinkLibrary\PSoC5\GCC\libemf32nosnlfn.a(FAT_Misc.o)
                0x000060e8                FAT_SFN_API
 .rodata.str1.1
                0x000060f8        0x3 .\emFile_V322c\LinkLibrary\PSoC5\GCC\libemf32nosnlfn.a(FAT_Open.o)
 *fill*         0x000060fb        0x1 
 .rodata        0x000060fc       0x68 .\emFile_V322c\LinkLibrary\PSoC5\GCC\libemf32nosnlfn.a(MMC_Drv.o)
                0x00006144                FS_MMC_SPI_Driver
 .rodata.str1.1
                0x00006164        0x4 .\emFile_V322c\LinkLibrary\PSoC5\GCC\libemf32nosnlfn.a(MMC_Drv.o)
 .rodata.str1.1
                0x00006168        0x2 c:/program files (x86)/cypress/psoc creator/4.2/psoc creator/import/gnu/arm/5.4.1/bin/../lib/gcc/arm-none-eabi/5.4.1/../../../../arm-none-eabi/lib/armv7-m\libg_nano.a(lib_a-impure.o)
 .rodata.str1.1
                0x0000616a       0x11 c:/program files (x86)/cypress/psoc creator/4.2/psoc creator/import/gnu/arm/5.4.1/bin/../lib/gcc/arm-none-eabi/5.4.1/../../../../arm-none-eabi/lib/armv7-m\libg_nano.a(lib_a-nano-svfprintf.o)
 .rodata.str1.1
                0x0000617b       0x22 c:/program files (x86)/cypress/psoc creator/4.2/psoc creator/import/gnu/arm/5.4.1/bin/../lib/gcc/arm-none-eabi/5.4.1/../../../../arm-none-eabi/lib/armv7-m\libg_nano.a(lib_a-nano-vfprintf_i.o)
                0x000061a0                . = ALIGN (0x4)
 *fill*         0x0000619d        0x3 
 *(.init)
 .init          0x000061a0        0x4 c:/program files (x86)/cypress/psoc creator/4.2/psoc creator/import/gnu/arm/5.4.1/bin/../lib/gcc/arm-none-eabi/5.4.1/armv7-m/crti.o
                0x000061a0                _init
 .init          0x000061a4        0x8 c:/program files (x86)/cypress/psoc creator/4.2/psoc creator/import/gnu/arm/5.4.1/bin/../lib/gcc/arm-none-eabi/5.4.1/armv7-m/crtn.o
                0x000061ac                . = ALIGN (0x4)
                0x000061ac                __preinit_array_start = .
 *(.preinit_array)
                0x000061ac                __preinit_array_end = .
                0x000061ac                . = ALIGN (0x4)
                0x000061ac                __init_array_start = .
 *(SORT(.init_array.*))
 *(.init_array)
 .init_array    0x000061ac        0x4 c:/program files (x86)/cypress/psoc creator/4.2/psoc creator/import/gnu/arm/5.4.1/bin/../lib/gcc/arm-none-eabi/5.4.1/armv7-m/crtbegin.o
 .init_array    0x000061b0        0x4 .\CortexM3\ARM_GCC_541\Debug\Cm3Start.o
                0x000061b4                __init_array_end = .
                0x000061b4                . = ALIGN (0x4)
 *(.fini)
 .fini          0x000061b4        0x4 c:/program files (x86)/cypress/psoc creator/4.2/psoc creator/import/gnu/arm/5.4.1/bin/../lib/gcc/arm-none-eabi/5.4.1/armv7-m/crti.o
                0x000061b4                _fini
 .fini          0x000061b8        0x8 c:/program files (x86)/cypress/psoc creator/4.2/psoc creator/import/gnu/arm/5.4.1/bin/../lib/gcc/arm-none-eabi/5.4.1/armv7-m/crtn.o
                0x000061c0                . = ALIGN (0x4)
                0x000061c0                __fini_array_start = .
 *(.fini_array)
 .fini_array    0x000061c0        0x4 c:/program files (x86)/cypress/psoc creator/4.2/psoc creator/import/gnu/arm/5.4.1/bin/../lib/gcc/arm-none-eabi/5.4.1/armv7-m/crtbegin.o
 *(SORT(.fini_array.*))
                0x000061c4                __fini_array_end = .
                0x000061c4                . = ALIGN (0x4)
 *crtbegin.o(.ctors)
 *(EXCLUDE_FILE(*crtend.o) .ctors)
 *(SORT(.ctors.*))
 *crtend.o(.ctors)
                0x000061c4                . = ALIGN (0x4)
 *crtbegin.o(.dtors)
 *(EXCLUDE_FILE(*crtend.o) .dtors)
 *(SORT(.dtors.*))
 *crtend.o(.dtors)
                0x000061c4                . = ALIGN (0x4)
                0x000061c4                __cy_regions = .
                0x000061c4        0x4 LONG 0x61d8 __cy_region_init_ram
                0x000061c8        0x4 LONG 0x1fff80c8 __cy_region_start_data
                0x000061cc        0x4 LONG 0x98 __cy_region_init_size_ram
                0x000061d0        0x4 LONG 0x1440 __cy_region_zero_size_ram
                0x000061d4                __cy_regions_end = .
                0x000061d8                . = ALIGN (0x8)
 *fill*         0x000061d4        0x4 
                0x000061d8                _etext = .

.cy_checksum_exclude
                0x000061d8        0x0
 *(.cy_checksum_exclude)

.ramvectors     0x1fff8000       0xc0
                0x1fff8000                __cy_region_start_ram = .
 *(.ramvectors)
 .ramvectors    0x1fff8000       0xc0 .\CortexM3\ARM_GCC_541\Debug\Cm3Start.o
                0x1fff8000                CyRamVectors

.noinit         0x1fff80c0        0x1
 *(.noinit)
 .noinit        0x1fff80c0        0x1 .\CortexM3\ARM_GCC_541\Debug\ServoControl.a(CyLib.o)
                0x1fff80c0                CyResetStatus

.data           0x1fff80c8       0x98 load address 0x000061d8
                0x1fff80c8                __cy_region_start_data = .
 *(.jcr)
 .jcr           0x1fff80c8        0x0 c:/program files (x86)/cypress/psoc creator/4.2/psoc creator/import/gnu/arm/5.4.1/bin/../lib/gcc/arm-none-eabi/5.4.1/armv7-m/crtbegin.o
 .jcr           0x1fff80c8        0x4 c:/program files (x86)/cypress/psoc creator/4.2/psoc creator/import/gnu/arm/5.4.1/bin/../lib/gcc/arm-none-eabi/5.4.1/armv7-m/crtend.o
 *(.got.plt)
 *(.got)
 *(.shdata)
 *(.data .data.* .gnu.linkonce.d.*)
 .data          0x1fff80cc        0xd .\CortexM3\ARM_GCC_541\Debug\main.o
                0x1fff80cc                sdFile
 *fill*         0x1fff80d9        0x3 
 .data          0x1fff80dc        0x4 .\CortexM3\ARM_GCC_541\Debug\Cm3Start.o
 .data          0x1fff80e0       0x10 .\CortexM3\ARM_GCC_541\Debug\ServoControl.a(CyLib.o)
                0x1fff80e0                cydelay_32k_ms
                0x1fff80e4                cydelay_freq_khz
                0x1fff80e8                cydelay_freq_mhz
                0x1fff80ec                cydelay_freq_hz
 .data          0x1fff80f0        0x4 .\emFile_V322c\LinkLibrary\PSoC5\GCC\libemf32nosnlfn.a(FAT_Misc.o)
                0x1fff80f0                FAT_pDirEntryAPI
 .data          0x1fff80f4        0x4 .\emFile_V322c\LinkLibrary\PSoC5\GCC\libemf32nosnlfn.a(MMC_Drv.o)
 .data.impure_data
                0x1fff80f8       0x60 c:/program files (x86)/cypress/psoc creator/4.2/psoc creator/import/gnu/arm/5.4.1/bin/../lib/gcc/arm-none-eabi/5.4.1/../../../../arm-none-eabi/lib/armv7-m\libg_nano.a(lib_a-impure.o)
 .data._impure_ptr
                0x1fff8158        0x4 c:/program files (x86)/cypress/psoc creator/4.2/psoc creator/import/gnu/arm/5.4.1/bin/../lib/gcc/arm-none-eabi/5.4.1/../../../../arm-none-eabi/lib/armv7-m\libg_nano.a(lib_a-impure.o)
                0x1fff8158                _impure_ptr
                0x1fff8160                . = ALIGN (0x8)
 *fill*         0x1fff815c        0x4 
 *(.ram)
                0x1fff8160                _edata = .

.igot.plt       0x1fff8160        0x0 load address 0x00006270
 .igot.plt      0x1fff8160        0x0 c:/program files (x86)/cypress/psoc creator/4.2/psoc creator/import/gnu/arm/5.4.1/bin/../lib/gcc/arm-none-eabi/5.4.1/armv7-m/crtbegin.o

.bss            0x1fff8160     0x1440 load address 0x00006270
                0x1fff8160                PROVIDE (__bss_start__, .)
 *(.shbss)
 *(.bss .bss.* .gnu.linkonce.b.*)
 .bss           0x1fff8160       0x1c c:/program files (x86)/cypress/psoc creator/4.2/psoc creator/import/gnu/arm/5.4.1/bin/../lib/gcc/arm-none-eabi/5.4.1/armv7-m/crtbegin.o
 .bss           0x1fff817c        0x1 .\CortexM3\ARM_GCC_541\Debug\Adafruit_GPS.o
                0x1fff817c                NewGPSData
 .bss           0x1fff817d        0x1 .\CortexM3\ARM_GCC_541\Debug\ServoControl.a(Stabilizer.o)
                0x1fff817d                Stabilizer_initVar
 .bss           0x1fff817e        0x1 .\CortexM3\ARM_GCC_541\Debug\ServoControl.a(Aileron.o)
                0x1fff817e                Aileron_initVar
 .bss           0x1fff817f        0x1 .\CortexM3\ARM_GCC_541\Debug\ServoControl.a(Motor_Speed.o)
                0x1fff817f                Motor_Speed_initVar
 .bss           0x1fff8180        0x1 .\CortexM3\ARM_GCC_541\Debug\ServoControl.a(Timer_1.o)
                0x1fff8180                Timer_1_initVar
 *fill*         0x1fff8181        0x1 
 .bss           0x1fff8182        0xb .\CortexM3\ARM_GCC_541\Debug\ServoControl.a(UART_GPS.o)
                0x1fff8182                UART_GPS_errorStatus
                0x1fff8183                UART_GPS_initVar
                0x1fff8184                UART_GPS_rxBufferRead
                0x1fff8186                UART_GPS_rxBufferWrite
                0x1fff8188                UART_GPS_rxBufferLoopDetect
                0x1fff8189                UART_GPS_rxBufferOverflow
                0x1fff818a                UART_GPS_txBufferRead
                0x1fff818b                UART_GPS_txBufferWrite
 .bss           0x1fff818d        0x1 .\CortexM3\ARM_GCC_541\Debug\ServoControl.a(I2C_Orientation.o)
                0x1fff818d                I2C_Orientation_initVar
 .bss           0x1fff818e        0x1 .\CortexM3\ARM_GCC_541\Debug\ServoControl.a(Counter_Duration.o)
                0x1fff818e                Counter_Duration_initVar
 .bss           0x1fff818f        0x2 .\CortexM3\ARM_GCC_541\Debug\ServoControl.a(UART_HC12.o)
                0x1fff818f                UART_HC12_initVar
 .bss           0x1fff8191        0x1 .\CortexM3\ARM_GCC_541\Debug\ServoControl.a(VDAC8_1.o)
                0x1fff8191                VDAC8_1_initVar
 .bss           0x1fff8192        0x1 .\CortexM3\ARM_GCC_541\Debug\ServoControl.a(SPI_Altitude.o)
                0x1fff8192                SPI_Altitude_initVar
 *fill*         0x1fff8193        0x1 
 .bss           0x1fff8194        0x8 .\CortexM3\ARM_GCC_541\Debug\ServoControl.a(CySpc.o)
                0x1fff8194                SpcLockState
 .bss           0x1fff819c        0xc .\emFile_V322c\LinkLibrary\PSoC5\GCC\libemf32nosnlfn.a(FS_Core.o)
 .bss           0x1fff81a8     0x1000 .\CortexM3\ARM_GCC_541\Debug\ServoControl.a(emFile_1_ConfigMMC_SPI.o)
 .bss           0x1fff91a8       0x14 .\emFile_V322c\LinkLibrary\PSoC5\GCC\libemf32nosnlfn.a(MMC_Drv.o)
 .bss           0x1fff91bc        0x1 .\CortexM3\ARM_GCC_541\Debug\ServoControl.a(emFile_1_MMC_HW_SPI.o)
 .bss           0x1fff91bd        0x1 .\CortexM3\ARM_GCC_541\Debug\ServoControl.a(emFile_1_SPI0.o)
                0x1fff91bd                emFile_1_SPI0_initVar
 *fill*         0x1fff91be        0x2 
 .bss.__malloc_sbrk_start
                0x1fff91c0        0x4 c:/program files (x86)/cypress/psoc creator/4.2/psoc creator/import/gnu/arm/5.4.1/bin/../lib/gcc/arm-none-eabi/5.4.1/../../../../arm-none-eabi/lib/armv7-m\libg_nano.a(lib_a-nano-mallocr.o)
                0x1fff91c0                __malloc_sbrk_start
 .bss.__malloc_free_list
                0x1fff91c4        0x4 c:/program files (x86)/cypress/psoc creator/4.2/psoc creator/import/gnu/arm/5.4.1/bin/../lib/gcc/arm-none-eabi/5.4.1/../../../../arm-none-eabi/lib/armv7-m\libg_nano.a(lib_a-nano-mallocr.o)
                0x1fff91c4                __malloc_free_list
 *(COMMON)
 COMMON         0x1fff91c8      0x118 .\CortexM3\ARM_GCC_541\Debug\main.o
                0x1fff91c8                GPS_GGA_Data
                0x1fff922c                GPS_RMC_Data
                0x1fff9290                ROLL
                0x1fff9292                AGMTEMP
                0x1fff9293                _i2caddr
                0x1fff9294                YACCEL
                0x1fff9296                fileNumber
                0x1fff9298                PITCH
                0x1fff929c                _sensorID
                0x1fff92a0                _bmp280_calib
                0x1fff92c4                ZACCEL
                0x1fff92c6                XACCEL
                0x1fff92c8                YAW
                0x1fff92cc                pFile
                0x1fff92d0                t_fine
                0x1fff92d4                sdVolName
 COMMON         0x1fff92e0      0x1f6 .\CortexM3\ARM_GCC_541\Debug\ServoControl.a(UART_GPS.o)
                0x1fff92e0                UART_GPS_rxBuffer
                0x1fff94a4                UART_GPS_txBuffer
 COMMON         0x1fff94d6        0x1 .\CortexM3\ARM_GCC_541\Debug\ServoControl.a(I2C_Orientation.o)
                0x1fff94d6                I2C_Orientation_state
 *fill*         0x1fff94d7        0x1 
 COMMON         0x1fff94d8        0xe .\CortexM3\ARM_GCC_541\Debug\ServoControl.a(I2C_Orientation_MASTER.o)
                0x1fff94d8                I2C_Orientation_mstrRdBufPtr
                0x1fff94dc                I2C_Orientation_mstrRdBufSize
                0x1fff94dd                I2C_Orientation_mstrWrBufSize
                0x1fff94de                I2C_Orientation_mstrStatus
                0x1fff94df                I2C_Orientation_mstrWrBufIndex
                0x1fff94e0                I2C_Orientation_mstrWrBufPtr
                0x1fff94e4                I2C_Orientation_mstrRdBufIndex
                0x1fff94e5                I2C_Orientation_mstrControl
 *fill*         0x1fff94e6        0x2 
 COMMON         0x1fff94e8       0x25 .\CortexM3\ARM_GCC_541\Debug\ServoControl.a(SPI_Altitude.o)
                0x1fff94e8                SPI_Altitude_txBufferFull
                0x1fff94e9                SPI_Altitude_txBufferWrite
                0x1fff94ec                SPI_Altitude_rxBuffer
                0x1fff94f8                SPI_Altitude_swStatusRx
                0x1fff94fc                SPI_Altitude_txBuffer
                0x1fff9508                SPI_Altitude_rxBufferFull
                0x1fff9509                SPI_Altitude_rxBufferWrite
                0x1fff950a                SPI_Altitude_rxBufferRead
                0x1fff950b                SPI_Altitude_swStatusTx
                0x1fff950c                SPI_Altitude_txBufferRead
 *fill*         0x1fff950d        0x3 
 COMMON         0x1fff9510        0x2 .\CortexM3\ARM_GCC_541\Debug\ServoControl.a(CyFlash.o)
                0x1fff9510                dieTemperature
 *fill*         0x1fff9512        0x2 
 COMMON         0x1fff9514       0x88 .\emFile_V322c\LinkLibrary\PSoC5\GCC\libemf32nosnlfn.a(FS_Core.o)
                0x1fff9514                FS_Global
                0x1fff9598                FS_NumBytesAllocated
 COMMON         0x1fff959c        0x4 c:/program files (x86)/cypress/psoc creator/4.2/psoc creator/import/gnu/arm/5.4.1/bin/../lib/gcc/arm-none-eabi/5.4.1/../../../../arm-none-eabi/lib/armv7-m\libg_nano.a(lib_a-reent.o)
                0x1fff959c                errno
                0x1fff95a0                . = ALIGN (0x8)
 *(.ram.b)
                0x1fff95a0                _end = .
                0x1fff95a0                __end = .
                0x1fff95a0                PROVIDE (end, .)
                0x1fff95a0                PROVIDE (__bss_end__, .)
                0x000061d8                __cy_region_init_ram = LOADADDR (.data)
                0x00000098                __cy_region_init_size_ram = (_edata - ADDR (.data))
                0x00001440                __cy_region_zero_size_ram = (_end - _edata)

.heap           0x1fff95a0       0x80 load address 0x00006270
                0x1fff95a0                . = _end
                0x1fff9620                . = (. + 0x80)
 *fill*         0x1fff95a0       0x80 
                0x1fff9620                __cy_heap_limit = .

.stack          0x20007800      0x800
                0x20007800                __cy_stack_limit = .
                0x20008000                . = (. + 0x800)
 *fill*         0x20007800      0x800 
                0x00000001                ASSERT ((__cy_stack_limit >= __cy_heap_limit), region RAM overflowed with stack)
                0x00000000                cy_checksum_exclude_size = (CY_APPL_LOADABLE == 0x1)?SIZEOF (.cy_checksum_exclude):0x0
                0x00000001                ASSERT ((cy_checksum_exclude_size <= CY_CHECKSUM_EXCLUDE_SIZE), CY_BOOT: Section .cy_checksum_exclude size exceedes specified limit.)

.cyloadermeta
 *(.cyloadermeta)

.cyloadablemeta
 *(.cyloadablemeta)

.cyconfigecc    0x80000000     0x1198
 *(.cyconfigecc)
 .cyconfigecc   0x80000000     0x1198 .\CortexM3\ARM_GCC_541\Debug\cymetadata.o
                0x80000000                cy_meta_configecc

.cycustnvl      0x90000000        0x4
 *(.cycustnvl)
 .cycustnvl     0x90000000        0x4 .\CortexM3\ARM_GCC_541\Debug\cymetadata.o
                0x90000000                cy_meta_custnvl

.cywolatch      0x90100000        0x4
 *(.cywolatch)
 .cywolatch     0x90100000        0x4 .\CortexM3\ARM_GCC_541\Debug\cymetadata.o
                0x90100000                cy_meta_wonvl

.cyeeprom       0x90200000        0x0
 *(.cyeeprom)
                0x00000001                ASSERT ((. <= ((0x90200000 + ee_offset) + ee_size)), .cyeeprom data will not fit in EEPROM)

.cyflashprotect
                0x90400000      0x100
 *(.cyflashprotect)
 .cyflashprotect
                0x90400000      0x100 .\CortexM3\ARM_GCC_541\Debug\cymetadata.o
                0x90400000                cy_meta_flashprotect

.cymeta         0x90500000        0xc
 *(.cymeta)
 .cymeta        0x90500000        0xc .\CortexM3\ARM_GCC_541\Debug\cymetadata.o
                0x90500000                cy_metadata

.rel.dyn        0x00006270        0x0 load address 0x9050000c
 .rel.iplt      0x00006270        0x0 c:/program files (x86)/cypress/psoc creator/4.2/psoc creator/import/gnu/arm/5.4.1/bin/../lib/gcc/arm-none-eabi/5.4.1/armv7-m/crtbegin.o

.stab
 *(.stab)

.stabstr
 *(.stabstr)

.debug
 *(.debug)

.line
 *(.line)

.debug_srcinfo
 *(.debug_srcinfo)

.debug_sfnames
 *(.debug_sfnames)

.debug_aranges  0x00000000     0x1208
 *(.debug_aranges)
 .debug_aranges
                0x00000000       0x38 .\CortexM3\ARM_GCC_541\Debug\main.o
 .debug_aranges
                0x00000038       0x40 .\CortexM3\ARM_GCC_541\Debug\Adafruit_BNO055.o
 .debug_aranges
                0x00000078       0x28 .\CortexM3\ARM_GCC_541\Debug\Adafruit_GPS.o
 .debug_aranges
                0x000000a0       0x68 .\CortexM3\ARM_GCC_541\Debug\Adafruit_BMP280.o
 .debug_aranges
                0x00000108       0x58 .\CortexM3\ARM_GCC_541\Debug\cyfitter_cfg.o
 .debug_aranges
                0x00000160       0x18 .\CortexM3\ARM_GCC_541\Debug\cymetadata.o
 .debug_aranges
                0x00000178       0x48 .\CortexM3\ARM_GCC_541\Debug\Cm3Start.o
 .debug_aranges
                0x000001c0       0xa8 .\CortexM3\ARM_GCC_541\Debug\ServoControl.a(Stabilizer.o)
 .debug_aranges
                0x00000268       0xa8 .\CortexM3\ARM_GCC_541\Debug\ServoControl.a(Aileron.o)
 .debug_aranges
                0x00000310       0x78 .\CortexM3\ARM_GCC_541\Debug\ServoControl.a(Motor_Speed.o)
 .debug_aranges
                0x00000388      0x2a0 .\CortexM3\ARM_GCC_541\Debug\ServoControl.a(CyLib.o)
 .debug_aranges
                0x00000628       0x98 .\CortexM3\ARM_GCC_541\Debug\ServoControl.a(cyPm.o)
 .debug_aranges
                0x000006c0       0x78 .\CortexM3\ARM_GCC_541\Debug\ServoControl.a(EEPROM.o)
 .debug_aranges
                0x00000738       0x88 .\CortexM3\ARM_GCC_541\Debug\ServoControl.a(Timer_1.o)
 .debug_aranges
                0x000007c0       0xf0 .\CortexM3\ARM_GCC_541\Debug\ServoControl.a(UART_GPS.o)
 .debug_aranges
                0x000008b0       0x28 .\CortexM3\ARM_GCC_541\Debug\ServoControl.a(UART_GPS_INT.o)
 .debug_aranges