Archive member included to satisfy reference by file (symbol)

.\CortexM3\ARM_GCC_541\Release\ServoControl.a(Stabilizer.o)
                              .\CortexM3\ARM_GCC_541\Release\main.o (Stabilizer_Start)
.\CortexM3\ARM_GCC_541\Release\ServoControl.a(Aileron.o)
                              .\CortexM3\ARM_GCC_541\Release\main.o (Aileron_Start)
.\CortexM3\ARM_GCC_541\Release\ServoControl.a(Motor_Speed.o)
                              .\CortexM3\ARM_GCC_541\Release\main.o (Motor_Speed_Start)
.\CortexM3\ARM_GCC_541\Release\ServoControl.a(CyLib.o)
                              .\CortexM3\ARM_GCC_541\Release\Cm3Start.o (CyHalt)
.\CortexM3\ARM_GCC_541\Release\ServoControl.a(cyPm.o)
                              .\CortexM3\ARM_GCC_541\Release\ServoControl.a(CyLib.o) (CyPmReadStatus)
.\CortexM3\ARM_GCC_541\Release\ServoControl.a(EEPROM.o)
                              .\CortexM3\ARM_GCC_541\Release\main.o (EEPROM_Start)
.\CortexM3\ARM_GCC_541\Release\ServoControl.a(Timer_1.o)
                              .\CortexM3\ARM_GCC_541\Release\main.o (Timer_1_Start)
.\CortexM3\ARM_GCC_541\Release\ServoControl.a(UART_GPS.o)
                              .\CortexM3\ARM_GCC_541\Release\Adafruit_GPS.o (UART_GPS_Start)
.\CortexM3\ARM_GCC_541\Release\ServoControl.a(UART_GPS_INT.o)
                              .\CortexM3\ARM_GCC_541\Release\ServoControl.a(UART_GPS.o) (UART_GPS_RXISR)
.\CortexM3\ARM_GCC_541\Release\ServoControl.a(I2C_Orientation.o)
                              .\CortexM3\ARM_GCC_541\Release\Adafruit_BNO055.o (I2C_Orientation_Start)
.\CortexM3\ARM_GCC_541\Release\ServoControl.a(I2C_Orientation_INT.o)
                              .\CortexM3\ARM_GCC_541\Release\ServoControl.a(I2C_Orientation.o) (I2C_Orientation_ISR)
.\CortexM3\ARM_GCC_541\Release\ServoControl.a(I2C_Orientation_PM.o)
                              .\CortexM3\ARM_GCC_541\Release\ServoControl.a(I2C_Orientation.o) (I2C_Orientation_backup)
.\CortexM3\ARM_GCC_541\Release\ServoControl.a(I2C_Orientation_MASTER.o)
                              .\CortexM3\ARM_GCC_541\Release\ServoControl.a(I2C_Orientation.o) (I2C_Orientation_mstrStatus)
.\CortexM3\ARM_GCC_541\Release\ServoControl.a(Counter_Duration.o)
                              .\CortexM3\ARM_GCC_541\Release\main.o (Counter_Duration_ReadCounter)
.\CortexM3\ARM_GCC_541\Release\ServoControl.a(UART_HC12.o)
                              .\CortexM3\ARM_GCC_541\Release\main.o (UART_HC12_Start)
.\CortexM3\ARM_GCC_541\Release\ServoControl.a(UART_HC12_IntClock.o)
                              .\CortexM3\ARM_GCC_541\Release\ServoControl.a(UART_HC12.o) (UART_HC12_IntClock_Start)
.\CortexM3\ARM_GCC_541\Release\ServoControl.a(LED.o)
                              .\CortexM3\ARM_GCC_541\Release\main.o (LED_Write)
.\CortexM3\ARM_GCC_541\Release\ServoControl.a(Button.o)
                              .\CortexM3\ARM_GCC_541\Release\main.o (Button_Read)
.\CortexM3\ARM_GCC_541\Release\ServoControl.a(VDAC8_1.o)
                              .\CortexM3\ARM_GCC_541\Release\main.o (VDAC8_1_Start)
.\CortexM3\ARM_GCC_541\Release\ServoControl.a(Clock_UART_GPS.o)
                              .\CortexM3\ARM_GCC_541\Release\Adafruit_GPS.o (Clock_UART_GPS_SetDividerRegister)
.\CortexM3\ARM_GCC_541\Release\ServoControl.a(SPI_Altitude.o)
                              .\CortexM3\ARM_GCC_541\Release\main.o (SPI_Altitude_Start)
.\CortexM3\ARM_GCC_541\Release\ServoControl.a(SPI_Altitude_INT.o)
                              .\CortexM3\ARM_GCC_541\Release\ServoControl.a(SPI_Altitude.o) (SPI_Altitude_TX_ISR)
.\CortexM3\ARM_GCC_541\Release\ServoControl.a(SPI_Altitude_IntClock.o)
                              .\CortexM3\ARM_GCC_541\Release\ServoControl.a(SPI_Altitude.o) (SPI_Altitude_IntClock_Start)
.\CortexM3\ARM_GCC_541\Release\ServoControl.a(CyBootAsmGnu.o)
                              .\CortexM3\ARM_GCC_541\Release\cyfitter_cfg.o (CyDelayCycles)
.\CortexM3\ARM_GCC_541\Release\ServoControl.a(CyFlash.o)
                              .\CortexM3\ARM_GCC_541\Release\ServoControl.a(EEPROM.o) (CySetTemp)
.\CortexM3\ARM_GCC_541\Release\ServoControl.a(CySpc.o)
                              .\CortexM3\ARM_GCC_541\Release\ServoControl.a(EEPROM.o) (CySpcStart)
.\CortexM3\ARM_GCC_541\Release\ServoControl.a(cyutils.o)
                              .\CortexM3\ARM_GCC_541\Release\ServoControl.a(Counter_Duration.o) (CySetReg24)
c:/program files (x86)/cypress/psoc creator/4.1/psoc creator/import/gnu/arm/5.4.1/bin/../lib/gcc/arm-none-eabi/5.4.1/../../../../arm-none-eabi/lib/armv7-m\libg_nano.a(lib_a-errno.o)
                              .\CortexM3\ARM_GCC_541\Release\Cm3Start.o (__errno)
c:/program files (x86)/cypress/psoc creator/4.1/psoc creator/import/gnu/arm/5.4.1/bin/../lib/gcc/arm-none-eabi/5.4.1/../../../../arm-none-eabi/lib/armv7-m\libg_nano.a(lib_a-exit.o)
[...]
Memory Configuration

Name             Origin             Length             Attributes
rom              0x00000000         0x00040000         xr
ram              0x1fff8000         0x00010000         xrw
*default*        0x00000000         0xffffffff

Linker script and memory map

LOAD c:/program files (x86)/cypress/psoc creator/4.1/psoc creator/import/gnu/arm/5.4.1/bin/../lib/gcc/arm-none-eabi/5.4.1/armv7-m/crti.o
LOAD c:/program files (x86)/cypress/psoc creator/4.1/psoc creator/import/gnu/arm/5.4.1/bin/../lib/gcc/arm-none-eabi/5.4.1/armv7-m/crtbegin.o
LOAD c:/program files (x86)/cypress/psoc creator/4.1/psoc creator/import/gnu/arm/5.4.1/bin/../lib/gcc/arm-none-eabi/5.4.1/../../../../arm-none-eabi/lib/armv7-m/crt0.o
START GROUP
LOAD .\CortexM3\ARM_GCC_541\Release\main.o
LOAD .\CortexM3\ARM_GCC_541\Release\Adafruit_BNO055.o
LOAD .\CortexM3\ARM_GCC_541\Release\Adafruit_GPS.o
LOAD .\CortexM3\ARM_GCC_541\Release\cyfitter_cfg.o
LOAD .\CortexM3\ARM_GCC_541\Release\cymetadata.o
LOAD .\CortexM3\ARM_GCC_541\Release\Cm3Start.o
LOAD .\CortexM3\ARM_GCC_541\Release\ServoControl.a
LOAD C:\Program Files (x86)\Cypress\PSoC Creator\4.1\PSoC Creator\psoc\content\cycomponentlibrary\CyComponentLibrary.cylib\CortexM3\ARM_GCC_541\Release\CyComponentLibrary.a
END GROUP
START GROUP
LOAD c:/program files (x86)/cypress/psoc creator/4.1/psoc creator/import/gnu/arm/5.4.1/bin/../lib/gcc/arm-none-eabi/5.4.1/armv7-m\libgcc.a
LOAD c:/program files (x86)/cypress/psoc creator/4.1/psoc creator/import/gnu/arm/5.4.1/bin/../lib/gcc/arm-none-eabi/5.4.1/../../../../arm-none-eabi/lib/armv7-m\libg_nano.a
LOAD c:/program files (x86)/cypress/psoc creator/4.1/psoc creator/import/gnu/arm/5.4.1/bin/../lib/gcc/arm-none-eabi/5.4.1/../../../../arm-none-eabi/lib/armv7-m\libc_nano.a
END GROUP
START GROUP
LOAD c:/program files (x86)/cypress/psoc creator/4.1/psoc creator/import/gnu/arm/5.4.1/bin/../lib/gcc/arm-none-eabi/5.4.1/armv7-m\libgcc.a
LOAD c:/program files (x86)/cypress/psoc creator/4.1/psoc creator/import/gnu/arm/5.4.1/bin/../lib/gcc/arm-none-eabi/5.4.1/../../../../arm-none-eabi/lib/armv7-m\libc_nano.a
END GROUP
LOAD c:/program files (x86)/cypress/psoc creator/4.1/psoc creator/import/gnu/arm/5.4.1/bin/../lib/gcc/arm-none-eabi/5.4.1/armv7-m/crtend.o
LOAD c:/program files (x86)/cypress/psoc creator/4.1/psoc creator/import/gnu/arm/5.4.1/bin/../lib/gcc/arm-none-eabi/5.4.1/armv7-m/crtn.o
START GROUP
LOAD c:/program files (x86)/cypress/psoc creator/4.1/psoc creator/import/gnu/arm/5.4.1/bin/../lib/gcc/arm-none-eabi/5.4.1/armv7-m\libgcc.a
LOAD c:/program files (x86)/cypress/psoc creator/4.1/psoc creator/import/gnu/arm/5.4.1/bin/../lib/gcc/arm-none-eabi/5.4.1/../../../../arm-none-eabi/lib/armv7-m\libc.a
LOAD c:/program files (x86)/cypress/psoc creator/4.1/psoc creator/import/gnu/arm/5.4.1/bin/../lib/gcc/arm-none-eabi/5.4.1/../../../../arm-none-eabi/lib/armv7-m\libnosys.a
END GROUP
                0x00000000                CY_APPL_ORIGIN = 0x0
                0x00000100                CY_FLASH_ROW_SIZE = 0x100
                0x00000020                CY_ECC_ROW_SIZE = 0x20
                0x00000000                CY_EE_IN_BTLDR = 0x0
                0x00000000                CY_APPL_LOADABLE = 0x0
                0x00000800                CY_EE_SIZE = 0x800
                0x00000001                CY_APPL_NUM = 0x1
                0x00000001                CY_APPL_MAX = 0x1
                0x00000040                CY_METADATA_SIZE = 0x40
                0x00000000                CY_APPL_LOADABLE = 0x0
                0x00000000                CY_CHECKSUM_EXCLUDE_SIZE = ALIGN (0x0, CY_FLASH_ROW_SIZE)
                [!provide]                PROVIDE (__cy_heap_start, _end)
                0x00000001                PROVIDE (__cy_region_num, ((__cy_regions_end - __cy_regions) / 0x10))
                0x20008000                PROVIDE (__cy_stack, (ORIGIN (ram) + LENGTH (ram)))
                [!provide]                PROVIDE (__cy_heap_end, (__cy_stack - 0x800))

.cybootloader   0x00000000        0x0
 *(.cybootloader)
                0x00000000                appl1_start = CY_APPL_ORIGIN?CY_APPL_ORIGIN:ALIGN (CY_FLASH_ROW_SIZE)
                0x0001ff00                appl2_start = (appl1_start + ALIGN ((((LENGTH (rom) - appl1_start) - (0x2 * CY_FLASH_ROW_SIZE)) / 0x2), CY_FLASH_ROW_SIZE))
                0x00000000                appl_start = (CY_APPL_NUM == 0x1)?appl1_start:appl2_start
                0x00000000                ecc_offset = ((appl_start / CY_FLASH_ROW_SIZE) * CY_ECC_ROW_SIZE)
                0x00000000                ee_offset = (CY_APPL_LOADABLE && ! (CY_EE_IN_BTLDR))?((CY_EE_SIZE / CY_APPL_MAX) * (CY_APPL_NUM - 0x1)):0x0
                0x00000800                ee_size = (CY_APPL_LOADABLE && ! (CY_EE_IN_BTLDR))?(CY_EE_SIZE / CY_APPL_MAX):CY_EE_SIZE
                [!provide]                PROVIDE (CY_ECC_OFFSET, ecc_offset)

.text           0x00000000     0x26c0
 CREATE_OBJECT_SYMBOLS
                0x00000000                PROVIDE (__cy_interrupt_vector, RomVectors)
 *(.romvectors)
 .romvectors    0x00000000       0x10 .\CortexM3\ARM_GCC_541\Release\Cm3Start.o
                0x00000000                RomVectors
                0x00000001                ASSERT ((. != __cy_interrupt_vector), No interrupt vector)
                0x00000001                ASSERT (CY_APPL_ORIGIN?(SIZEOF (.cybootloader) <= CY_APPL_ORIGIN):0x1, Wrong image location)
                0x00000010                PROVIDE (__cy_reset, Reset)
 *(.text.Reset)
 .text.Reset    0x00000010       0x18 .\CortexM3\ARM_GCC_541\Release\Cm3Start.o
                0x00000010                Reset
                0x00000001                ASSERT ((. != __cy_reset), No reset code)
 *(.dma_init)
                0x00000001                ASSERT ((((appl_start + .) <= 0x10000) || 0x1), DMA Init must be within the first 64k of flash)
 *(.text .text.* .gnu.linkonce.t.*)
 .text          0x00000028       0x5c c:/program files (x86)/cypress/psoc creator/4.1/psoc creator/import/gnu/arm/5.4.1/bin/../lib/gcc/arm-none-eabi/5.4.1/armv7-m/crtbegin.o
 .text.Start_SD_Card
                0x00000084       0x54 .\CortexM3\ARM_GCC_541\Release\main.o
                0x00000084                Start_SD_Card
 .text.Close_SD_Card
                0x000000d8       0x58 .\CortexM3\ARM_GCC_541\Release\main.o
                0x000000d8                Close_SD_Card
 .text.startup.main
                0x00000130      0x17c .\CortexM3\ARM_GCC_541\Release\main.o
                0x00000130                main
 .text.Write_AGM_Config
                0x000002ac       0x28 .\CortexM3\ARM_GCC_541\Release\Adafruit_BNO055.o
                0x000002ac                Write_AGM_Config
 .text.AGM_Start
                0x000002d4       0x9c .\CortexM3\ARM_GCC_541\Release\Adafruit_BNO055.o
                0x000002d4                AGM_Start
 .text.AGM_EulersRefresh
                0x00000370       0xa0 .\CortexM3\ARM_GCC_541\Release\Adafruit_BNO055.o
                0x00000370                AGM_EulersRefresh
 .text.AGM_AccelRefresh
                0x00000410       0x78 .\CortexM3\ARM_GCC_541\Release\Adafruit_BNO055.o
                0x00000410                AGM_AccelRefresh
 .text.AGM_GetTemp
                0x00000488       0x38 .\CortexM3\ARM_GCC_541\Release\Adafruit_BNO055.o
                0x00000488                AGM_GetTemp
 .text.GPS_Start
                0x000004c0       0x3c .\CortexM3\ARM_GCC_541\Release\Adafruit_GPS.o
                0x000004c0                GPS_Start
 .text.GPS_Refresh
                0x000004fc       0x80 .\CortexM3\ARM_GCC_541\Release\Adafruit_GPS.o
                0x000004fc                GPS_Refresh
 .text.cyfitter_cfg
                0x0000057c      0x258 .\CortexM3\ARM_GCC_541\Release\cyfitter_cfg.o
                0x0000057c                cyfitter_cfg
 .text.IntDefaultHandler
                0x000007d4       0x10 .\CortexM3\ARM_GCC_541\Release\Cm3Start.o
                0x000007d4                IntDefaultHandler
 .text._sbrk    0x000007e4       0x2c .\CortexM3\ARM_GCC_541\Release\Cm3Start.o
                0x000007e4                _sbrk
 .text.Start_c  0x00000810       0x50 .\CortexM3\ARM_GCC_541\Release\Cm3Start.o
                0x00000810                Start_c
 .text.startup.initialize_psoc
                0x00000860       0x68 .\CortexM3\ARM_GCC_541\Release\Cm3Start.o
                0x00000860                initialize_psoc
 .text.Stabilizer_Enable
                0x000008c8       0x10 .\CortexM3\ARM_GCC_541\Release\ServoControl.a(Stabilizer.o)
                0x000008c8                Stabilizer_Enable
 .text.Stabilizer_ClearFIFO
                0x000008d8       0x18 .\CortexM3\ARM_GCC_541\Release\ServoControl.a(Stabilizer.o)
                0x000008d8                Stabilizer_ClearFIFO
 .text.Stabilizer_Init
                0x000008f0       0x6c .\CortexM3\ARM_GCC_541\Release\ServoControl.a(Stabilizer.o)
                0x000008f0                Stabilizer_Init
 .text.Stabilizer_Start
                0x0000095c       0x1c .\CortexM3\ARM_GCC_541\Release\ServoControl.a(Stabilizer.o)
                0x0000095c                Stabilizer_Start
 .text.Aileron_Enable
                0x00000978       0x10 .\CortexM3\ARM_GCC_541\Release\ServoControl.a(Aileron.o)
                0x00000978                Aileron_Enable
 .text.Aileron_ClearFIFO
                0x00000988       0x18 .\CortexM3\ARM_GCC_541\Release\ServoControl.a(Aileron.o)
                0x00000988                Aileron_ClearFIFO
 .text.Aileron_Init
                0x000009a0       0x74 .\CortexM3\ARM_GCC_541\Release\ServoControl.a(Aileron.o)
                0x000009a0                Aileron_Init
 .text.Aileron_Start
                0x00000a14       0x1c .\CortexM3\ARM_GCC_541\Release\ServoControl.a(Aileron.o)
                0x00000a14                Aileron_Start
 .text.Motor_Speed_Init
                0x00000a30       0x74 .\CortexM3\ARM_GCC_541\Release\ServoControl.a(Motor_Speed.o)
                0x00000a30                Motor_Speed_Init
 .text.Motor_Speed_Enable
                0x00000aa4       0x24 .\CortexM3\ARM_GCC_541\Release\ServoControl.a(Motor_Speed.o)
                0x00000aa4                Motor_Speed_Enable
 .text.Motor_Speed_Start
                0x00000ac8       0x1c .\CortexM3\ARM_GCC_541\Release\ServoControl.a(Motor_Speed.o)
                0x00000ac8                Motor_Speed_Start
 .text.CyDelay  0x00000ae4       0x2c .\CortexM3\ARM_GCC_541\Release\ServoControl.a(CyLib.o)
                0x00000ae4                CyDelay
 .text.CyDelayUs
                0x00000b10       0x10 .\CortexM3\ARM_GCC_541\Release\ServoControl.a(CyLib.o)
                0x00000b10                CyDelayUs
 .text.CyIntSetVector
                0x00000b20       0x1c .\CortexM3\ARM_GCC_541\Release\ServoControl.a(CyLib.o)
                0x00000b20                CyIntSetVector
 .text.CyIntSetPriority
                0x00000b3c       0x14 .\CortexM3\ARM_GCC_541\Release\ServoControl.a(CyLib.o)
                0x00000b3c                CyIntSetPriority
 .text.EEPROM_Enable
                0x00000b50        0xe .\CortexM3\ARM_GCC_541\Release\ServoControl.a(EEPROM.o)
                0x00000b50                EEPROM_Enable
 .text.EEPROM_Start
                0x00000b5e        0x4 .\CortexM3\ARM_GCC_541\Release\ServoControl.a(EEPROM.o)
                0x00000b5e                EEPROM_Start
 *fill*         0x00000b62        0x2 
 .text.EEPROM_WriteByte
                0x00000b64       0xa0 .\CortexM3\ARM_GCC_541\Release\ServoControl.a(EEPROM.o)
                0x00000b64                EEPROM_WriteByte
 .text.EEPROM_ReadByte
                0x00000c04       0x28 .\CortexM3\ARM_GCC_541\Release\ServoControl.a(EEPROM.o)
                0x00000c04                EEPROM_ReadByte
 .text.Timer_1_Init
                0x00000c2c       0x64 .\CortexM3\ARM_GCC_541\Release\ServoControl.a(Timer_1.o)
                0x00000c2c                Timer_1_Init
 .text.Timer_1_Enable
                0x00000c90       0x24 .\CortexM3\ARM_GCC_541\Release\ServoControl.a(Timer_1.o)
                0x00000c90                Timer_1_Enable
 .text.Timer_1_Start
                0x00000cb4       0x1c .\CortexM3\ARM_GCC_541\Release\ServoControl.a(Timer_1.o)
                0x00000cb4                Timer_1_Start
 .text.Timer_1_WritePeriod
                0x00000cd0        0xc .\CortexM3\ARM_GCC_541\Release\ServoControl.a(Timer_1.o)
                0x00000cd0                Timer_1_WritePeriod
 .text.Timer_1_WriteCounter
                0x00000cdc        0xc .\CortexM3\ARM_GCC_541\Release\ServoControl.a(Timer_1.o)
                0x00000cdc                Timer_1_WriteCounter
 .text.Timer_1_ReadCounter
                0x00000ce8       0x14 .\CortexM3\ARM_GCC_541\Release\ServoControl.a(Timer_1.o)
                0x00000ce8                Timer_1_ReadCounter
 .text.UART_GPS_Init
                0x00000cfc       0x5c .\CortexM3\ARM_GCC_541\Release\ServoControl.a(UART_GPS.o)
                0x00000cfc                UART_GPS_Init
 .text.UART_GPS_Enable
                0x00000d58       0x4c .\CortexM3\ARM_GCC_541\Release\ServoControl.a(UART_GPS.o)
                0x00000d58                UART_GPS_Enable
 .text.UART_GPS_Start
                0x00000da4       0x1c .\CortexM3\ARM_GCC_541\Release\ServoControl.a(UART_GPS.o)
                0x00000da4                UART_GPS_Start
 .text.UART_GPS_GetChar
                0x00000dc0       0x74 .\CortexM3\ARM_GCC_541\Release\ServoControl.a(UART_GPS.o)
                0x00000dc0                UART_GPS_GetChar
 .text.UART_GPS_GetRxBufferSize
                0x00000e34       0x58 .\CortexM3\ARM_GCC_541\Release\ServoControl.a(UART_GPS.o)
                0x00000e34                UART_GPS_GetRxBufferSize
 .text.UART_GPS_ClearRxBuffer
                0x00000e8c       0x44 .\CortexM3\ARM_GCC_541\Release\ServoControl.a(UART_GPS.o)
                0x00000e8c                UART_GPS_ClearRxBuffer
 .text.UART_GPS_PutChar
                0x00000ed0       0x64 .\CortexM3\ARM_GCC_541\Release\ServoControl.a(UART_GPS.o)
                0x00000ed0                UART_GPS_PutChar
 .text.UART_GPS_PutString
                0x00000f34       0x20 .\CortexM3\ARM_GCC_541\Release\ServoControl.a(UART_GPS.o)
                0x00000f34                UART_GPS_PutString
 .text.UART_GPS_RXISR
                0x00000f54       0xa0 .\CortexM3\ARM_GCC_541\Release\ServoControl.a(UART_GPS_INT.o)
                0x00000f54                UART_GPS_RXISR
 .text.UART_GPS_TXISR
                0x00000ff4       0x50 .\CortexM3\ARM_GCC_541\Release\ServoControl.a(UART_GPS_INT.o)
                0x00000ff4                UART_GPS_TXISR
 .text.I2C_Orientation_Init
                0x00001044       0x68 .\CortexM3\ARM_GCC_541\Release\ServoControl.a(I2C_Orientation.o)
                0x00001044                I2C_Orientation_Init
 .text.I2C_Orientation_Enable
                0x000010ac       0x24 .\CortexM3\ARM_GCC_541\Release\ServoControl.a(I2C_Orientation.o)
                0x000010ac                I2C_Orientation_Enable
 .text.I2C_Orientation_Start
                0x000010d0       0x28 .\CortexM3\ARM_GCC_541\Release\ServoControl.a(I2C_Orientation.o)
                0x000010d0                I2C_Orientation_Start
 .text.I2C_Orientation_ISR
                0x000010f8      0x22c .\CortexM3\ARM_GCC_541\Release\ServoControl.a(I2C_Orientation_INT.o)
                0x000010f8                I2C_Orientation_ISR
 .text.I2C_Orientation_MasterSendStart
                0x00001324       0x70 .\CortexM3\ARM_GCC_541\Release\ServoControl.a(I2C_Orientation_MASTER.o)
                0x00001324                I2C_Orientation_MasterSendStart
 .text.I2C_Orientation_MasterSendStop
                0x00001394       0x30 .\CortexM3\ARM_GCC_541\Release\ServoControl.a(I2C_Orientation_MASTER.o)
                0x00001394                I2C_Orientation_MasterSendStop
 .text.I2C_Orientation_MasterWriteByte
                0x000013c4       0x4c .\CortexM3\ARM_GCC_541\Release\ServoControl.a(I2C_Orientation_MASTER.o)
                0x000013c4                I2C_Orientation_MasterWriteByte
 .text.I2C_Orientation_MasterReadByte
                0x00001410       0x54 .\CortexM3\ARM_GCC_541\Release\ServoControl.a(I2C_Orientation_MASTER.o)
                0x00001410                I2C_Orientation_MasterReadByte
 .text.Counter_Duration_Enable
                0x00001464       0x10 .\CortexM3\ARM_GCC_541\Release\ServoControl.a(Counter_Duration.o)
                0x00001464                Counter_Duration_Enable
 .text.Counter_Duration_WriteCounter
                0x00001474        0xc .\CortexM3\ARM_GCC_541\Release\ServoControl.a(Counter_Duration.o)
                0x00001474                Counter_Duration_WriteCounter
 .text.Counter_Duration_ReadCounter
                0x00001480       0x18 .\CortexM3\ARM_GCC_541\Release\ServoControl.a(Counter_Duration.o)
                0x00001480                Counter_Duration_ReadCounter
 .text.Counter_Duration_ReadCapture
                0x00001498       0x10 .\CortexM3\ARM_GCC_541\Release\ServoControl.a(Counter_Duration.o)
                0x00001498                Counter_Duration_ReadCapture
 .text.Counter_Duration_WritePeriod
                0x000014a8        0xc .\CortexM3\ARM_GCC_541\Release\ServoControl.a(Counter_Duration.o)
                0x000014a8                Counter_Duration_WritePeriod
 .text.Counter_Duration_WriteCompare
                0x000014b4        0xc .\CortexM3\ARM_GCC_541\Release\ServoControl.a(Counter_Duration.o)
                0x000014b4                Counter_Duration_WriteCompare
 .text.Counter_Duration_ClearFIFO
                0x000014c0       0x18 .\CortexM3\ARM_GCC_541\Release\ServoControl.a(Counter_Duration.o)
                0x000014c0                Counter_Duration_ClearFIFO
 .text.Counter_Duration_Init
                0x000014d8       0x60 .\CortexM3\ARM_GCC_541\Release\ServoControl.a(Counter_Duration.o)
                0x000014d8                Counter_Duration_Init
 .text.Counter_Duration_Start
                0x00001538       0x1c .\CortexM3\ARM_GCC_541\Release\ServoControl.a(Counter_Duration.o)
                0x00001538                Counter_Duration_Start
 .text.UART_HC12_Init
                0x00001554       0x24 .\CortexM3\ARM_GCC_541\Release\ServoControl.a(UART_HC12.o)
                0x00001554                UART_HC12_Init
 .text.UART_HC12_Enable
                0x00001578       0x3c .\CortexM3\ARM_GCC_541\Release\ServoControl.a(UART_HC12.o)
                0x00001578                UART_HC12_Enable
 .text.UART_HC12_Start
                0x000015b4       0x1c .\CortexM3\ARM_GCC_541\Release\ServoControl.a(UART_HC12.o)
                0x000015b4                UART_HC12_Start
 .text.UART_HC12_PutChar
                0x000015d0       0x18 .\CortexM3\ARM_GCC_541\Release\ServoControl.a(UART_HC12.o)
                0x000015d0                UART_HC12_PutChar
 .text.UART_HC12_PutString
                0x000015e8       0x20 .\CortexM3\ARM_GCC_541\Release\ServoControl.a(UART_HC12.o)
                0x000015e8                UART_HC12_PutString
 .text.UART_HC12_IntClock_Start
                0x00001608       0x18 .\CortexM3\ARM_GCC_541\Release\ServoControl.a(UART_HC12_IntClock.o)
                0x00001608                UART_HC12_IntClock_Start
 .text.LED_Write
                0x00001620       0x18 .\CortexM3\ARM_GCC_541\Release\ServoControl.a(LED.o)
                0x00001620                LED_Write
 .text.Button_Read
                0x00001638       0x10 .\CortexM3\ARM_GCC_541\Release\ServoControl.a(Button.o)
                0x00001638                Button_Read
 .text.VDAC8_1_Enable
                0x00001648       0x18 .\CortexM3\ARM_GCC_541\Release\ServoControl.a(VDAC8_1.o)
                0x00001648                VDAC8_1_Enable
 .text.VDAC8_1_SetSpeed
                0x00001660       0x1c .\CortexM3\ARM_GCC_541\Release\ServoControl.a(VDAC8_1.o)
                0x00001660                VDAC8_1_SetSpeed
 .text.VDAC8_1_DacTrim
                0x0000167c       0x24 .\CortexM3\ARM_GCC_541\Release\ServoControl.a(VDAC8_1.o)
                0x0000167c                VDAC8_1_DacTrim
 .text.VDAC8_1_SetRange
                0x000016a0       0x1c .\CortexM3\ARM_GCC_541\Release\ServoControl.a(VDAC8_1.o)
                0x000016a0                VDAC8_1_SetRange
 .text.VDAC8_1_Init
                0x000016bc       0x20 .\CortexM3\ARM_GCC_541\Release\ServoControl.a(VDAC8_1.o)
                0x000016bc                VDAC8_1_Init
 .text.VDAC8_1_Start
                0x000016dc       0x24 .\CortexM3\ARM_GCC_541\Release\ServoControl.a(VDAC8_1.o)
                0x000016dc                VDAC8_1_Start
 .text.Clock_UART_GPS_SetDividerRegister
                0x00001700       0xcc .\CortexM3\ARM_GCC_541\Release\ServoControl.a(Clock_UART_GPS.o)
                0x00001700                Clock_UART_GPS_SetDividerRegister
 .text.SPI_Altitude_Enable
                0x000017cc       0x44 .\CortexM3\ARM_GCC_541\Release\ServoControl.a(SPI_Altitude.o)
                0x000017cc                SPI_Altitude_Enable
 .text.SPI_Altitude_ReadTxStatus
                0x00001810       0x30 .\CortexM3\ARM_GCC_541\Release\ServoControl.a(SPI_Altitude.o)
                0x00001810                SPI_Altitude_ReadTxStatus
 .text.SPI_Altitude_ReadRxStatus
                0x00001840       0x30 .\CortexM3\ARM_GCC_541\Release\ServoControl.a(SPI_Altitude.o)
                0x00001840                SPI_Altitude_ReadRxStatus
 .text.SPI_Altitude_ClearFIFO
                0x00001870       0x3c .\CortexM3\ARM_GCC_541\Release\ServoControl.a(SPI_Altitude.o)
                0x00001870                SPI_Altitude_ClearFIFO
 .text.SPI_Altitude_Init
                0x000018ac       0x94 .\CortexM3\ARM_GCC_541\Release\ServoControl.a(SPI_Altitude.o)
                0x000018ac                SPI_Altitude_Init
 .text.SPI_Altitude_Start
                0x00001940       0x1c .\CortexM3\ARM_GCC_541\Release\ServoControl.a(SPI_Altitude.o)
                0x00001940                SPI_Altitude_Start
 .text.SPI_Altitude_TX_ISR
                0x0000195c       0x9c .\CortexM3\ARM_GCC_541\Release\ServoControl.a(SPI_Altitude_INT.o)
                0x0000195c                SPI_Altitude_TX_ISR
 .text.SPI_Altitude_RX_ISR
                0x000019f8       0xa0 .\CortexM3\ARM_GCC_541\Release\ServoControl.a(SPI_Altitude_INT.o)
                0x000019f8                SPI_Altitude_RX_ISR
 .text.SPI_Altitude_IntClock_Start
                0x00001a98       0x18 .\CortexM3\ARM_GCC_541\Release\ServoControl.a(SPI_Altitude_IntClock.o)
                0x00001a98                SPI_Altitude_IntClock_Start
 .text          0x00001ab0       0x20 .\CortexM3\ARM_GCC_541\Release\ServoControl.a(CyBootAsmGnu.o)
                0x00001ab0                CyDelayCycles
                0x00001ac0                CyEnterCriticalSection
                0x00001ac8                CyExitCriticalSection
 .text.CySetTemp
                0x00001ad0       0x94 .\CortexM3\ARM_GCC_541\Release\ServoControl.a(CyFlash.o)
                0x00001ad0                CySetTemp
 .text.CyEEPROM_Start
                0x00001b64       0x50 .\CortexM3\ARM_GCC_541\Release\ServoControl.a(CyFlash.o)
                0x00001b64                CyEEPROM_Start
 .text.CyEEPROM_ReadReserve
                0x00001bb4       0x18 .\CortexM3\ARM_GCC_541\Release\ServoControl.a(CyFlash.o)
                0x00001bb4                CyEEPROM_ReadReserve
 .text.CyEEPROM_ReadRelease
                0x00001bcc       0x10 .\CortexM3\ARM_GCC_541\Release\ServoControl.a(CyFlash.o)
                0x00001bcc                CyEEPROM_ReadRelease
 .text.CySpcStart
                0x00001bdc       0x24 .\CortexM3\ARM_GCC_541\Release\ServoControl.a(CySpc.o)
                0x00001bdc                CySpcStart
 .text.CySpcReadData
                0x00001c00       0x3c .\CortexM3\ARM_GCC_541\Release\ServoControl.a(CySpc.o)
                0x00001c00                CySpcReadData
 .text.CySpcLoadMultiByte
                0x00001c3c       0x6c .\CortexM3\ARM_GCC_541\Release\ServoControl.a(CySpc.o)
                0x00001c3c                CySpcLoadMultiByte
 .text.CySpcWriteRow
                0x00001ca8       0x40 .\CortexM3\ARM_GCC_541\Release\ServoControl.a(CySpc.o)
                0x00001ca8                CySpcWriteRow
 .text.CySpcGetTemp
                0x00001ce8       0x34 .\CortexM3\ARM_GCC_541\Release\ServoControl.a(CySpc.o)
                0x00001ce8                CySpcGetTemp
 .text.CySpcLock
                0x00001d1c       0x40 .\CortexM3\ARM_GCC_541\Release\ServoControl.a(CySpc.o)
                0x00001d1c                CySpcLock
 .text.CySpcUnlock
                0x00001d5c       0x34 .\CortexM3\ARM_GCC_541\Release\ServoControl.a(CySpc.o)
                0x00001d5c                CySpcUnlock
 .text.CySpcGetAlgorithm
                0x00001d90       0x28 .\CortexM3\ARM_GCC_541\Release\ServoControl.a(CySpc.o)
                0x00001d90                CySpcGetAlgorithm
 .text.CySetReg24
                0x00001db8       0x12 .\CortexM3\ARM_GCC_541\Release\ServoControl.a(cyutils.o)
                0x00001db8                CySetReg24
 *fill*         0x00001dca        0x2 
 .text.__errno  0x00001dcc        0xc c:/program files (x86)/cypress/psoc creator/4.1/psoc creator/import/gnu/arm/5.4.1/bin/../lib/gcc/arm-none-eabi/5.4.1/../../../../arm-none-eabi/lib/armv7-m\libg_nano.a(lib_a-errno.o)
                0x00001dcc                __errno
 .text.__libc_init_array
                0x00001dd8       0x4c c:/program files (x86)/cypress/psoc creator/4.1/psoc creator/import/gnu/arm/5.4.1/bin/../lib/gcc/arm-none-eabi/5.4.1/../../../../arm-none-eabi/lib/armv7-m\libg_nano.a(lib_a-init.o)
                0x00001dd8                __libc_init_array
 .text.memcpy   0x00001e24       0x16 c:/program files (x86)/cypress/psoc creator/4.1/psoc creator/import/gnu/arm/5.4.1/bin/../lib/gcc/arm-none-eabi/5.4.1/../../../../arm-none-eabi/lib/armv7-m\libg_nano.a(lib_a-memcpy-stub.o)
                0x00001e24                memcpy
 .text.memset   0x00001e3a       0x10 c:/program files (x86)/cypress/psoc creator/4.1/psoc creator/import/gnu/arm/5.4.1/bin/../lib/gcc/arm-none-eabi/5.4.1/../../../../arm-none-eabi/lib/armv7-m\libg_nano.a(lib_a-memset.o)
                0x00001e3a                memset
 *fill*         0x00001e4a        0x2 
 .text.sprintf  0x00001e4c       0x48 c:/program files (x86)/cypress/psoc creator/4.1/psoc creator/import/gnu/arm/5.4.1/bin/../lib/gcc/arm-none-eabi/5.4.1/../../../../arm-none-eabi/lib/armv7-m\libg_nano.a(lib_a-sprintf.o)
                0x00001e4c                siprintf
                0x00001e4c                sprintf
 .text.strcat   0x00001e94       0x1e c:/program files (x86)/cypress/psoc creator/4.1/psoc creator/import/gnu/arm/5.4.1/bin/../lib/gcc/arm-none-eabi/5.4.1/../../../../arm-none-eabi/lib/armv7-m\libg_nano.a(lib_a-strcat.o)
                0x00001e94                strcat
 .text          0x00001eb2       0x10 c:/program files (x86)/cypress/psoc creator/4.1/psoc creator/import/gnu/arm/5.4.1/bin/../lib/gcc/arm-none-eabi/5.4.1/../../../../arm-none-eabi/lib/armv7-m\libg_nano.a(lib_a-strlen.o)
                0x00001eb2                strlen
 .text.__ssputs_r
                0x00001ec2       0xb2 c:/program files (x86)/cypress/psoc creator/4.1/psoc creator/import/gnu/arm/5.4.1/bin/../lib/gcc/arm-none-eabi/5.4.1/../../../../arm-none-eabi/lib/armv7-m\libg_nano.a(lib_a-nano-svfprintf.o)
                0x00001ec2                __ssputs_r
 .text._svfprintf_r
                0x00001f74      0x1e8 c:/program files (x86)/cypress/psoc creator/4.1/psoc creator/import/gnu/arm/5.4.1/bin/../lib/gcc/arm-none-eabi/5.4.1/../../../../arm-none-eabi/lib/armv7-m\libg_nano.a(lib_a-nano-svfprintf.o)
                0x00001f74                _svfiprintf_r
                0x00001f74                _svfprintf_r
 .text._printf_common
                0x0000215c       0xec c:/program files (x86)/cypress/psoc creator/4.1/psoc creator/import/gnu/arm/5.4.1/bin/../lib/gcc/arm-none-eabi/5.4.1/../../../../arm-none-eabi/lib/armv7-m\libg_nano.a(lib_a-nano-vfprintf_i.o)
                0x0000215c                _printf_common
 .text._printf_i
                0x00002248      0x24c c:/program files (x86)/cypress/psoc creator/4.1/psoc creator/import/gnu/arm/5.4.1/bin/../lib/gcc/arm-none-eabi/5.4.1/../../../../arm-none-eabi/lib/armv7-m\libg_nano.a(lib_a-nano-vfprintf_i.o)
                0x00002248                _printf_i
 .text.memchr   0x00002494       0x1c c:/program files (x86)/cypress/psoc creator/4.1/psoc creator/import/gnu/arm/5.4.1/bin/../lib/gcc/arm-none-eabi/5.4.1/../../../../arm-none-eabi/lib/armv7-m\libg_nano.a(lib_a-memchr-stub.o)
                0x00002494                memchr
 .text.memmove  0x000024b0       0x36 c:/program files (x86)/cypress/psoc creator/4.1/psoc creator/import/gnu/arm/5.4.1/bin/../lib/gcc/arm-none-eabi/5.4.1/../../../../arm-none-eabi/lib/armv7-m\libg_nano.a(lib_a-memmove.o)
                0x000024b0                memmove
 *fill*         0x000024e6        0x2 
 .text._free_r  0x000024e8       0x98 c:/program files (x86)/cypress/psoc creator/4.1/psoc creator/import/gnu/arm/5.4.1/bin/../lib/gcc/arm-none-eabi/5.4.1/../../../../arm-none-eabi/lib/armv7-m\libg_nano.a(lib_a-nano-freer.o)
                0x000024e8                _free_r
 .text._malloc_r
                0x00002580       0xbc c:/program files (x86)/cypress/psoc creator/4.1/psoc creator/import/gnu/arm/5.4.1/bin/../lib/gcc/arm-none-eabi/5.4.1/../../../../arm-none-eabi/lib/armv7-m\libg_nano.a(lib_a-nano-mallocr.o)
                0x00002580                _malloc_r
 .text._realloc_r
                0x0000263c       0x4c c:/program files (x86)/cypress/psoc creator/4.1/psoc creator/import/gnu/arm/5.4.1/bin/../lib/gcc/arm-none-eabi/5.4.1/../../../../arm-none-eabi/lib/armv7-m\libg_nano.a(lib_a-nano-reallocr.o)
                0x0000263c                _realloc_r
 .text._sbrk_r  0x00002688       0x20 c:/program files (x86)/cypress/psoc creator/4.1/psoc creator/import/gnu/arm/5.4.1/bin/../lib/gcc/arm-none-eabi/5.4.1/../../../../arm-none-eabi/lib/armv7-m\libg_nano.a(lib_a-sbrkr.o)
                0x00002688                _sbrk_r
 .text.__malloc_lock
                0x000026a8        0x2 c:/program files (x86)/cypress/psoc creator/4.1/psoc creator/import/gnu/arm/5.4.1/bin/../lib/gcc/arm-none-eabi/5.4.1/../../../../arm-none-eabi/lib/armv7-m\libg_nano.a(lib_a-mlock.o)
                0x000026a8                __malloc_lock
 .text.__malloc_unlock
                0x000026aa        0x2 c:/program files (x86)/cypress/psoc creator/4.1/psoc creator/import/gnu/arm/5.4.1/bin/../lib/gcc/arm-none-eabi/5.4.1/../../../../arm-none-eabi/lib/armv7-m\libg_nano.a(lib_a-mlock.o)
                0x000026aa                __malloc_unlock
 .text._malloc_usable_size_r
                0x000026ac       0x14 c:/program files (x86)/cypress/psoc creator/4.1/psoc creator/import/gnu/arm/5.4.1/bin/../lib/gcc/arm-none-eabi/5.4.1/../../../../arm-none-eabi/lib/armv7-m\libg_nano.a(lib_a-nano-msizer.o)
                0x000026ac                _malloc_usable_size_r
 *(.plt)
 *(.gnu.warning)
 *(.glue_7t)
 .glue_7t       0x000026c0        0x0 linker stubs
 *(.glue_7)
 .glue_7        0x000026c0        0x0 linker stubs
 *(.vfp11_veneer)
 .vfp11_veneer  0x000026c0        0x0 linker stubs
 *(.bootloader)
 *(.ARM.extab* .gnu.linkonce.armextab.*)
 *(.gcc_except_table)

.v4_bx          0x000026c0        0x0
 .v4_bx         0x000026c0        0x0 linker stubs

.iplt           0x000026c0        0x0
 .iplt          0x000026c0        0x0 c:/program files (x86)/cypress/psoc creator/4.1/psoc creator/import/gnu/arm/5.4.1/bin/../lib/gcc/arm-none-eabi/5.4.1/armv7-m/crtbegin.o

.eh_frame_hdr
 *(.eh_frame_hdr)

.eh_frame       0x000026c0        0x4
 *(.eh_frame)
 .eh_frame      0x000026c0        0x0 c:/program files (x86)/cypress/psoc creator/4.1/psoc creator/import/gnu/arm/5.4.1/bin/../lib/gcc/arm-none-eabi/5.4.1/armv7-m/crtbegin.o
 .eh_frame      0x000026c0        0x4 c:/program files (x86)/cypress/psoc creator/4.1/psoc creator/import/gnu/arm/5.4.1/bin/../lib/gcc/arm-none-eabi/5.4.1/armv7-m/crtend.o
                [!provide]                PROVIDE (__exidx_start, .)

.ARM.exidx
 *(.ARM.exidx* .gnu.linkonce.armexidx.*)
                0x000026c4                __exidx_end = .

.rodata         0x000026c4      0x16c
 *(.rodata .rodata.* .gnu.linkonce.r.*)
 .rodata.str1.1
                0x000026c4       0x32 .\CortexM3\ARM_GCC_541\Release\main.o
                                 0x35 (size before relaxing)
 .rodata.str1.1
                0x000026f6       0x48 .\CortexM3\ARM_GCC_541\Release\Adafruit_GPS.o
 .rodata        0x0000273e       0x84 .\CortexM3\ARM_GCC_541\Release\cyfitter_cfg.o
 .rodata.str1.1
                0x000027c2        0x2 c:/program files (x86)/cypress/psoc creator/4.1/psoc creator/import/gnu/arm/5.4.1/bin/../lib/gcc/arm-none-eabi/5.4.1/../../../../arm-none-eabi/lib/armv7-m\libg_nano.a(lib_a-impure.o)
 .rodata.str1.1
                0x000027c4       0x11 c:/program files (x86)/cypress/psoc creator/4.1/psoc creator/import/gnu/arm/5.4.1/bin/../lib/gcc/arm-none-eabi/5.4.1/../../../../arm-none-eabi/lib/armv7-m\libg_nano.a(lib_a-nano-svfprintf.o)
 .rodata.str1.1
                0x000027d5       0x22 c:/program files (x86)/cypress/psoc creator/4.1/psoc creator/import/gnu/arm/5.4.1/bin/../lib/gcc/arm-none-eabi/5.4.1/../../../../arm-none-eabi/lib/armv7-m\libg_nano.a(lib_a-nano-vfprintf_i.o)
                0x000027f8                . = ALIGN (0x4)
 *fill*         0x000027f7        0x1 
 *(.init)
 .init          0x000027f8        0x4 c:/program files (x86)/cypress/psoc creator/4.1/psoc creator/import/gnu/arm/5.4.1/bin/../lib/gcc/arm-none-eabi/5.4.1/armv7-m/crti.o
                0x000027f8                _init
 .init          0x000027fc        0x8 c:/program files (x86)/cypress/psoc creator/4.1/psoc creator/import/gnu/arm/5.4.1/bin/../lib/gcc/arm-none-eabi/5.4.1/armv7-m/crtn.o
                0x00002804                . = ALIGN (0x4)
                0x00002804                __preinit_array_start = .
 *(.preinit_array)
                0x00002804                __preinit_array_end = .
                0x00002804                . = ALIGN (0x4)
                0x00002804                __init_array_start = .
 *(SORT(.init_array.*))
 *(.init_array)
 .init_array    0x00002804        0x4 c:/program files (x86)/cypress/psoc creator/4.1/psoc creator/import/gnu/arm/5.4.1/bin/../lib/gcc/arm-none-eabi/5.4.1/armv7-m/crtbegin.o
 .init_array    0x00002808        0x4 .\CortexM3\ARM_GCC_541\Release\Cm3Start.o
                0x0000280c                __init_array_end = .
                0x0000280c                . = ALIGN (0x4)
 *(.fini)
 .fini          0x0000280c        0x4 c:/program files (x86)/cypress/psoc creator/4.1/psoc creator/import/gnu/arm/5.4.1/bin/../lib/gcc/arm-none-eabi/5.4.1/armv7-m/crti.o
                0x0000280c                _fini
 .fini          0x00002810        0x8 c:/program files (x86)/cypress/psoc creator/4.1/psoc creator/import/gnu/arm/5.4.1/bin/../lib/gcc/arm-none-eabi/5.4.1/armv7-m/crtn.o
                0x00002818                . = ALIGN (0x4)
                0x00002818                __fini_array_start = .
 *(.fini_array)
 .fini_array    0x00002818        0x4 c:/program files (x86)/cypress/psoc creator/4.1/psoc creator/import/gnu/arm/5.4.1/bin/../lib/gcc/arm-none-eabi/5.4.1/armv7-m/crtbegin.o
 *(SORT(.fini_array.*))
                0x0000281c                __fini_array_end = .
                0x0000281c                . = ALIGN (0x4)
 *crtbegin.o(.ctors)
 *(EXCLUDE_FILE(*crtend.o) .ctors)
 *(SORT(.ctors.*))
 *crtend.o(.ctors)
                0x0000281c                . = ALIGN (0x4)
 *crtbegin.o(.dtors)
 *(EXCLUDE_FILE(*crtend.o) .dtors)
 *(SORT(.dtors.*))
 *crtend.o(.dtors)
                0x0000281c                . = ALIGN (0x4)
                0x0000281c                __cy_regions = .
                0x0000281c        0x4 LONG 0x2830 __cy_region_init_ram
                0x00002820        0x4 LONG 0x1fff80c8 __cy_region_start_data
                0x00002824        0x4 LONG 0x90 __cy_region_init_size_ram
                0x00002828        0x4 LONG 0x350 __cy_region_zero_size_ram
                0x0000282c                __cy_regions_end = .
                0x00002830                . = ALIGN (0x8)
 *fill*         0x0000282c        0x4 
                0x00002830                _etext = .

.cy_checksum_exclude
                0x00002830        0x0
 *(.cy_checksum_exclude)

.ramvectors     0x1fff8000       0xc0
                0x1fff8000                __cy_region_start_ram = .
 *(.ramvectors)
 .ramvectors    0x1fff8000       0xc0 .\CortexM3\ARM_GCC_541\Release\Cm3Start.o
                0x1fff8000                CyRamVectors

.noinit         0x1fff80c0        0x1
 *(.noinit)
 .noinit        0x1fff80c0        0x1 .\CortexM3\ARM_GCC_541\Release\ServoControl.a(CyLib.o)
                0x1fff80c0                CyResetStatus

.data           0x1fff80c8       0x90 load address 0x00002830
                0x1fff80c8                __cy_region_start_data = .
 *(.jcr)
 .jcr           0x1fff80c8        0x0 c:/program files (x86)/cypress/psoc creator/4.1/psoc creator/import/gnu/arm/5.4.1/bin/../lib/gcc/arm-none-eabi/5.4.1/armv7-m/crtbegin.o
 .jcr           0x1fff80c8        0x4 c:/program files (x86)/cypress/psoc creator/4.1/psoc creator/import/gnu/arm/5.4.1/bin/../lib/gcc/arm-none-eabi/5.4.1/armv7-m/crtend.o
 *(.got.plt)
 *(.got)
 *(.shdata)
 *(.data .data.* .gnu.linkonce.d.*)
 .data          0x1fff80cc        0xd .\CortexM3\ARM_GCC_541\Release\main.o
                0x1fff80cc                sdFile
 *fill*         0x1fff80d9        0x3 
 .data          0x1fff80dc        0x4 .\CortexM3\ARM_GCC_541\Release\Cm3Start.o
 .data          0x1fff80e0       0x10 .\CortexM3\ARM_GCC_541\Release\ServoControl.a(CyLib.o)
                0x1fff80e0                cydelay_32k_ms
                0x1fff80e4                cydelay_freq_khz
                0x1fff80e8                cydelay_freq_mhz
                0x1fff80ec                cydelay_freq_hz
 .data.impure_data
                0x1fff80f0       0x60 c:/program files (x86)/cypress/psoc creator/4.1/psoc creator/import/gnu/arm/5.4.1/bin/../lib/gcc/arm-none-eabi/5.4.1/../../../../arm-none-eabi/lib/armv7-m\libg_nano.a(lib_a-impure.o)
 .data._impure_ptr
                0x1fff8150        0x4 c:/program files (x86)/cypress/psoc creator/4.1/psoc creator/import/gnu/arm/5.4.1/bin/../lib/gcc/arm-none-eabi/5.4.1/../../../../arm-none-eabi/lib/armv7-m\libg_nano.a(lib_a-impure.o)
                0x1fff8150                _impure_ptr
                0x1fff8158                . = ALIGN (0x8)
 *fill*         0x1fff8154        0x4 
 *(.ram)
                0x1fff8158                _edata = .

.igot.plt       0x1fff8158        0x0 load address 0x000028c0
 .igot.plt      0x1fff8158        0x0 c:/program files (x86)/cypress/psoc creator/4.1/psoc creator/import/gnu/arm/5.4.1/bin/../lib/gcc/arm-none-eabi/5.4.1/armv7-m/crtbegin.o

.bss            0x1fff8158      0x350 load address 0x000028c0
                0x1fff8158                PROVIDE (__bss_start__, .)
 *(.shbss)
 *(.bss .bss.* .gnu.linkonce.b.*)
 .bss           0x1fff8158       0x1c c:/program files (x86)/cypress/psoc creator/4.1/psoc creator/import/gnu/arm/5.4.1/bin/../lib/gcc/arm-none-eabi/5.4.1/armv7-m/crtbegin.o
 .bss           0x1fff8174        0x1 .\CortexM3\ARM_GCC_541\Release\main.o
                0x1fff8174                NewGPSData
 .bss           0x1fff8175        0x1 .\CortexM3\ARM_GCC_541\Release\Adafruit_GPS.o
 .bss           0x1fff8176        0x1 .\CortexM3\ARM_GCC_541\Release\ServoControl.a(Stabilizer.o)
                0x1fff8176                Stabilizer_initVar
 .bss           0x1fff8177        0x1 .\CortexM3\ARM_GCC_541\Release\ServoControl.a(Aileron.o)
                0x1fff8177                Aileron_initVar
 .bss           0x1fff8178        0x1 .\CortexM3\ARM_GCC_541\Release\ServoControl.a(Motor_Speed.o)
                0x1fff8178                Motor_Speed_initVar
 .bss           0x1fff8179        0x1 .\CortexM3\ARM_GCC_541\Release\ServoControl.a(Timer_1.o)
                0x1fff8179                Timer_1_initVar
 .bss           0x1fff817a        0xb .\CortexM3\ARM_GCC_541\Release\ServoControl.a(UART_GPS.o)
                0x1fff817a                UART_GPS_errorStatus
                0x1fff817b                UART_GPS_initVar
                0x1fff817c                UART_GPS_rxBufferRead
                0x1fff817e                UART_GPS_rxBufferWrite
                0x1fff8180                UART_GPS_rxBufferLoopDetect
                0x1fff8181                UART_GPS_rxBufferOverflow
                0x1fff8182                UART_GPS_txBufferRead
                0x1fff8183                UART_GPS_txBufferWrite
 .bss           0x1fff8185        0x1 .\CortexM3\ARM_GCC_541\Release\ServoControl.a(I2C_Orientation.o)
                0x1fff8185                I2C_Orientation_initVar
 .bss           0x1fff8186        0x1 .\CortexM3\ARM_GCC_541\Release\ServoControl.a(Counter_Duration.o)
                0x1fff8186                Counter_Duration_initVar
 .bss           0x1fff8187        0x2 .\CortexM3\ARM_GCC_541\Release\ServoControl.a(UART_HC12.o)
                0x1fff8187                UART_HC12_initVar
 .bss           0x1fff8189        0x1 .\CortexM3\ARM_GCC_541\Release\ServoControl.a(VDAC8_1.o)
                0x1fff8189                VDAC8_1_initVar
 .bss           0x1fff818a        0x1 .\CortexM3\ARM_GCC_541\Release\ServoControl.a(SPI_Altitude.o)
                0x1fff818a                SPI_Altitude_initVar
 *fill*         0x1fff818b        0x1 
 .bss           0x1fff818c        0x8 .\CortexM3\ARM_GCC_541\Release\ServoControl.a(CySpc.o)
                0x1fff818c                SpcLockState
 .bss.__malloc_sbrk_start
                0x1fff8194        0x4 c:/program files (x86)/cypress/psoc creator/4.1/psoc creator/import/gnu/arm/5.4.1/bin/../lib/gcc/arm-none-eabi/5.4.1/../../../../arm-none-eabi/lib/armv7-m\libg_nano.a(lib_a-nano-mallocr.o)
                0x1fff8194                __malloc_sbrk_start
 .bss.__malloc_free_list
                0x1fff8198        0x4 c:/program files (x86)/cypress/psoc creator/4.1/psoc creator/import/gnu/arm/5.4.1/bin/../lib/gcc/arm-none-eabi/5.4.1/../../../../arm-none-eabi/lib/armv7-m\libg_nano.a(lib_a-nano-mallocr.o)
                0x1fff8198                __malloc_free_list
 *(COMMON)
 COMMON         0x1fff819c       0xe8 .\CortexM3\ARM_GCC_541\Release\main.o
                0x1fff819c                GPS_GGA_Data
                0x1fff8200                GPS_RMC_Data
                0x1fff8264                ROLL
                0x1fff8266                AGMTEMP
                0x1fff8268                YACCEL
                0x1fff826a                fileNumber
                0x1fff826c                PITCH
                0x1fff826e                ZACCEL
                0x1fff8270                XACCEL
                0x1fff8272                YAW
                0x1fff8274                pFile
                0x1fff8278                sdVolName
 COMMON         0x1fff8284      0x1f4 .\CortexM3\ARM_GCC_541\Release\ServoControl.a(UART_GPS.o)
                0x1fff8284                UART_GPS_rxBuffer
                0x1fff8446                UART_GPS_txBuffer
 COMMON         0x1fff8478        0x1 .\CortexM3\ARM_GCC_541\Release\ServoControl.a(I2C_Orientation.o)
                0x1fff8478                I2C_Orientation_state
 *fill*         0x1fff8479        0x3 
 COMMON         0x1fff847c        0xe .\CortexM3\ARM_GCC_541\Release\ServoControl.a(I2C_Orientation_MASTER.o)
                0x1fff847c                I2C_Orientation_mstrRdBufPtr
                0x1fff8480                I2C_Orientation_mstrRdBufSize
                0x1fff8481                I2C_Orientation_mstrWrBufSize
                0x1fff8482                I2C_Orientation_mstrStatus
                0x1fff8483                I2C_Orientation_mstrWrBufIndex
                0x1fff8484                I2C_Orientation_mstrWrBufPtr
                0x1fff8488                I2C_Orientation_mstrRdBufIndex
                0x1fff8489                I2C_Orientation_mstrControl
 COMMON         0x1fff848a       0x18 .\CortexM3\ARM_GCC_541\Release\ServoControl.a(SPI_Altitude.o)
                0x1fff848a                SPI_Altitude_txBufferFull
                0x1fff848b                SPI_Altitude_txBufferWrite
                0x1fff848c                SPI_Altitude_rxBuffer
                0x1fff8494                SPI_Altitude_swStatusRx
                0x1fff8495                SPI_Altitude_txBuffer
                0x1fff849d                SPI_Altitude_rxBufferFull
                0x1fff849e                SPI_Altitude_rxBufferWrite
                0x1fff849f                SPI_Altitude_rxBufferRead
                0x1fff84a0                SPI_Altitude_swStatusTx
                0x1fff84a1                SPI_Altitude_txBufferRead
 COMMON         0x1fff84a2        0x2 .\CortexM3\ARM_GCC_541\Release\ServoControl.a(CyFlash.o)
                0x1fff84a2                dieTemperature
 COMMON         0x1fff84a4        0x4 c:/program files (x86)/cypress/psoc creator/4.1/psoc creator/import/gnu/arm/5.4.1/bin/../lib/gcc/arm-none-eabi/5.4.1/../../../../arm-none-eabi/lib/armv7-m\libg_nano.a(lib_a-reent.o)
                0x1fff84a4                errno
                0x1fff84a8                . = ALIGN (0x8)
 *(.ram.b)
                0x1fff84a8                _end = .
                0x1fff84a8                __end = .
                0x1fff84a8                PROVIDE (end, .)
                0x1fff84a8                PROVIDE (__bss_end__, .)
                0x00002830                __cy_region_init_ram = LOADADDR (.data)
                0x00000090                __cy_region_init_size_ram = (_edata - ADDR (.data))
                0x00000350                __cy_region_zero_size_ram = (_end - _edata)

.heap           0x1fff84a8       0x80 load address 0x000028c0
                0x1fff84a8                . = _end
                0x1fff8528                . = (. + 0x80)
 *fill*         0x1fff84a8       0x80 
                0x1fff8528                __cy_heap_limit = .

.stack          0x20007800      0x800
                0x20007800                __cy_stack_limit = .
                0x20008000                . = (. + 0x800)
 *fill*         0x20007800      0x800 
                0x00000001                ASSERT ((__cy_stack_limit >= __cy_heap_limit), region RAM overflowed with stack)
                0x00000000                cy_checksum_exclude_size = (CY_APPL_LOADABLE == 0x1)?SIZEOF (.cy_checksum_exclude):0x0
                0x00000001                ASSERT ((cy_checksum_exclude_size <= CY_CHECKSUM_EXCLUDE_SIZE), CY_BOOT: Section .cy_checksum_exclude size exceedes specified limit.)

.cyloadermeta
 *(.cyloadermeta)

.cyloadablemeta
 *(.cyloadablemeta)

.cyconfigecc    0x80000000     0x10e4
 *(.cyconfigecc)
 .cyconfigecc   0x80000000     0x10e4 .\CortexM3\ARM_GCC_541\Release\cymetadata.o
                0x80000000                cy_meta_configecc

.cycustnvl      0x90000000        0x4
 *(.cycustnvl)
 .cycustnvl     0x90000000        0x4 .\CortexM3\ARM_GCC_541\Release\cymetadata.o
                0x90000000                cy_meta_custnvl

.cywolatch      0x90100000        0x4
 *(.cywolatch)
 .cywolatch     0x90100000        0x4 .\CortexM3\ARM_GCC_541\Release\cymetadata.o
                0x90100000                cy_meta_wonvl

.cyeeprom       0x90200000        0x0
 *(.cyeeprom)
                0x00000001                ASSERT ((. <= ((0x90200000 + ee_offset) + ee_size)), .cyeeprom data will not fit in EEPROM)

.cyflashprotect
                0x90400000      0x100
 *(.cyflashprotect)
 .cyflashprotect
                0x90400000      0x100 .\CortexM3\ARM_GCC_541\Release\cymetadata.o
                0x90400000                cy_meta_flashprotect

.cymeta         0x90500000        0xc
 *(.cymeta)
 .cymeta        0x90500000        0xc .\CortexM3\ARM_GCC_541\Release\cymetadata.o
                0x90500000                cy_metadata

.rel.dyn        0x000028c0        0x0 load address 0x9050000c
 .rel.iplt      0x000028c0        0x0 c:/program files (x86)/cypress/psoc creator/4.1/psoc creator/import/gnu/arm/5.4.1/bin/../lib/gcc/arm-none-eabi/5.4.1/armv7-m/crtbegin.o

.stab
 *(.stab)

.stabstr
 *(.stabstr)

.debug
 *(.debug)

.line
 *(.line)

.debug_srcinfo
 *(.debug_srcinfo)

.debug_sfnames
 *(.debug_sfnames)

.debug_aranges  0x00000000      0xed0
 *(.debug_aranges)
 .debug_aranges
                0x00000000       0x38 .\CortexM3\ARM_GCC_541\Release\main.o
 .debug_aranges
                0x00000038       0x40 .\CortexM3\ARM_GCC_541\Release\Adafruit_BNO055.o
 .debug_aranges
                0x00000078       0x28 .\CortexM3\ARM_GCC_541\Release\Adafruit_GPS.o
 .debug_aranges
                0x000000a0       0x28 .\CortexM3\ARM_GCC_541\Release\cyfitter_cfg.o
 .debug_aranges
                0x000000c8       0x18 .\CortexM3\ARM_GCC_541\Release\cymetadata.o
 .debug_aranges
                0x000000e0       0x48 .\CortexM3\ARM_GCC_541\Release\Cm3Start.o
 .debug_aranges
                0x00000128       0xa8 .\CortexM3\ARM_GCC_541\Release\ServoControl.a(Stabilizer.o)
 .debug_aranges
                0x000001d0       0xa8 .\CortexM3\ARM_GCC_541\Release\ServoControl.a(Aileron.o)
 .debug_aranges
                0x00000278       0x78 .\CortexM3\ARM_GCC_541\Release\ServoControl.a(Motor_Speed.o)
 .debug_aranges
                0x000002f0      0x298 .\CortexM3\ARM_GCC_541\Release\ServoControl.a(CyLib.o)
 .debug_aranges
                0x00000588       0x78 .\CortexM3\ARM_GCC_541\Release\ServoControl.a(cyPm.o)
 .debug_aranges
                0x00000600       0x78 .\CortexM3\ARM_GCC_541\Release\ServoControl.a(EEPROM.o)
 .debug_aranges
                0x00000678       0x88 .\CortexM3\ARM_GCC_541\Release\ServoControl.a(Timer_1.o)
 .debug_aranges
                0x00000700       0xe0 .\CortexM3\ARM_GCC_541\Release\ServoControl.a(UART_GPS.o)
 .debug_aranges
                0x000007e0       0x28 .\CortexM3\ARM_GCC_541\Release\ServoControl.a(UART_GPS_INT.o)
 .debug_aranges
                0x00000808       0x38 .\CortexM3\ARM_GCC_541\Release\ServoControl.a(I2C_Orientation.o)
 .debug_aranges
                0x00000840       0x20 .\CortexM3\ARM_GCC_541\Release\ServoControl.a(I2C_Orientation_INT.o)
 .debug_aranges
                0x00000860       0x38 .\CortexM3\ARM_GCC_541\Release\ServoControl.a(I2C_Orientation_PM.o)
 .debug_aranges
                0x00000898       0x80 .\CortexM3\ARM_GCC_541\Release\ServoControl.a(I2C_Orientation_MASTER.o)
 .debug_aranges
                0x00000918       0x98 .\CortexM3\ARM_GCC_541\Release\ServoControl.a(Counter_Duration.o)
 .debug_aranges
                0x000009b0       0xe0 .\CortexM3\ARM_GCC_541\Release\ServoControl.a(UART_HC12.o)
 .debug_aranges
                0x00000a90       0x70 .\CortexM3\ARM_GCC_541\Release\ServoControl.a(UART_HC12_IntClock.o)
 .debug_aranges
                0x00000b00       0x38 .\CortexM3\ARM_GCC_541\Release\ServoControl.a(LED.o)
 .debug_aranges
                0x00000b38       0x38 .\CortexM3\ARM_GCC_541\Release\ServoControl.a(Button.o)
 .debug_aranges
                0x00000b70       0x58 .\CortexM3\ARM_GCC_541\Release\ServoControl.a(VDAC8_1.o)
 .debug_aranges
                0x00000bc8       0x70 .\CortexM3\ARM_GCC_541\Release\ServoControl.a(Clock_UART_GPS.o)
 .debug_aranges
                0x00000c38       0xd8 .\CortexM3\ARM_GCC_541\Release\ServoControl.a(SPI_Altitude.o)
 .debug_aranges
                0x00000d10       0x28 .\CortexM3\ARM_GCC_541\Release\ServoControl.a(SPI_Altitude_INT.o)
 .debug_aranges
                0x00000d38       0x70 .\CortexM3\ARM_GCC_541\Release\ServoControl.a(SPI_Altitude_IntClock.o)
 .debug_aranges
                0x00000da8       0x20 .\CortexM3\ARM_GCC_541\Release\ServoControl.a(CyBootAsmGnu.o)
 .debug_aranges
                0x00000dc8       0x70 .\CortexM3\ARM_GCC_541\Release\ServoControl.a(CyFlash.o)
 .debug_aranges
                0x00000e38       0x78 .\CortexM3\ARM_GCC_541\Release\ServoControl.a(CySpc.o)
 .debug_aranges
                0x00000eb0       0x20 .\CortexM3\ARM_GCC_541\Release\ServoControl.a(cyutils.o)

.debug_pubnames
 *(.debug_pubnames)

.debug_info     0x00000000     0x9170
 *(.debug_info .gnu.linkonce.wi.*)
 .debug_info    0x00000000      0xa69 .\CortexM3\ARM_GCC_541\Release\main.o
 .debug_info    0x00000a69      0x9a2 .\CortexM3\ARM_GCC_541\Release\Adafruit_BNO055.o
 .debug_info    0x0000140b      0x246 .\CortexM3\ARM_GCC_541\Release\Adafruit_GPS.o
 .debug_info    0x00001651      0x632 .\CortexM3\ARM_GCC_541\Release\cyfitter_cfg.o
 .debug_info    0x00001c83      0x139 .\CortexM3\ARM_GCC_541\Release\cymetadata.o
 .debug_info    0x00001dbc      0x3b7 .\CortexM3\ARM_GCC_541\Release\Cm3Start.o
 .debug_info    0x00002173      0x438 .\CortexM3\ARM_GCC_541\Release\ServoControl.a(Stabilizer.o)
 .debug_info    0x000025ab      0x438 .\CortexM3\ARM_GCC_541\Release\ServoControl.a(Aileron.o)
 .debug_info    0x000029e3      0x2cb .\CortexM3\ARM_GCC_541\Release\ServoControl.a(Motor_Speed.o)
 .debug_info    0x00002cae     0x1343 .\CortexM3\ARM_GCC_541\Release\ServoControl.a(CyLib.o)
 .debug_info    0x00003ff1      0x97e .\CortexM3\ARM_GCC_541\Release\ServoControl.a(cyPm.o)
 .debug_info    0x0000496f      0x628 .\CortexM3\ARM_GCC_541\Release\ServoControl.a(EEPROM.o)
 .debug_info    0x00004f97      0x2f5 .\CortexM3\ARM_GCC_541\Release\ServoControl.a(Timer_1.o)
 .debug_info    0x0000528c      0x754 .\CortexM3\ARM_GCC_541\Release\ServoControl.a(UART_GPS.o)
 .debug_info    0x000059e0      0x1a8 .\CortexM3\ARM_GCC_541\Release\ServoControl.a(UART_GPS_INT.o)
 .debug_info    0x00005b88      0x2a7 .\CortexM3\ARM_GCC_541\Release\ServoControl.a(I2C_Orientation.o)
 .debug_info    0x00005e2f      0x157 .\CortexM3\ARM_GCC_541\Release\ServoControl.a(I2C_Orientation_INT.o)
 .debug_info    0x00005f86      0x226 .\CortexM3\ARM_GCC_541\Release\ServoControl.a(I2C_Orientation_PM.o)
 .debug_info    0x000061ac      0x40b .\CortexM3\ARM_GCC_541\Release\ServoControl.a(I2C_Orientation_MASTER.o)
 .debug_info    0x000065b7      0x3d4 .\CortexM3\ARM_GCC_541\Release\ServoControl.a(Counter_Duration.o)
 .debug_info    0x0000698b      0x60c .\CortexM3\ARM_GCC_541\Release\ServoControl.a(UART_HC12.o)
 .debug_info    0x00006f97      0x29d .\CortexM3\ARM_GCC_541\Release\ServoControl.a(UART_HC12_IntClock.o)
 .debug_info    0x00007234      0x121 .\CortexM3\ARM_GCC_541\Release\ServoControl.a(LED.o)
 .debug_info    0x00007355      0x121 .\CortexM3\ARM_GCC_541\Release\ServoControl.a(Button.o)
 .debug_info    0x00007476      0x1f5 .\CortexM3\ARM_GCC_541\Release\ServoControl.a(VDAC8_1.o)
 .debug_info    0x0000766b      0x29d .\CortexM3\ARM_GCC_541\Release\ServoControl.a(Clock_UART_GPS.o)
 .debug_info    0x00007908      0x7c1 .\CortexM3\ARM_GCC_541\Release\ServoControl.a(SPI_Altitude.o)
 .debug_info    0x000080c9      0x18d .\CortexM3\ARM_GCC_541\Release\ServoControl.a(SPI_Altitude_INT.o)
 .debug_info    0x00008256      0x29d .\CortexM3\ARM_GCC_541\Release\ServoControl.a(SPI_Altitude_IntClock.o)
 .debug_info    0x000084f3       0x96 .\CortexM3\ARM_GCC_541\Release\ServoControl.a(CyBootAsmGnu.o)
 .debug_info    0x00008589      0x610 .\CortexM3\ARM_GCC_541\Release\ServoControl.a(CyFlash.o)
 .debug_info    0x00008b99      0x4e9 .\CortexM3\ARM_GCC_541\Release\ServoControl.a(CySpc.o)
 .debug_info    0x00009082       0xee .\CortexM3\ARM_GCC_541\Release\ServoControl.a(cyutils.o)

.debug_abbrev   0x00000000     0x2d6d
 *(.debug_abbrev)
 .debug_abbrev  0x00000000      0x1ee .\CortexM3\ARM_GCC_541\Release\main.o
 .debug_abbrev  0x000001ee      0x155 .\CortexM3\ARM_GCC_541\Release\Adafruit_BNO055.o
 .debug_abbrev  0x00000343       0xf6 .\CortexM3\ARM_GCC_541\Release\Adafruit_GPS.o
 .debug_abbrev  0x00000439      0x242 .\CortexM3\ARM_GCC_541\Release\cyfitter_cfg.o
 .debug_abbrev  0x0000067b       0x77 .\CortexM3\ARM_GCC_541\Release\cymetadata.o
 .debug_abbrev  0x000006f2      0x1f4 .\CortexM3\ARM_GCC_541\Release\Cm3Start.o
 .debug_abbrev  0x000008e6      0x1c0 .\CortexM3\ARM_GCC_541\Release\ServoControl.a(Stabilizer.o)
 .debug_abbrev  0x00000aa6      0x1c0 .\CortexM3\ARM_GCC_541\Release\ServoControl.a(Aileron.o)
 .debug_abbrev  0x00000c66      0x17b .\CortexM3\ARM_GCC_541\Release\ServoControl.a(Motor_Speed.o)
 .debug_abbrev  0x00000de1      0x390 .\CortexM3\ARM_GCC_541\Release\ServoControl.a(CyLib.o)
 .debug_abbrev  0x00001171      0x1d5 .\CortexM3\ARM_GCC_541\Release\ServoControl.a(cyPm.o)
 .debug_abbrev  0x00001346      0x15c .\CortexM3\ARM_GCC_541\Release\ServoControl.a(EEPROM.o)
 .debug_abbrev  0x000014a2      0x181 .\CortexM3\ARM_GCC_541\Release\ServoControl.a(Timer_1.o)
 .debug_abbrev  0x00001623      0x1cd .\CortexM3\ARM_GCC_541\Release\ServoControl.a(UART_GPS.o)
 .debug_abbrev  0x000017f0       0xab .\CortexM3\ARM_GCC_541\Release\ServoControl.a(UART_GPS_INT.o)
 .debug_abbrev  0x0000189b      0x116 .\CortexM3\ARM_GCC_541\Release\ServoControl.a(I2C_Orientation.o)
 .debug_abbrev  0x000019b1       0x81 .\CortexM3\ARM_GCC_541\Release\ServoControl.a(I2C_Orientation_INT.o)
 .debug_abbrev  0x00001a32      0x148 .\CortexM3\ARM_GCC_541\Release\ServoControl.a(I2C_Orientation_PM.o)
 .debug_abbrev  0x00001b7a      0x12d .\CortexM3\ARM_GCC_541\Release\ServoControl.a(I2C_Orientation_MASTER.o)
 .debug_abbrev  0x00001ca7      0x1da .\CortexM3\ARM_GCC_541\Release\ServoControl.a(Counter_Duration.o)
 .debug_abbrev  0x00001e81      0x21a .\CortexM3\ARM_GCC_541\Release\ServoControl.a(UART_HC12.o)
 .debug_abbrev  0x0000209b      0x144 .\CortexM3\ARM_GCC_541\Release\ServoControl.a(UART_HC12_IntClock.o)
 .debug_abbrev  0x000021df       0x90 .\CortexM3\ARM_GCC_541\Release\ServoControl.a(LED.o)
 .debug_abbrev  0x0000226f       0x90 .\CortexM3\ARM_GCC_541\Release\ServoControl.a(Button.o)
 .debug_abbrev  0x000022ff      0x140 .\CortexM3\ARM_GCC_541\Release\ServoControl.a(VDAC8_1.o)
 .debug_abbrev  0x0000243f      0x144 .\CortexM3\ARM_GCC_541\Release\ServoControl.a(Clock_UART_GPS.o)
 .debug_abbrev  0x00002583      0x1ae .\CortexM3\ARM_GCC_541\Release\ServoControl.a(SPI_Altitude.o)
 .debug_abbrev  0x00002731       0x8a .\CortexM3\ARM_GCC_541\Release\ServoControl.a(SPI_Altitude_INT.o)
 .debug_abbrev  0x000027bb      0x144 .\CortexM3\ARM_GCC_541\Release\ServoControl.a(SPI_Altitude_IntClock.o)
 .debug_abbrev  0x000028ff       0x14 .\CortexM3\ARM_GCC_541\Release\ServoControl.a(CyBootAsmGnu.o)
 .debug_abbrev  0x00002913      0x22a .\CortexM3\ARM_GCC_541\Release\ServoControl.a(CyFlash.o)
 .debug_abbrev  0x00002b3d      0x1a2 .\CortexM3\ARM_GCC_541\Release\ServoControl.a(CySpc.o)
 .debug_abbrev  0x00002cdf       0x8e .\CortexM3\ARM_GCC_541\Release\ServoControl.a(cyutils.o)

.debug_line     0x00000000     0x3ee6
 *(.debug_line)
 .debug_line    0x00000000      0x39f .\CortexM3\ARM_GCC_541\Release\main.o
 .debug_line    0x0000039f      0x249 .\CortexM3\ARM_GCC_541\Release\Adafruit_BNO055.o
 .debug_line    0x000005e8      0x209 .\CortexM3\ARM_GCC_541\Release\Adafruit_GPS.o
 .debug_line    0x000007f1      0x1d3 .\CortexM3\ARM_GCC_541\Release\cyfitter_cfg.o
 .debug_line    0x000009c4      0x141 .\CortexM3\ARM_GCC_541\Release\cymetadata.o
 .debug_line    0x00000b05      0x21f .\CortexM3\ARM_GCC_541\Release\Cm3Start.o
 .debug_line    0x00000d24      0x1dc .\CortexM3\ARM_GCC_541\Release\ServoControl.a(Stabilizer.o)
 .debug_line    0x00000f00      0x1d9 .\CortexM3\ARM_GCC_541\Release\ServoControl.a(Aileron.o)
 .debug_line    0x000010d9      0x143 .\CortexM3\ARM_GCC_541\Release\ServoControl.a(Motor_Speed.o)
 .debug_line    0x0000121c      0x7fc .\CortexM3\ARM_GCC_541\Release\ServoControl.a(CyLib.o)
 .debug_line    0x00001a18      0x3be .\CortexM3\ARM_GCC_541\Release\ServoControl.a(cyPm.o)
 .debug_line    0x00001dd6      0x237 .\CortexM3\ARM_GCC_541\Release\ServoControl.a(EEPROM.o)
 .debug_line    0x0000200d      0x15e .\CortexM3\ARM_GCC_541\Release\ServoControl.a(Timer_1.o)
 .debug_line    0x0000216b      0x333 .\CortexM3\ARM_GCC_541\Release\ServoControl.a(UART_GPS.o)
 .debug_line    0x0000249e       0xc9 .\CortexM3\ARM_GCC_541\Release\ServoControl.a(UART_GPS_INT.o)
 .debug_line    0x00002567      0x11e .\CortexM3\ARM_GCC_541\Release\ServoControl.a(I2C_Orientation.o)
 .debug_line    0x00002685       0xdb .\CortexM3\ARM_GCC_541\Release\ServoControl.a(I2C_Orientation_INT.o)
 .debug_line    0x00002760       0xd4 .\CortexM3\ARM_GCC_541\Release\ServoControl.a(I2C_Orientation_PM.o)
 .debug_line    0x00002834      0x233 .\CortexM3\ARM_GCC_541\Release\ServoControl.a(I2C_Orientation_MASTER.o)
 .debug_line    0x00002a67      0x1a5 .\CortexM3\ARM_GCC_541\Release\ServoControl.a(Counter_Duration.o)
 .debug_line    0x00002c0c      0x2c9 .\CortexM3\ARM_GCC_541\Release\ServoControl.a(UART_HC12.o)
 .debug_line    0x00002ed5      0x1b9 .\CortexM3\ARM_GCC_541\Release\ServoControl.a(UART_HC12_IntClock.o)
 .debug_line    0x0000308e       0x92 .\CortexM3\ARM_GCC_541\Release\ServoControl.a(LED.o)
 .debug_line    0x00003120       0x95 .\CortexM3\ARM_GCC_541\Release\ServoControl.a(Button.o)
 .debug_line    0x000031b5       0xf3 .\CortexM3\ARM_GCC_541\Release\ServoControl.a(VDAC8_1.o)
 .debug_line    0x000032a8      0x1b5 .\CortexM3\ARM_GCC_541\Release\ServoControl.a(Clock_UART_GPS.o)
 .debug_line    0x0000345d      0x33b .\CortexM3\ARM_GCC_541\Release\ServoControl.a(SPI_Altitude.o)
 .debug_line    0x00003798       0xdc .\CortexM3\ARM_GCC_541\Release\ServoControl.a(SPI_Altitude_INT.o)
 .debug_line    0x00003874      0x1bc .\CortexM3\ARM_GCC_541\Release\ServoControl.a(SPI_Altitude_IntClock.o)
 .debug_line    0x00003a30       0x66 .\CortexM3\ARM_GCC_541\Release\ServoControl.a(CyBootAsmGnu.o)
 .debug_line    0x00003a96      0x1c8 .\CortexM3\ARM_GCC_541\Release\ServoControl.a(CyFlash.o)
 .debug_line    0x00003c5e      0x226 .\CortexM3\ARM_GCC_541\Release\ServoControl.a(CySpc.o)
 .debug_line    0x00003e84       0x62 .\CortexM3\ARM_GCC_541\Release\ServoControl.a(cyutils.o)

.debug_frame    0x00000000     0x2728
 *(.debug_frame)
 .debug_frame   0x00000000       0x90 .\CortexM3\ARM_GCC_541\Release\main.o
 .debug_frame   0x00000090       0xbc .\CortexM3\ARM_GCC_541\Release\Adafruit_BNO055.o
 .debug_frame   0x0000014c       0x5c .\CortexM3\ARM_GCC_541\Release\Adafruit_GPS.o
 .debug_frame   0x000001a8       0x48 .\CortexM3\ARM_GCC_541\Release\cyfitter_cfg.o
 .debug_frame   0x000001f0       0xb8 .\CortexM3\ARM_GCC_541\Release\Cm3Start.o
 .debug_frame   0x000002a8      0x150 .\CortexM3\ARM_GCC_541\Release\ServoControl.a(Stabilizer.o)
 .debug_frame   0x000003f8      0x150 .\CortexM3\ARM_GCC_541\Release\ServoControl.a(Aileron.o)
 .debug_frame   0x00000548       0xe0 .\CortexM3\ARM_GCC_541\Release\ServoControl.a(Motor_Speed.o)
 .debug_frame   0x00000628      0x6f8 .\CortexM3\ARM_GCC_541\Release\ServoControl.a(CyLib.o)
 .debug_frame   0x00000d20      0x1c8 .\CortexM3\ARM_GCC_541\Release\ServoControl.a(cyPm.o)
 .debug_frame   0x00000ee8      0x160 .\CortexM3\ARM_GCC_541\Release\ServoControl.a(EEPROM.o)
 .debug_frame   0x00001048      0x100 .\CortexM3\ARM_GCC_541\Release\ServoControl.a(Timer_1.o)
 .debug_frame   0x00001148      0x26c .\CortexM3\ARM_GCC_541\Release\ServoControl.a(UART_GPS.o)
 .debug_frame   0x000013b4       0x5c .\CortexM3\ARM_GCC_541\Release\ServoControl.a(UART_GPS_INT.o)
 .debug_frame   0x00001410       0x94 .\CortexM3\ARM_GCC_541\Release\ServoControl.a(I2C_Orientation.o)
 .debug_frame   0x000014a4       0x30 .\CortexM3\ARM_GCC_541\Release\ServoControl.a(I2C_Orientation_INT.o)
 .debug_frame   0x000014d4       0x7c .\CortexM3\ARM_GCC_541\Release\ServoControl.a(I2C_Orientation_PM.o)
 .debug_frame   0x00001550      0x10c .\CortexM3\ARM_GCC_541\Release\ServoControl.a(I2C_Orientation_MASTER.o)
 .debug_frame   0x0000165c      0x13c .\CortexM3\ARM_GCC_541\Release\ServoControl.a(Counter_Duration.o)
 .debug_frame   0x00001798      0x23c .\CortexM3\ARM_GCC_541\Release\ServoControl.a(UART_HC12.o)
 .debug_frame   0x000019d4       0xe0 .\CortexM3\ARM_GCC_541\Release\ServoControl.a(UART_HC12_IntClock.o)
 .debug_frame   0x00001ab4       0x50 .\CortexM3\ARM_GCC_541\Release\ServoControl.a(LED.o)
 .debug_frame   0x00001b04       0x50 .\CortexM3\ARM_GCC_541\Release\ServoControl.a(Button.o)
 .debug_frame   0x00001b54       0xac .\CortexM3\ARM_GCC_541\Release\ServoControl.a(VDAC8_1.o)
 .debug_frame   0x00001c00       0xe0 .\CortexM3\ARM_GCC_541\Release\ServoControl.a(Clock_UART_GPS.o)
 .debug_frame   0x00001ce0      0x228 .\CortexM3\ARM_GCC_541\Release\ServoControl.a(SPI_Altitude.o)
 .debug_frame   0x00001f08       0x60 .\CortexM3\ARM_GCC_541\Release\ServoControl.a(SPI_Altitude_INT.o)
 .debug_frame   0x00001f68       0xe0 .\CortexM3\ARM_GCC_541\Release\ServoControl.a(SPI_Altitude_IntClock.o)
 .debug_frame   0x00002048      0x144 .\CortexM3\ARM_GCC_541\Release\ServoControl.a(CyFlash.o)
 .debug_frame   0x0000218c      0x170 .\CortexM3\ARM_GCC_541\Release\ServoControl.a(CySpc.o)
 .debug_frame   0x000022fc       0x20 .\CortexM3\ARM_GCC_541\Release\ServoControl.a(cyutils.o)
 .debug_frame   0x0000231c       0x20 c:/program files (x86)/cypress/psoc creator/4.1/psoc creator/import/gnu/arm/5.4.1/bin/../lib/gcc/arm-none-eabi/5.4.1/../../../../arm-none-eabi/lib/armv7-m\libg_nano.a(lib_a-errno.o)
 .debug_frame   0x0000233c       0x28 c:/program files (x86)/cypress/psoc creator/4.1/psoc creator/import/gnu/arm/5.4.1/bin/../lib/gcc/arm-none-eabi/5.4.1/../../../../arm-none-eabi/lib/armv7-m\libg_nano.a(lib_a-exit.o)
 .debug_frame   0x00002364       0x2c c:/program files (x86)/cypress/psoc creator/4.1/psoc creator/import/gnu/arm/5.4.1/bin/../lib/gcc/arm-none-eabi/5.4.1/../../../../arm-none-eabi/lib/armv7-m\libg_nano.a(lib_a-init.o)
 .debug_frame   0x00002390       0x28 c:/program files (x86)/cypress/psoc creator/4.1/psoc creator/import/gnu/arm/5.4.1/bin/../lib/gcc/arm-none-eabi/5.4.1/../../../../arm-none-eabi/lib/armv7-m\libg_nano.a(lib_a-memcpy-stub.o)
 .debug_frame   0x000023b8       0x20 c:/program files (x86)/cypress/psoc creator/4.1/psoc creator/import/gnu/arm/5.4.1/bin/../lib/gcc/arm-none-eabi/5.4.1/../../../../arm-none-eabi/lib/armv7-m\libg_nano.a(lib_a-memset.o)
 .debug_frame   0x000023d8       0x70 c:/program files (x86)/cypress/psoc creator/4.1/psoc creator/import/gnu/arm/5.4.1/bin/../lib/gcc/arm-none-eabi/5.4.1/../../../../arm-none-eabi/lib/armv7-m\libg_nano.a(lib_a-sprintf.o)
 .debug_frame   0x00002448       0x28 c:/program files (x86)/cypress/psoc creator/4.1/psoc creator/import/gnu/arm/5.4.1/bin/../lib/gcc/arm-none-eabi/5.4.1/../../../../arm-none-eabi/lib/armv7-m\libg_nano.a(lib_a-strcat.o)
 .debug_frame   0x00002470       0x90 c:/program files (x86)/cypress/psoc creator/4.1/psoc creator/import/gnu/arm/5.4.1/bin/../lib/gcc/arm-none-eabi/5.4.1/../../../../arm-none-eabi/lib/armv7-m\libg_nano.a(lib_a-nano-svfprintf.o)
 .debug_frame   0x00002500       0x60 c:/program files (x86)/cypress/psoc creator/4.1/psoc creator/import/gnu/arm/5.4.1/bin/../lib/gcc/arm-none-eabi/5.4.1/../../../../arm-none-eabi/lib/armv7-m\libg_nano.a(lib_a-nano-vfprintf_i.o)
 .debug_frame   0x00002560       0x28 c:/program files (x86)/cypress/psoc creator/4.1/psoc creator/import/gnu/arm/5.4.1/bin/../lib/gcc/arm-none-eabi/5.4.1/../../../../arm-none-eabi/lib/armv7-m\libg_nano.a(lib_a-memchr-stub.o)
 .debug_frame   0x00002588       0x28 c:/program files (x86)/cypress/psoc creator/4.1/psoc creator/import/gnu/arm/5.4.1/bin/../lib/gcc/arm-none-eabi/5.4.1/../../../../arm-none-eabi/lib/armv7-m\libg_nano.a(lib_a-memmove.o)
 .debug_frame   0x000025b0       0x38 c:/program files (x86)/cypress/psoc creator/4.1/psoc creator/import/gnu/arm/5.4.1/bin/../lib/gcc/arm-none-eabi/5.4.1/../../../../arm-none-eabi/lib/armv7-m\libg_nano.a(lib_a-nano-freer.o)
 .debug_frame   0x000025e8       0x2c c:/program files (x86)/cypress/psoc creator/4.1/psoc creator/import/gnu/arm/5.4.1/bin/../lib/gcc/arm-none-eabi/5.4.1/../../../../arm-none-eabi/lib/armv7-m\libg_nano.a(lib_a-nano-mallocr.o)
 .debug_frame   0x00002614       0x3c c:/program files (x86)/cypress/psoc creator/4.1/psoc creator/import/gnu/arm/5.4.1/bin/../lib/gcc/arm-none-eabi/5.4.1/../../../../arm-none-eabi/lib/armv7-m\libg_nano.a(lib_a-nano-reallocr.o)
 .debug_frame   0x00002650       0x2c c:/program files (x86)/cypress/psoc creator/4.1/psoc creator/import/gnu/arm/5.4.1/bin/../lib/gcc/arm-none-eabi/5.4.1/../../../../arm-none-eabi/lib/armv7-m\libg_nano.a(lib_a-sbrkr.o)
 .debug_frame   0x0000267c       0x30 c:/program files (x86)/cypress/psoc creator/4.1/psoc creator/import/gnu/arm/5.4.1/bin/../lib/gcc/arm-none-eabi/5.4.1/../../../../arm-none-eabi/lib/armv7-m\libg_nano.a(lib_a-mlock.o)
 .debug_frame   0x000026ac       0x20 c:/program files (x86)/cypress/psoc creator/4.1/psoc creator/import/gnu/arm/5.4.1/bin/../lib/gcc/arm-none-eabi/5.4.1/../../../../arm-none-eabi/lib/armv7-m\libg_nano.a(lib_a-nano-msizer.o)
 .debug_frame   0x000026cc       0x5c c:/program files (x86)/cypress/psoc creator/4.1/psoc creator/import/gnu/arm/5.4.1/bin/../lib/gcc/arm-none-eabi/5.4.1/../../../../arm-none-eabi/lib/armv7-m\libg_nano.a(lib_a-reent.o)

.debug_str      0x00000000     0x41ca
 *(.debug_str)
 .debug_str     0x00000000      0xf77 .\CortexM3\ARM_GCC_541\Release\main.o
                                0xfe2 (size before relaxing)
 .debug_str     0x00000f77      0x2cf .\CortexM3\ARM_GCC_541\Release\Adafruit_BNO055.o
                               0x1058 (size before relaxing)
 .debug_str     0x00001246       0x85 .\CortexM3\ARM_GCC_541\Release\Adafruit_GPS.o
                                0x282 (size before relaxing)
 .debug_str     0x000012cb      0x1af .\CortexM3\ARM_GCC_541\Release\cyfitter_cfg.o
                                0x34a (size before relaxing)
 .debug_str     0x0000147a       0x75 .\CortexM3\ARM_GCC_541\Release\cymetadata.o
                                0x1ea (size before relaxing)
 .debug_str     0x000014ef      0x144 .\CortexM3\ARM_GCC_541\Release\Cm3Start.o
                                0x310 (size before relaxing)
 .debug_str     0x00001633      0x24c .\CortexM3\ARM_GCC_541\Release\ServoControl.a(Stabilizer.o)
                                0x3f6 (size before relaxing)
 .debug_str     0x0000187f      0x1aa .\CortexM3\ARM_GCC_541\Release\ServoControl.a(Aileron.o)
                                0x3b7 (size before relaxing)
 .debug_str     0x00001a29      0x14b .\CortexM3\ARM_GCC_541\Release\ServoControl.a(Motor_Speed.o)
                                0x327 (size before relaxing)
 .debug_str     0x00001b74      0x802 .\CortexM3\ARM_GCC_541\Release\ServoControl.a(CyLib.o)
                                0xa4d (size before relaxing)
 .debug_str     0x00002376      0x365 .\CortexM3\ARM_GCC_541\Release\ServoControl.a(cyPm.o)
                                0x732 (size before relaxing)
 .debug_str     0x000026db      0x1a7 .\CortexM3\ARM_GCC_541\Release\ServoControl.a(EEPROM.o)
                                0x3c8 (size before relaxing)
 .debug_str     0x00002882      0x112 .\CortexM3\ARM_GCC_541\Release\ServoControl.a(Timer_1.o)
                                0x31b (size before relaxing)
 .debug_str     0x00002994      0x35d .\CortexM3\ARM_GCC_541\Release\ServoControl.a(UART_GPS.o)
                                0x5cf (size before relaxing)
 .debug_str     0x00002cf1       0x6a .\CortexM3\ARM_GCC_541\Release\ServoControl.a(UART_GPS_INT.o)
                                0x2c6 (size before relaxing)
 .debug_str     0x00002d5b      0x15d .\CortexM3\ARM_GCC_541\Release\ServoControl.a(I2C_Orientation.o)
                                0x377 (size before relaxing)
 .debug_str     0x00002eb8       0xda .\CortexM3\ARM_GCC_541\Release\ServoControl.a(I2C_Orientation_INT.o)
                                0x2e2 (size before relaxing)
 .debug_str     0x00002f92       0x92 .\CortexM3\ARM_GCC_541\Release\ServoControl.a(I2C_Orientation_PM.o)
                                0x2ef (size before relaxing)
 .debug_str     0x00003024      0x19a .\CortexM3\ARM_GCC_541\Release\ServoControl.a(I2C_Orientation_MASTER.o)
                                0x4be (size before relaxing)
 .debug_str     0x000031be      0x21c .\CortexM3\ARM_GCC_541\Release\ServoControl.a(Counter_Duration.o)
                                0x43a (size before relaxing)
 .debug_str     0x000033da      0x264 .\CortexM3\ARM_GCC_541\Release\ServoControl.a(UART_HC12.o)
                                0x4d4 (size before relaxing)
 .debug_str     0x0000363e      0x1b5 .\CortexM3\ARM_GCC_541\Release\ServoControl.a(UART_HC12_IntClock.o)
                                0x378 (size before relaxing)
 .debug_str     0x000037f3       0x52 .\CortexM3\ARM_GCC_541\Release\ServoControl.a(LED.o)
                                0x1de (size before relaxing)
 .debug_str     0x00003845       0x54 .\CortexM3\ARM_GCC_541\Release\ServoControl.a(Button.o)
                                0x1ed (size before relaxing)
 .debug_str     0x00003899       0xa9 .\CortexM3\ARM_GCC_541\Release\ServoControl.a(VDAC8_1.o)
                                0x239 (size before relaxing)
 .debug_str     0x00003942      0x149 .\CortexM3\ARM_GCC_541\Release\ServoControl.a(Clock_UART_GPS.o)
                                0x348 (size before relaxing)
 .debug_str     0x00003a8b      0x3da .\CortexM3\ARM_GCC_541\Release\ServoControl.a(SPI_Altitude.o)
                                0x614 (size before relaxing)
 .debug_str     0x00003e65       0x52 .\CortexM3\ARM_GCC_541\Release\ServoControl.a(SPI_Altitude_INT.o)
                                0x2e9 (size before relaxing)
 .debug_str     0x00003eb7      0x188 .\CortexM3\ARM_GCC_541\Release\ServoControl.a(SPI_Altitude_IntClock.o)
                                0x39c (size before relaxing)
 .debug_str     0x0000403f       0xf4 .\CortexM3\ARM_GCC_541\Release\ServoControl.a(CyFlash.o)
                                0x3a0 (size before relaxing)
 .debug_str     0x00004133       0x6e .\CortexM3\ARM_GCC_541\Release\ServoControl.a(CySpc.o)
                                0x330 (size before relaxing)
 .debug_str     0x000041a1       0x29 .\CortexM3\ARM_GCC_541\Release\ServoControl.a(cyutils.o)
                                0x1b8 (size before relaxing)

.debug_loc      0x00000000     0x34c2
 *(.debug_loc)
 .debug_loc     0x00000000       0x80 .\CortexM3\ARM_GCC_541\Release\main.o
 .debug_loc     0x00000080       0x80 .\CortexM3\ARM_GCC_541\Release\Adafruit_BNO055.o
 .debug_loc     0x00000100       0x5a .\CortexM3\ARM_GCC_541\Release\Adafruit_GPS.o
 .debug_loc     0x0000015a      0x4be .\CortexM3\ARM_GCC_541\Release\cyfitter_cfg.o
 .debug_loc     0x00000618      0x1af .\CortexM3\ARM_GCC_541\Release\Cm3Start.o
 .debug_loc     0x000007c7       0x97 .\CortexM3\ARM_GCC_541\Release\ServoControl.a(Stabilizer.o)
 .debug_loc     0x0000085e       0x97 .\CortexM3\ARM_GCC_541\Release\ServoControl.a(Aileron.o)
 .debug_loc     0x000008f5       0x58 .\CortexM3\ARM_GCC_541\Release\ServoControl.a(Motor_Speed.o)
 .debug_loc     0x0000094d      0xa20 .\CortexM3\ARM_GCC_541\Release\ServoControl.a(CyLib.o)
 .debug_loc     0x0000136d      0x1d6 .\CortexM3\ARM_GCC_541\Release\ServoControl.a(cyPm.o)
 .debug_loc     0x00001543      0x3b3 .\CortexM3\ARM_GCC_541\Release\ServoControl.a(EEPROM.o)
 .debug_loc     0x000018f6       0x40 .\CortexM3\ARM_GCC_541\Release\ServoControl.a(Timer_1.o)
 .debug_loc     0x00001936      0x371 .\CortexM3\ARM_GCC_541\Release\ServoControl.a(UART_GPS.o)
 .debug_loc     0x00001ca7       0x51 .\CortexM3\ARM_GCC_541\Release\ServoControl.a(UART_GPS_INT.o)
 .debug_loc     0x00001cf8       0x48 .\CortexM3\ARM_GCC_541\Release\ServoControl.a(I2C_Orientation.o)
 .debug_loc     0x00001d40       0x4a .\CortexM3\ARM_GCC_541\Release\ServoControl.a(I2C_Orientation_INT.o)
 .debug_loc     0x00001d8a       0x13 .\CortexM3\ARM_GCC_541\Release\ServoControl.a(I2C_Orientation_PM.o)
 .debug_loc     0x00001d9d      0x507 .\CortexM3\ARM_GCC_541\Release\ServoControl.a(I2C_Orientation_MASTER.o)
 .debug_loc     0x000022a4       0xce .\CortexM3\ARM_GCC_541\Release\ServoControl.a(Counter_Duration.o)
 .debug_loc     0x00002372      0x229 .\CortexM3\ARM_GCC_541\Release\ServoControl.a(UART_HC12.o)
 .debug_loc     0x0000259b       0xa6 .\CortexM3\ARM_GCC_541\Release\ServoControl.a(UART_HC12_IntClock.o)
 .debug_loc     0x00002641       0x5a .\CortexM3\ARM_GCC_541\Release\ServoControl.a(LED.o)
 .debug_loc     0x0000269b       0x5a .\CortexM3\ARM_GCC_541\Release\ServoControl.a(Button.o)
 .debug_loc     0x000026f5       0x72 .\CortexM3\ARM_GCC_541\Release\ServoControl.a(VDAC8_1.o)
 .debug_loc     0x00002767       0xa6 .\CortexM3\ARM_GCC_541\Release\ServoControl.a(Clock_UART_GPS.o)
 .debug_loc     0x0000280d      0x1d1 .\CortexM3\ARM_GCC_541\Release\ServoControl.a(SPI_Altitude.o)
 .debug_loc     0x000029de       0x83 .\CortexM3\ARM_GCC_541\Release\ServoControl.a(SPI_Altitude_INT.o)
 .debug_loc     0x00002a61       0xa6 .\CortexM3\ARM_GCC_541\Release\ServoControl.a(SPI_Altitude_IntClock.o)
 .debug_loc     0x00002b07      0x3ab .\CortexM3\ARM_GCC_541\Release\ServoControl.a(CyFlash.o)
 .debug_loc     0x00002eb2      0x5ef .\CortexM3\ARM_GCC_541\Release\ServoControl.a(CySpc.o)
 .debug_loc     0x000034a1       0x21 .\CortexM3\ARM_GCC_541\Release\ServoControl.a(cyutils.o)

.debug_macinfo
 *(.debug_macinfo)

.debug_ranges   0x00000000     0x1098
 *(.debug_ranges)
 .debug_ranges  0x00000000       0x28 .\CortexM3\ARM_GCC_541\Release\main.o
 .debug_ranges  0x00000028       0x30 .\CortexM3\ARM_GCC_541\Release\Adafruit_BNO055.o
 .debug_ranges  0x00000058       0x18 .\CortexM3\ARM_GCC_541\Release\Adafruit_GPS.o
 .debug_ranges  0x00000070       0xf0 .\CortexM3\ARM_GCC_541\Release\cyfitter_cfg.o
 .debug_ranges  0x00000160       0x50 .\CortexM3\ARM_GCC_541\Release\Cm3Start.o
 .debug_ranges  0x000001b0       0xf8 .\CortexM3\ARM_GCC_541\Release\ServoControl.a(Stabilizer.o)
 .debug_ranges  0x000002a8       0xf8 .\CortexM3\ARM_GCC_541\Release\ServoControl.a(Aileron.o)
 .debug_ranges  0x000003a0       0x68 .\CortexM3\ARM_GCC_541\Release\ServoControl.a(Motor_Speed.o)
 .debug_ranges  0x00000408      0x2b8 .\CortexM3\ARM_GCC_541\Release\ServoControl.a(CyLib.o)
 .debug_ranges  0x000006c0       0x90 .\CortexM3\ARM_GCC_541\Release\ServoControl.a(cyPm.o)
 .debug_ranges  0x00000750       0x68 .\CortexM3\ARM_GCC_541\Release\ServoControl.a(EEPROM.o)
 .debug_ranges  0x000007b8       0x78 .\CortexM3\ARM_GCC_541\Release\ServoControl.a(Timer_1.o)
 .debug_ranges  0x00000830       0xe8 .\CortexM3\ARM_GCC_541\Release\ServoControl.a(UART_GPS.o)
 .debug_ranges  0x00000918       0x18 .\CortexM3\ARM_GCC_541\Release\ServoControl.a(UART_GPS_INT.o)
 .debug_ranges  0x00000930       0x48 .\CortexM3\ARM_GCC_541\Release\ServoControl.a(I2C_Orientation.o)
 .debug_ranges  0x00000978       0x10 .\CortexM3\ARM_GCC_541\Release\ServoControl.a(I2C_Orientation_INT.o)
 .debug_ranges  0x00000988       0x28 .\CortexM3\ARM_GCC_541\Release\ServoControl.a(I2C_Orientation_PM.o)
 .debug_ranges  0x000009b0       0x70 .\CortexM3\ARM_GCC_541\Release\ServoControl.a(I2C_Orientation_MASTER.o)
 .debug_ranges  0x00000a20       0x88 .\CortexM3\ARM_GCC_541\Release\ServoControl.a(Counter_Duration.o)
 .debug_ranges  0x00000aa8      0x118 .\CortexM3\ARM_GCC_541\Release\ServoControl.a(UART_HC12.o)
 .debug_ranges  0x00000bc0       0xb8 .\CortexM3\ARM_GCC_541\Release\ServoControl.a(UART_HC12_IntClock.o)
 .debug_ranges  0x00000c78       0x28 .\CortexM3\ARM_GCC_541\Release\ServoControl.a(LED.o)
 .debug_ranges  0x00000ca0       0x28 .\CortexM3\ARM_GCC_541\Release\ServoControl.a(Button.o)
 .debug_ranges  0x00000cc8       0x48 .\CortexM3\ARM_GCC_541\Release\ServoControl.a(VDAC8_1.o)
 .debug_ranges  0x00000d10       0xb8 .\CortexM3\ARM_GCC_541\Release\ServoControl.a(Clock_UART_GPS.o)
 .debug_ranges  0x00000dc8      0x110 .\CortexM3\ARM_GCC_541\Release\ServoControl.a(SPI_Altitude.o)
 .debug_ranges  0x00000ed8       0x18 .\CortexM3\ARM_GCC_541\Release\ServoControl.a(SPI_Altitude_INT.o)
 .debug_ranges  0x00000ef0       0xb8 .\CortexM3\ARM_GCC_541\Release\ServoControl.a(SPI_Altitude_IntClock.o)
 .debug_ranges  0x00000fa8       0x78 .\CortexM3\ARM_GCC_541\Release\ServoControl.a(CyFlash.o)
 .debug_ranges  0x00001020       0x68 .\CortexM3\ARM_GCC_541\Release\ServoControl.a(CySpc.o)
 .debug_ranges  0x00001088       0x10 .\CortexM3\ARM_GCC_541\Release\ServoControl.a(cyutils.o)

.comment        0x00000000       0x6e
 .comment       0x00000000       0x6e .\CortexM3\ARM_GCC_541\Release\main.o
                                 0x6f (size before relaxing)
 .comment       0x0000006e       0x6f .\CortexM3\ARM_GCC_541\Release\Adafruit_BNO055.o
 .comment       0x0000006e       0x6f .\CortexM3\ARM_GCC_541\Release\Adafruit_GPS.o
 .comment       0x0000006e       0x6f .\CortexM3\ARM_GCC_541\Release\cyfitter_cfg.o
 .comment       0x0000006e       0x6f .\CortexM3\ARM_GCC_541\Release\cymetadata.o
 .comment       0x0000006e       0x6f .\CortexM3\ARM_GCC_541\Release\Cm3Start.o
 .comment       0x0000006e       0x6f .\CortexM3\ARM_GCC_541\Release\ServoControl.a(Stabilizer.o)
 .comment       0x0000006e       0x6f .\CortexM3\ARM_GCC_541\Release\ServoControl.a(Aileron.o)
 .comment       0x0000006e       0x6f .\CortexM3\ARM_GCC_541\Release\ServoControl.a(Motor_Speed.o)
 .comment       0x0000006e       0x6f .\CortexM3\ARM_GCC_541\Release\ServoControl.a(CyLib.o)
 .comment       0x0000006e       0x6f .\CortexM3\ARM_GCC_541\Release\ServoControl.a(cyPm.o)
 .comment       0x0000006e       0x6f .\CortexM3\ARM_GCC_541\Release\ServoControl.a(EEPROM.o)
 .comment       0x0000006e       0x6f .\CortexM3\ARM_GCC_541\Release\ServoControl.a(Timer_1.o)
 .comment       0x0000006e       0x6f .\CortexM3\ARM_GCC_541\Release\ServoControl.a(UART_GPS.o)
 .comment       0x0000006e       0x6f .\CortexM3\ARM_GCC_541\Release\ServoControl.a(UART_GPS_INT.o)
 .comment       0x0000006e       0x6f .\CortexM3\ARM_GCC_541\Release\ServoControl.a(I2C_Orientation.o)
 .comment       0x0000006e       0x6f .\CortexM3\ARM_GCC_541\Release\ServoControl.a(I2C_Orientation_INT.o)
 .comment       0x0000006e       0x6f .\CortexM3\ARM_GCC_541\Release\ServoControl.a(I2C_Orientation_PM.o)
 .comment       0x0000006e       0x6f .\CortexM3\ARM_GCC_541\Release\ServoControl.a(I2C_Orientation_MASTER.o)
 .comment       0x0000006e       0x6f .\CortexM3\ARM_GCC_541\Release\ServoControl.a(Counter_Duration.o)
 .comment       0x0000006e       0x6f .\CortexM3\ARM_GCC_541\Release\ServoControl.a(UART_HC12.o)
 .comment       0x0000006e       0x6f .\CortexM3\ARM_GCC_541\Release\ServoControl.a(UART_HC12_IntClock.o)
 .comment       0x0000006e       0x6f .\CortexM3\ARM_GCC_541\Release\ServoControl.a(LED.o)
 .comment       0x0000006e       0x6f .\CortexM3\ARM_GCC_541\Release\ServoControl.a(Button.o)
 .comment       0x0000006e       0x6f .\CortexM3\ARM_GCC_541\Release\ServoControl.a(VDAC8_1.o)
 .comment       0x0000006e       0x6f .\CortexM3\ARM_GCC_541\Release\ServoControl.a(Clock_UART_GPS.o)
 .comment       0x0000006e       0x6f .\CortexM3\ARM_GCC_541\Release\ServoControl.a(SPI_Altitude.o)
 .comment       0x0000006e       0x6f .\CortexM3\ARM_GCC_541\Release\ServoControl.a(SPI_Altitude_INT.o)
 .comment       0x0000006e       0x6f .\CortexM3\ARM_GCC_541\Release\ServoControl.a(SPI_Altitude_IntClock.o)
 .comment       0x0000006e       0x6f .\CortexM3\ARM_GCC_541\Release\ServoControl.a(CyFlash.o)
 .comment       0x0000006e       0x6f .\CortexM3\ARM_GCC_541\Release\ServoControl.a(CySpc.o)
 .comment       0x0000006e       0x6f .\CortexM3\ARM_GCC_541\Release\ServoControl.a(cyutils.o)

.debug_weaknames
 *(.debug_weaknames)

.debug_funcnames
 *(.debug_funcnames)

.debug_typenames
 *(.debug_typenames)

.debug_varnames
 *(.debug_varnames)

.note.gnu.arm.ident
 *(.note.gnu.arm.ident)

.ARM.attributes
                0x00000000       0x29
 *(.ARM.attributes)
 .ARM.attributes
                0x00000000       0x1d c:/program files (x86)/cypress/psoc creator/4.1/psoc creator/import/gnu/arm/5.4.1/bin/../lib/gcc/arm-none-eabi/5.4.1/armv7-m/crti.o
 .ARM.attributes
                0x0000001d       0x2d c:/program files (x86)/cypress/psoc creator/4.1/psoc creator/import/gnu/arm/5.4.1/bin/../lib/gcc/arm-none-eabi/5.4.1/armv7-m/crtbegin.o
 .ARM.attributes
                0x0000004a       0x1b c:/program files (x86)/cypress/psoc creator/4.1/psoc creator/import/gnu/arm/5.4.1/bin/../lib/gcc/arm-none-eabi/5.4.1/../../../../arm-none-eabi/lib/armv7-m/crt0.o
 .ARM.attributes
                0x00000065       0x33 .\CortexM3\ARM_GCC_541\Release\main.o
 .ARM.attributes
                0x00000098       0x33 .\CortexM3\ARM_GCC_541\Release\Adafruit_BNO055.o
 .ARM.attributes
                0x000000cb       0x33 .\CortexM3\ARM_GCC_541\Release\Adafruit_GPS.o
 .ARM.attributes
                0x000000fe       0x33 .\CortexM3\ARM_GCC_541\Release\cyfitter_cfg.o
 .ARM.attributes
                0x00000131       0x33 .\CortexM3\ARM_GCC_541\Release\cymetadata.o
 .ARM.attributes
                0x00000164       0x33 .\CortexM3\ARM_GCC_541\Release\Cm3Start.o
 .ARM.attributes
                0x00000197       0x33 .\CortexM3\ARM_GCC_541\Release\ServoControl.a(Stabilizer.o)
 .ARM.attributes
                0x000001ca       0x33 .\CortexM3\ARM_GCC_541\Release\ServoControl.a(Aileron.o)
 .ARM.attributes
                0x000001fd       0x33 .\CortexM3\ARM_GCC_541\Release\ServoControl.a(Motor_Speed.o)
 .ARM.attributes
                0x00000230       0x33 .\CortexM3\ARM_GCC_541\Release\ServoControl.a(CyLib.o)
 .ARM.attributes
                0x00000263       0x33 .\CortexM3\ARM_GCC_541\Release\ServoControl.a(cyPm.o)
 .ARM.attributes
                0x00000296       0x33 .\CortexM3\ARM_GCC_541\Release\ServoControl.a(EEPROM.o)
 .ARM.attributes
                0x000002c9       0x33 .\CortexM3\ARM_GCC_541\Release\ServoControl.a(Timer_1.o)
 .ARM.attributes
                0x000002fc       0x33 .\CortexM3\ARM_GCC_541\Release\ServoControl.a(UART_GPS.o)
 .ARM.attributes
                0x0000032f       0x33 .\CortexM3\ARM_GCC_541\Release\ServoControl.a(UART_GPS_INT.o)
 .ARM.attributes
                0x00000362       0x33 .\CortexM3\ARM_GCC_541\Release\ServoControl.a(I2C_Orientation.o)
 .ARM.attributes
                0x00000395       0x33 .\CortexM3\ARM_GCC_541\Release\ServoControl.a(I2C_Orientation_INT.o)
 .ARM.attributes
                0x000003c8       0x33 .\CortexM3\ARM_GCC_541\Release\ServoControl.a(I2C_Orientation_PM.o)
 .ARM.attributes
                0x000003fb       0x33 .\CortexM3\ARM_GCC_541\Release\ServoControl.a(I2C_Orientation_MASTER.o)
 .ARM.attributes
                0x0000042e       0x33 .\CortexM3\ARM_GCC_541\Release\ServoControl.a(Counter_Duration.o)
 .ARM.attributes
                0x00000461       0x33 .\CortexM3\ARM_GCC_541\Release\ServoControl.a(UART_HC12.o)
 .ARM.attributes
                0x00000494       0x33 .\CortexM3\ARM_GCC_541\Release\ServoControl.a(UART_HC12_IntClock.o)
 .ARM.attributes
                0x000004c7       0x33 .\CortexM3\ARM_GCC_541\Release\ServoControl.a(LED.o)
 .ARM.attributes
                0x000004fa       0x33 .\CortexM3\ARM_GCC_541\Release\ServoControl.a(Button.o)
 .ARM.attributes
                0x0000052d       0x33 .\CortexM3\ARM_GCC_541\Release\ServoControl.a(VDAC8_1.o)
 .ARM.attributes
                0x00000560       0x33 .\CortexM3\ARM_GCC_541\Release\ServoControl.a(Clock_UART_GPS.o)
 .ARM.attributes
                0x00000593       0x33 .\CortexM3\ARM_GCC_541\Release\ServoControl.a(SPI_Altitude.o)
 .ARM.attributes
                0x000005c6       0x33 .\CortexM3\ARM_GCC_541\Release\ServoControl.a(SPI_Altitude_INT.o)
 .ARM.attributes
                0x000005f9       0x33 .\CortexM3\ARM_GCC_541\Release\ServoControl.a(SPI_Altitude_IntClock.o)
 .ARM.attributes
                0x0000062c       0x21 .\CortexM3\ARM_GCC_541\Release\ServoControl.a(CyBootAsmGnu.o)
 .ARM.attributes
                0x0000064d       0x33 .\CortexM3\ARM_GCC_541\Release\ServoControl.a(CyFlash.o)
 .ARM.attributes
                0x00000680       0x33 .\CortexM3\ARM_GCC_541\Release\ServoControl.a(CySpc.o)
 .ARM.attributes
                0x000006b3       0x33 .\CortexM3\ARM_GCC_541\Release\ServoControl.a(cyutils.o)
 .ARM.attributes
                0x000006e6       0x2d c:/program files (x86)/cypress/psoc creator/4.1/psoc creator/import/gnu/arm/5.4.1/bin/../lib/gcc/arm-none-eabi/5.4.1/../../../../arm-none-eabi/lib/armv7-m\libg_nano.a(lib_a-errno.o)
 .ARM.attributes
                0x00000713       0x2d c:/program files (x86)/cypress/psoc creator/4.1/psoc creator/import/gnu/arm/5.4.1/bin/../lib/gcc/arm-none-eabi/5.4.1/../../../../arm-none-eabi/lib/armv7-m\libg_nano.a(lib_a-exit.o)
 .ARM.attributes
                0x00000740       0x2d c:/program files (x86)/cypress/psoc creator/4.1/psoc creator/import/gnu/arm/5.4.1/bin/../lib/gcc/arm-none-eabi/5.4.1/../../../../arm-none-eabi/lib/armv7-m\libg_nano.a(lib_a-impure.o)
 .ARM.attributes
                0x0000076d       0x2d c:/program files (x86)/cypress/psoc creator/4.1/psoc creator/import/gnu/arm/5.4.1/bin/../lib/gcc/arm-none-eabi/5.4.1/../../../../arm-none-eabi/lib/armv7-m\libg_nano.a(lib_a-init.o)
 .ARM.attributes
                0x0000079a       0x2d c:/program files (x86)/cypress/psoc creator/4.1/psoc creator/import/gnu/arm/5.4.1/bin/../lib/gcc/arm-none-eabi/5.4.1/../../../../arm-none-eabi/lib/armv7-m\libg_nano.a(lib_a-memcpy-stub.o)
 .ARM.attributes
                0x000007c7       0x2d c:/program files (x86)/cypress/psoc creator/4.1/psoc creator/import/gnu/arm/5.4.1/bin/../lib/gcc/arm-none-eabi/5.4.1/../../../../arm-none-eabi/lib/armv7-m\libg_nano.a(lib_a-memset.o)
 .ARM.attributes
                0x000007f4       0x2d c:/program files (x86)/cypress/psoc creator/4.1/psoc creator/import/gnu/arm/5.4.1/bin/../lib/gcc/arm-none-eabi/5.4.1/../../../../arm-none-eabi/lib/armv7-m\libg_nano.a(lib_a-sprintf.o)
 .ARM.attributes
                0x00000821       0x2d c:/program files (x86)/cypress/psoc creator/4.1/psoc creator/import/gnu/arm/5.4.1/bin/../lib/gcc/arm-none-eabi/5.4.1/../../../../arm-none-eabi/lib/armv7-m\libg_nano.a(lib_a-strcat.o)
 .ARM.attributes
                0x0000084e       0x17 c:/program files (x86)/cypress/psoc creator/4.1/psoc creator/import/gnu/arm/5.4.1/bin/../lib/gcc/arm-none-eabi/5.4.1/../../../../arm-none-eabi/lib/armv7-m\libg_nano.a(lib_a-strlen.o)
 .ARM.attributes
                0x00000865       0x2d c:/program files (x86)/cypress/psoc creator/4.1/psoc creator/import/gnu/arm/5.4.1/bin/../lib/gcc/arm-none-eabi/5.4.1/../../../../arm-none-eabi/lib/armv7-m\libg_nano.a(lib_a-nano-svfprintf.o)
 .ARM.attributes
                0x00000892       0x2d c:/program files (x86)/cypress/psoc creator/4.1/psoc creator/import/gnu/arm/5.4.1/bin/../lib/gcc/arm-none-eabi/5.4.1/../../../../arm-none-eabi/lib/armv7-m\libg_nano.a(lib_a-nano-vfprintf_i.o)
 .ARM.attributes
                0x000008bf       0x2d c:/program files (x86)/cypress/psoc creator/4.1/psoc creator/import/gnu/arm/5.4.1/bin/../lib/gcc/arm-none-eabi/5.4.1/../../../../arm-none-eabi/lib/armv7-m\libg_nano.a(lib_a-memchr-stub.o)
 .ARM.attributes
                0x000008ec       0x2d c:/program files (x86)/cypress/psoc creator/4.1/psoc creator/import/gnu/arm/5.4.1/bin/../lib/gcc/arm-none-eabi/5.4.1/../../../../arm-none-eabi/lib/armv7-m\libg_nano.a(lib_a-memmove.o)
 .ARM.attributes
                0x00000919       0x2d c:/program files (x86)/cypress/psoc creator/4.1/psoc creator/import/gnu/arm/5.4.1/bin/../lib/gcc/arm-none-eabi/5.4.1/../../../../arm-none-eabi/lib/armv7-m\libg_nano.a(lib_a-nano-freer.o)
 .ARM.attributes
                0x00000946       0x2d c:/program files (x86)/cypress/psoc creator/4.1/psoc creator/import/gnu/arm/5.4.1/bin/../lib/gcc/arm-none-eabi/5.4.1/../../../../arm-none-eabi/lib/armv7-m\libg_nano.a(lib_a-nano-mallocr.o)
 .ARM.attributes
                0x00000973       0x2d c:/program files (x86)/cypress/psoc creator/4.1/psoc creator/import/gnu/arm/5.4.1/bin/../lib/gcc/arm-none-eabi/5.4.1/../../../../arm-none-eabi/lib/armv7-m\libg_nano.a(lib_a-nano-reallocr.o)
 .ARM.attributes
                0x000009a0       0x2d c:/program files (x86)/cypress/psoc creator/4.1/psoc creator/import/gnu/arm/5.4.1/bin/../lib/gcc/arm-none-eabi/5.4.1/../../../../arm-none-eabi/lib/armv7-m\libg_nano.a(lib_a-sbrkr.o)
 .ARM.attributes
                0x000009cd       0x2d c:/program files (x86)/cypress/psoc creator/4.1/psoc creator/import/gnu/arm/5.4.1/bin/../lib/gcc/arm-none-eabi/5.4.1/../../../../arm-none-eabi/lib/armv7-m\libg_nano.a(lib_a-mlock.o)
 .ARM.attributes
                0x000009fa       0x2d c:/program files (x86)/cypress/psoc creator/4.1/psoc creator/import/gnu/arm/5.4.1/bin/../lib/gcc/arm-none-eabi/5.4.1/../../../../arm-none-eabi/lib/armv7-m\libg_nano.a(lib_a-nano-msizer.o)
 .ARM.attributes
                0x00000a27       0x2d c:/program files (x86)/cypress/psoc creator/4.1/psoc creator/import/gnu/arm/5.4.1/bin/../lib/gcc/arm-none-eabi/5.4.1/../../../../arm-none-eabi/lib/armv7-m\libg_nano.a(lib_a-reent.o)
 .ARM.attributes
                0x00000a54       0x2d c:/program files (x86)/cypress/psoc creator/4.1/psoc creator/import/gnu/arm/5.4.1/bin/../lib/gcc/arm-none-eabi/5.4.1/armv7-m/crtend.o
 .ARM.attributes
                0x00000a81       0x1d c:/program files (x86)/cypress/psoc creator/4.1/psoc creator/import/gnu/arm/5.4.1/bin/../lib/gcc/arm-none-eabi/5.4.1/armv7-m/crtn.o

/DISCARD/
 *(.note.GNU-stack)
OUTPUT(C:\Users\Nathan\Documents\MyBuilds\Flight Controller\ServoControl.cydsn\CortexM3\ARM_GCC_541\Release\ServoControl.elf elf32-littlearm)